01-19 23:01:39.049  4441  4441 I HoneySpace.TiltStackLayoutManager[80dd3c8]: doLayout() => pos: 3, layout: [-350, 243, 330, 1646], view: TaskView[8adbe], childCount: 4
01-19 23:01:39.050  4441  6533 W qdgralloc: getInterlacedFlag: getMetaData returned 3, defaulting to interlaced_flag = 0
01-19 23:01:39.051  2600  3349 D VibrationThread: Playing vibration id 93 on vibrator 0 CompleteEffectVibratorStep
01-19 23:01:39.051  2600  3349 D VibrationThread: Running complete vibration step on vibrator 0
01-19 23:01:39.051  2600  3349 D VibrationThread: Playing vibration id 93 on vibrator 0 TurnOffVibratorStep
01-19 23:01:39.051  2600  3349 D VibrationThread: Turning off vibrator 0
01-19 23:01:39.051  4441  4441 I InsetsSourceConsumer: applyRequestedVisibilityToControl: visible=true, type=navigationBars, host=com.sec.android.app.launcher/com.android.quickstep.RecentsActivity
01-19 23:01:39.051  1686  1686 E SecVibrator-HAL-AIDL-CORE: V_2_0: Vibrator off
01-19 23:01:39.052  4441  4441 I InsetsSourceConsumer: applyRequestedVisibilityToControl: visible=true, type=statusBars, host=com.sec.android.app.launcher/com.android.quickstep.RecentsActivity
01-19 23:01:39.052  1686  1686 E SecVibrator-HAL-AIDL-CORE: HW_API: do_off
01-19 23:01:39.052  1686  1686 E SecVibrator-HAL-AIDL-CORE: HW_API: [triggerForceFeedbackVibration]on: 0
01-19 23:01:39.052  2600  3349 D VibrationThread: Vibration 93 finished with EndInfo{status=FINISHED, endedBy=null}
01-19 23:01:39.052  2600  3349 D VibrationThread: Playing vibration id 93 FinishSequentialEffectStep (cleanup)
01-19 23:01:39.052  2600  3349 D VibrationThread: FinishSequentialEffectStep for effect #0
01-19 23:01:39.052  1754  1754 D SurfaceFlinger: Display 4630946662957460867 HWC layers:
01-19 23:01:39.052  1754  1754 D SurfaceFlinger:        CLIENT |           16389595201544 | 00000100 | RGBA_8888    |    0.0    0.0 1080.0 2340.0 |    0    0 1080 2340 | Wallpaper BBQ wrapper 5_system#80 (1)
01-19 23:01:39.052  1754  1754 D SurfaceFlinger:        CLIENT |           19073949761811 | 00002100 | RGBA_8888    |    0.0    0.0 1080.0 2340.0 |    0    0 1080 2340 | com.sec.android.app.launcher/com.sec[...]tivities.LauncherActivity$_4441#1813 (27)
01-19 23:01:39.052  1754  1754 D SurfaceFlinger:        DEVICE |           19073949761817 | 00002100 | RGBA_8888    |    0.0    0.0 1080.0 2340.0 |    0    0 1080 2340 | com.sec.android.app.launcher/com.android.quickstep.RecentsActivity$_4441#1821 (blurRegions) (2)
01-19 23:01:39.052  1754  1754 D SurfaceFlinger:        DEVICE |           16389595202096 | 00002100 | RGBA_8888    |    0.0    0.0 1080.0   84.0 |    0    0 1080   84 | StatusBar$_3816#102 (1734)
01-19 23:01:39.052  1754  1754 D SurfaceFlinger:        DEVICE |           19073949761787 | 00002100 | RGBA_8888    |    0.0    0.0   67.0  440.0 | 1013  638 1080 1078 | com.sec.android.app.launcher/com.sam[...]el.app.CocktailBarService$_4441#1648 (1)
01-19 23:01:39.052  1754  1754 D SurfaceFlinger:        DEVICE |           16389595202108 | 00002100 
01-19 23:01:39.052  1754  1754 D SurfaceFlinger: | RGBA_8888    |    0.0    0.0 1080.0  162.0 |    0 2178 1080 2340 | NavigationBar0$_3816#98 (1895)
01-19 23:01:39.052  1754  1754 D SurfaceFlinger: 
01-19 23:01:39.053  1754  2518 I SurfaceFlinger: id=1814 Removed Surface(name=cb92797 NavigationBar0)/@0x9eaac77 - animation-leash of insets_animation#1814 (154)
01-19 23:01:39.053  1754  2402 D SurfaceFlinger: [input] setFocusedWindow: ebe4354 com.sec.android.app.launcher/com.android.quickstep.RecentsActivity
01-19 23:01:39.053  1754  2518 I SurfaceFlinger: id=1815 Removed Surface(name=aeb94d6 StatusBar)/@0x6b27c02 - animation-leash of insets_animation#1815 (154)
01-19 23:01:39.053  2600  4445 D InputDispatcher: Once focus requested (0): ebe4354 com.sec.android.app.launcher/com.android.quickstep.RecentsActivity
01-19 23:01:39.053  2600  4445 D InputDispatcher: Focus request (0): ebe4354 com.sec.android.app.launcher/com.android.quickstep.RecentsActivity but waiting because NO_WINDOW
01-19 23:01:39.053  2600  3349 D VibratorManagerService: VibrationThread released vibration 93
01-19 23:01:39.053  2600  3349 D VibratorManagerService: Finish AppOp mode VIBRATE for uid 1000 and package android
01-19 23:01:39.053  2600  3349 D VibratorManagerService: Vibration for uid=1000 and with attrs=VibrationAttributes{mUsage=TOUCH, mAudioUsage= USAGE_UNKNOWN, mFlags=0, tags=} ended with status FINISHED
01-19 23:01:39.058  2600  2897 I ActivityManager: Changes in 10337 10 to 10, 0 to 128
01-19 23:01:39.058  6168  6231 I dxli    : (REDACTED) appOpsListener %s %s
01-19 23:01:39.059  6168  6231 I dxli    : (REDACTED) Ignoring irrelevant audio permission changes for package %s
01-19 23:01:39.059  4783  4876 I RequestManager_FLP: onOpChanged, op=0 / packageName=com.tencent.mm
01-19 23:01:39.059  2600  6577 I ActivityManager: Changes in 10337 10 to 10, 128 to 0
01-19 23:01:39.065  1754  1754 I SurfaceFlinger: destroyed Surface(name=cb92797 NavigationBar0)/@0x9eaac77 - animation-leash of insets_animation#1814 form LifecycleManager
01-19 23:01:39.065  1754  1754 I SurfaceFlinger: destroyed Surface(name=aeb94d6 StatusBar)/@0x6b27c02 - animation-leash of insets_animation#1815 form LifecycleManager
01-19 23:01:39.065  1754  1754 I SurfaceFlinger: id=1814 onLayerDestroyed from LayerHierarchyBuilder(RequestedLayerState{Surface(name=cb92797 NavigationBar0)/@0x9eaac77 - animation-leash of insets_animation#1814 !handle})
01-19 23:01:39.065  1754  1754 I SurfaceFlinger: id=1815 onLayerDestroyed from LayerHierarchyBuilder(RequestedLayerState{Surface(name=aeb94d6 StatusBar)/@0x6b27c02 - animation-leash of insets_animation#1815 !handle})
01-19 23:01:39.065  4441  4441 I HoneySpace.SubViewsProgressRepositoryImpl: taskLaunchProgress: 0.0, recentsEnteringProgress: 0.0
01-19 23:01:39.065  4441  4441 I HoneySpace.CloseAllProgressRepositoryImpl: taskLaunchProgress: 0.0, recentsEnteringProgress: 0.0
01-19 23:01:39.065  1754  1754 I Layer   : id=1814 Destroyed Surface(name=cb92797 NavigationBar0)/@0x9eaac77 - animation-leash of insets_animation#1814
01-19 23:01:39.065  1754  1754 I Layer   : id=1815 Destroyed Surface(name=aeb94d6 StatusBar)/@0x6b27c02 - animation-leash of insets_animation#1815
01-19 23:01:39.067  4441  6533 W qdgralloc: getInterlacedFlag: getMetaData returned 3, defaulting to interlaced_flag = 0
01-19 23:01:39.079  2600 15183 D PerProcessNandswap$NandswapHandler: nandswap end for non-activity com.sec.android.app.sbrowser:privileged_process0(pid 791) ret:36865286144 adj:930
01-19 23:01:39.082  1754  1754 E SurfaceFlinger: alpha changed 0.000 -> 0.007 - Surface(name=Task=11)/@0xddfbe00_transition-leash#1825
01-19 23:01:39.082  4441  4441 I HoneySpace.SuggestedAppsProgressRepositoryImpl: taskLaunchProgress: 0.0, recentsEnteringProgress: 0.0, timeoutProgress: 0.0, enabledProgress: 1.0, closeRecentsProgress: 0.0
01-19 23:01:39.082  4441  4441 I HoneySpace.SuggestedAppsProgressRepositoryImpl: taskLaunchProgress: 0.0, recentsEnteringProgress: 0.0, timeoutProgress: 0.0, enabledProgress: 1.0, closeRecentsProgress: 0.0
01-19 23:01:39.085  2600  6577 D InputDispatcher: Focus entered window (0): ebe4354 com.sec.android.app.launcher/com.android.quickstep.RecentsActivity
01-19 23:01:39.086  4441  4441 I InputMethodManager: startInputInner - IInputMethodManagerGlobalInvoker.startInputOrWindowGainedFocus
01-19 23:01:39.087  2600  3410 V InputMethodManagerService: startInputOrWindowGainedFocusInternalLocked: reason=WINDOW_FOCUS_GAIN client=android.os.BinderProxy@50d9c27 inputContext=null editorInfo=android.view.inputmethod.EditorInfo@8ec592a startInputFlags=VIEW_HAS_FOCUS|INITIAL_CONNECTION softInputMode=STATE_UNSPECIFIED|ADJUST_RESIZE windowFlags=#81910100 unverifiedTargetSdkVersion=36 bindingController=com.android.server.inputmethod.InputMethodBindingController@fe34339 imeDispatcher=android.window.ImeOnBackInvokedDispatcher@48f31b cs=ClientState{d9346f2 mUid=10154 mPid=4441 mSelfReportedDisplayId=0} imeRequestedVisible=false
01-19 23:01:39.087  2600  3410 V InputMethodManagerService: setWindowStateInner, windowToken=android.os.BinderProxy@50a52a7, state=ImeTargetWindowState{ imeToken null imeFocusChanged true hasEditorFocused false requestedImeVisible false imeDisplayId 0 softInputModeState STATE_UNSPECIFIED|ADJUST_RESIZE isStartInputByGainFocus true}
01-19 23:01:39.087  2600  3410 V InputMethodManagerService: Unspecified window will hide input
01-19 23:01:39.087  2600  3410 I ImeTracker: com.sec.android.app.launcher:87894a0d: onRequestHide at ORIGIN_SERVER reason HIDE_UNSPECIFIED_WINDOW fromUser false
01-19 23:01:39.087  2600  3410 V InputMethodManagerService: applyImeVisibility state=6
01-19 23:01:39.087  2600  3410 D SemInputMethodManagerServiceUtil: restorePreviousUsedInputMethod : failed to return the previous ime becuase the stored info is null or do not need restore
01-19 23:01:39.087  2600  3410 V InputMethodManagerService: semComputeImeDisplayIdForTarget: displayToShowIme=0
01-19 23:01:39.087  2600  3410 V InputMethodManagerService: Creating new accessibility sessions for client ClientState{d9346f2 mUid=10154 mPid=4441 mSelfReportedDisplayId=0}
01-19 23:01:39.087  4441  4441 I InputMethodManager: handleMessage: setImeVisibility visible=false
01-19 23:01:39.087  2600  3410 D InputMethodManagerService: isImeSwitcherDisabledPackage : false
01-19 23:01:39.087  4441  4441 I ImeTracker: com.sec.android.app.launcher:87894a0d: onCancelled at PHASE_CLIENT_ALREADY_HIDDEN
01-19 23:01:39.087  2600  3410 D InputMethodManagerService: shouldShowImeSwitcherLocked : checking vis : 3
01-19 23:01:39.087  2600  3410 D InputMethodManagerService: checkDisplayOfStartInputAndUpdateKeyboard: displayId=0, mFocusedDisplayId=0
01-19 23:01:39.088  2600  3410 D InputTransport: Input channel constructed: 'ClientS', fd=1367
01-19 23:01:39.088  2600  3410 D InputTransport: Input channel destroyed: 'ClientS', fd=1367
01-19 23:01:39.088  7628  7628 I HBD     : HoneyBoardService onFinishInput 
01-19 23:01:39.088  2600  6577 D RestrictionPolicy: isScreenCaptureEnabled : ret=true userId=0
01-19 23:01:39.088  7628  7628 I HBD     : a IC have been unbinding,  RemoteInputConnection{idHash=#846dfeb}
01-19 23:01:39.088  7628  7628 I HBD     : HoneyBoardService [PF_CL][onFinishInput]  0 ms 
01-19 23:01:39.088  2600  6577 I WindowManager: Cancelling animation restarting=true, leash=Surface(name=Surface(name=4b864c1 InputMethod)/@0x5e6edc0 - animation-leash of insets_animation)/@0x94420e8
01-19 23:01:39.088  2600  6577 I WindowManager: Reparenting to original parent: Surface(name=WindowToken{ea2aeea type=2011 android.os.Binder@c5176d5})/@0x243eaf9, destroy=false, surface=Surface(name=4b864c1 InputMethod)/@0x5e6edc0
01-19 23:01:39.088  7628  7628 I HBD     : HoneyBoardService [IMI] onStartInput - caller pid : 4441 , caller uid : 10154 
01-19 23:01:39.088  7628  7628 I HBD     : k updateConfigs 
01-19 23:01:39.088  7628  7628 I HBD     : k isEnabledNightMode : false 
01-19 23:01:39.088  2600  6577 I WindowManager: Reparenting to leash, surface=Surface(name=4b864c1 InputMethod)/@0x5e6edc0, leashParent=Surface(name=WindowToken{ea2aeea type=2011 android.os.Binder@c5176d5})/@0x243eaf9
01-19 23:01:39.088  7628  7628 I HBD     : a IC have been binding, RemoteInputConnection{idHash=#846dfeb} 
01-19 23:01:39.088  7628  7628 I HBD     : h [EditorInputType]setPrivateImeOptionsToTable privateImeOptions ( null )
01-19 23:01:39.088  7628  7628 I HBD     : b incognitoMode : false 
01-19 23:01:39.088  7628  7628 I HBD     : c needOff = true , isForceOff = false, isNullInputClass : true 
01-19 23:01:39.088  7628  7628 I HBD     : h getDefaultInputRange : UNKNOWN 
01-19 23:01:39.088  7628  7628 I HBD     : h getDefaultInputRange : UNKNOWN 
01-19 23:01:39.089  7628  7628 I HBD     : h getDefaultInputRange : UNKNOWN 
01-19 23:01:39.089  1754  2518 I SurfaceFlinger: id=1827 createSurf, flag=24004, Surface(name=4b864c1 InputMethod)/@0x5e6edc0 - animation-leash of insets_animation#1827
01-19 23:01:39.089  2600  6577 D WindowManager: makeSurface duration=0 leash=Surface(name=Surface(name=4b864c1 InputMethod)/@0x5e6edc0 - animation-leash of insets_animation)/@0x879a5f7
01-19 23:01:39.089  2600  6577 D InsetsSourceProvider: updateControlForTarget: control=InsetsSourceControl: {3 mType=ime mSurfacePosition=Point(0, 84) mInsetsHint=Insets{left=0, top=0, right=0, bottom=1150}}, target=Window{ebe4354 u0 com.sec.android.app.launcher/com.android.quickstep.RecentsActivity}, from=com.android.server.wm.ImeInsetsSourceProvider.updateControlForTarget:17 com.android.server.wm.InsetsStateController.onControlTargetChanged:83 com.android.server.wm.DisplayContent.updateImeControlTarget:21 com.android.server.wm.DisplayContent.updateImeInputAndControlTarget:156 com.android.server.wm.WindowManagerService$LocalService.updateInputMethodTargetWindow:64 
01-19 23:01:39.089  2600  6577 I ImeTracker: system_server:3dda93e: onRequestHide at ORIGIN_SERVER reason IME_REQUESTED_CHANGED_LISTENER fromUser false
01-19 23:01:39.089  7628  7628 I HBD     : c needOff = true , isForceOff = false, isNullInputClass : true 
01-19 23:01:39.089  7628  7628 I HBD     : c update cached prediction status : false 
01-19 23:01:39.089  7628  7628 I HBD     : h getDefaultInputRange : UNKNOWN 
01-19 23:01:39.089  7628  7628 I HBD     : a currentState : 0 
01-19 23:01:39.089  2600  2874 V InputMethodManagerService: Client requesting input be hidden
01-19 23:01:39.089  7628  7628 I HBD     : a [UpdatePolicy] [post] a: 0 cl: 65537 kit: [0/0] vt: 0 ir: 1 
01-19 23:01:39.089  2600  2874 V InputMethodManagerService: setWindowStateInner, windowToken=android.os.BinderProxy@50a52a7, state=ImeTargetWindowState{ imeToken android.os.Binder@fe5becd imeFocusChanged true hasEditorFocused false requestedImeVisible false imeDisplayId 0 softInputModeState STATE_UNSPECIFIED|ADJUST_RESIZE isStartInputByGainFocus true}
01-19 23:01:39.089  2600  2874 I ImeTracker: system_server:3dda93e: onCancelled at PHASE_SERVER_SHOULD_HIDE
01-19 23:01:39.089  2600  2874 V InputMethodManagerService: hideCurrentInputLocked : canceled, shouldHideSoftInput=false, mInputShown=false, mImeWindowVis=0
01-19 23:01:39.089  2600  2875 D SurfaceComposerClient: setCornerRadius ## ebe4354 com.sec.android.app.launcher/com.android.quickstep.RecentsActivity#1178 cornerRadius=0.000000
01-19 23:01:39.090  7628  7628 I HBD     : a [NRIC] resetNoResponseState 
01-19 23:01:39.090  7628  7628 I HBD     : c needOff = true , isForceOff = false, isNullInputClass : true 
01-19 23:01:39.090  7628  7628 I HBD     : c update cached prediction status : false 
01-19 23:01:39.090  7628  7628 I HBD     : b [AiWriter] setContact : com.sec.android.app.launcher
01-19 23:01:39.090  7628  7628 I HBD     : HoneyBoardService [PF_OP][onStartInput]  2 ms 
01-19 23:01:39.094  6414  7071 I SDHMS:k : onTaskStackChanged
01-19 23:01:39.094  4441 28838 I HoneySpace.RecentTasks: onRecentTasksChanged
01-19 23:01:39.094  1738  2959 I SoundBoosterEffectPlus: SB_setVolume(0xb400006ee0179010)
01-19 23:01:39.094  1738  2959 I SoundBoosterEffectPlus: command EFFECT_CMD_SET_VOLUME left = 0.000000, right =0.000000
01-19 23:01:39.094  1738  2959 I SoundBooster_Interface2000_a64: BuffClear() mMode: 0
01-19 23:01:39.094  1738  2959 I SoundBoosterEffectPlus: SB_reset SoundBooster sessionId(-29001)
01-19 23:01:39.095  1738  2959 I SAG_EQ a64: SetVolumeFloat() inst_num [1102520059] VolumeFloat [-100.000000] mModeFW [0] mMode [0]
01-19 23:01:39.095  1738  2959 I SAG_EQ a64: mIsVolumeTableValid yes 
01-19 23:01:39.095  1738  2959 I SAG_EQ a64: SetVolume() VolumeIndexInt [1] 
01-19 23:01:39.098  1738  2133 V APM_AudioPolicyManager: stopOutput portId 92
01-19 23:01:39.098  1738  2133 V APM_AudioPolicyManager: stopOutput() output 29, stream 1, session 665
01-19 23:01:39.098  1738  2133 V APM_AudioPolicyManager: setBeaconMute(1) mBeaconMuteRefCount=0 mBeaconPlayingRefCount=0
01-19 23:01:39.098  1738  2133 V APM_AudioPolicyManager: getNewOutputDevices selected devices AUDIO_DEVICE_NONE
01-19 23:01:39.098  1738  2133 V APM_AudioPolicyManager: setOutputDevices caller stopSource[[portId:7][io:29, fast]] device AUDIO_DEVICE_NONE delayMs 122
01-19 23:01:39.098  1608  1636 I AHAL: AudioStream: out_update_source_metadata_v7: 1265: track count is 0
01-19 23:01:39.098  1738  2133 V APM_AudioPolicyManager: setOutputDevices caller stopSource[[portId:7][io:29, fast]] setting same device AUDIO_DEVICE_NONE or null device, force=0, patch handle=8
01-19 23:01:39.098  1754  1754 I SurfaceFlinger: [Surface(name=4b864c1 InputMethod)/@0x5e6edc0 - animation-leash of insets_animation#1827] attach to parent LayerHierarchy{RequestedLayerState{WindowToken{ea2aeea type=2011 android.os.Binder@c5176d5}#123 parentId=15} 2 children}
01-19 23:01:39.098  1738  2133 V APM_AudioPolicyManager: selectOutputForMusicEffects selected output 13
01-19 23:01:39.102  6822  6822 I bosi    : onPause
01-19 23:01:39.115  1754  1754 I SurfaceFlinger: RequestedLayer [Surface(name=4b864c1 InputMethod)/@0[...]ation-leash of insets_animation#1827] hidden!! flag  from(1) --> to(0)
01-19 23:01:39.115  1754  1754 E SurfaceFlinger: alpha changed 1.000 -> 0.000 - Surface(name=4b864c1 InputMethod)/@0x5e6edc0 - animation-leash of insets_animation#1827
01-19 23:01:39.115  1754  1754 I SurfaceFlinger: [LayerHierarchy{RequestedLayerState{ImeContainer#15 parentId=225 relativeParentId=1178 z=1} 1 children}] reparent to LayerHierarchy{RequestedLayerState{ActivityRecord{174310897 u0 com.sec.android.app.launcher/com.android.quickstep.RecentsActivity t11}#225 parentId=224} 3 children}
01-19 23:01:39.115  1754  1754 I SurfaceFlinger: [LayerHierarchy{RequestedLayerState{ImeContainer#15 parentId=225 relativeParentId=1178 z=1} 1 children}] RelativeParent to LayerHierarchy{RequestedLayerState{ebe4354 com.sec.android.app.launcher/com.android.quickstep.RecentsActivity#1178 parentId=225} 2 children}
01-19 23:01:39.115  1754  1754 I SurfaceFlinger: [LayerHierarchy{RequestedLayerState{4b864c1 InputMethod#136 parentId=1827} no children}] reparent to LayerHierarchy{RequestedLayerState{Surface(name=4b864c1 InputMethod)/@0x5e6edc0 - animation-leash of insets_animation#1827 parentId=123} 1 children}
01-19 23:01:39.115  1754  1754 I SurfaceFlinger: [LayerHierarchy{RequestedLayerState{Surface(name=4b864c1 InputMethod)/@0x5e6edc0 - animation-leash of insets_animation#1820} no children}] reparent to OffscreenRoot
01-19 23:01:39.115  1754  1754 I SurfaceFlinger: [LayerHierarchy{RequestedLayerState{Surface(name=4b864c1 InputMethod)/@0x5e6edc0 - animation-leash of insets_animation#1820} no children}] RelativeParent to null
01-19 23:01:39.116  1754  1856 I SurfaceFlinger: id=1820 Removed Surface(name=4b864c1 InputMethod)/@0x5e6edc0 - animation-leash of insets_animation#1820 (153)
01-19 23:01:39.121  7628  7628 I InputMethodService: scheduleImeSurfaceRemoval: removeImeSurface is posted.
01-19 23:01:39.132  1754  1754 I SurfaceFlinger: destroyed Surface(name=4b864c1 InputMethod)/@0x5e6edc0 - animation-leash of insets_animation#1820 form LifecycleManager
01-19 23:01:39.132  1754  1754 I SurfaceFlinger: id=1820 onLayerDestroyed from LayerHierarchyBuilder(RequestedLayerState{Surface(name=4b864c1 InputMethod)/@0x5e6edc0 - animation-leash of insets_animation#1820 !handle})
01-19 23:01:39.132  1754  1754 I Layer   : id=1820 Destroyed Surface(name=4b864c1 InputMethod)/@0x5e6edc0 - animation-leash of insets_animation#1820
01-19 23:01:39.134  4441  6533 W qdgralloc: getInterlacedFlag: getMetaData returned 3, defaulting to interlaced_flag = 0
01-19 23:01:39.209  2600  2600 I GestureDetector: handleMessage TAP
01-19 23:01:39.210  2600  2872 I GestureDetector: handleMessage TAP
01-19 23:01:39.261  1614 32170 I sensors-hal: handle_sns_std_sensor_event:409, [SSC_LIGHT] P: 135(135),c:54,b:72,m:13,cl:10,l:134,s:132,l0:21376,l1:32,s0:19500,s1:0,acl:1,opr:0.56,f(r):89,u(bl):100,if:0,wi:0,si:0,po:0(N:0)
01-19 23:01:39.261  1614  3759 I sensors-hal: handle_sns_std_sensor_event:131, [SSC_LIGHT] A: 135(135),c:54,b:72,m:13,cl:10,l:134,s:132,l0:21376,l1:32,s0:19500,s1:0,acl:1,opr:0.56,f(r):89,u(bl):100,if:0,wi:0,si:0,po:0(N:0)
01-19 23:01:39.316  4441  4441 I HoneySpace.OneUiSpace: end recents enter animation
01-19 23:01:39.332  4441  4441 I HoneySpace.EdgePanel.EdgeVisibilityRepository: getComputedTrayVisible : keyguardState = 1
01-19 23:01:39.332  4441  4441 I HoneySpace.EdgePanel.EdgeVisibilityRepository: updateTrayVisible: State = 0x1, visible = true, current containerState = 0, specificMode = 0
01-19 23:01:39.332  4441  4441 I HoneySpace.EdgePanel.EdgeVisibilityRepository: Same container state 0
01-19 23:01:39.337  1626  2482 I HYPER-HAL: [RequestManager.cpp]releaseLocked(): Released ID : 3433530
01-19 23:01:39.350  4441  4441 I HoneySpace.RecentsOpenAnimationDelegate: doOnEnd
01-19 23:01:39.350  4441  4441 I HoneySpace.AnimationResult: finish, false
01-19 23:01:39.352  4441  8908 I HoneySpace.AnimationResult: asyncFinishRunnable run
01-19 23:01:39.352  3816  3938 V WindowManagerShell: Transition animation finished (aborted=false), notifying core (#149) android.os.BinderProxy@8ce0e26@0
01-19 23:01:39.352  3816  3938 I SurfaceControlRegistry: apply, t=FinishTransaction_SyncId<149>, caller=android.view.SurfaceControl$Transaction.apply:3459 android.view.SurfaceControl$Transaction.apply:3447 android.view.SurfaceControl$Transaction.apply:3397 com.android.wm.shell.transition.Transitions.onFinish:315 com.android.wm.shell.transition.Transitions$$ExternalSyntheticLambda7.onTransitionFinished:18 com.android.wm.shell.transition.RemoteTransitionHandler$1$$ExternalSyntheticLambda0.run:78 
01-19 23:01:39.353  4441  4441 I HoneySpace.ShellTransitionManager: open normal end
01-19 23:01:39.353  4441  4441 I HoneySpace.OneUiSpace: recents opening finished
01-19 23:01:39.353  4441  4441 I HoneySpace.OneUiSpace: reset complete
01-19 23:01:39.353  4441  4441 I HoneySpace.ShellAnimationRunner: setDelegate, delegate-null, strong-false
01-19 23:01:39.353  4441  4441 I HoneySpace.RunnableList: executeAllAndClear() called, size: 1
01-19 23:01:39.354  4441 28838 I HoneySpace.ShellAnimationRunner: cleanUp: null, null
01-19 23:01:39.354  4441  4441 I HoneySpace.AnimationResult: completeCallback run
01-19 23:01:39.354  2600  4445 V WindowManager: Finish Transition: TransitionRecord{eb36a37 id=149 type=OPEN flags=0x0 c=[
01-19 23:01:39.354  2600  4445 V WindowManager:    ChangeInfo{ab9a4c2 container=Task{5d4057 #11 type=recents I=com.sec.android.app.launcher/com.android.quickstep.RecentsActivity} flags=0x30}
01-19 23:01:39.354  2600  4445 V WindowManager:    ChangeInfo{14a72d3 container=ActivityRecord{11645928 u0 com.sec.android.app.launcher/.activities.LauncherActivity t8} flags=0x0}
01-19 23:01:39.354  2600  4445 V WindowManager:    ChangeInfo{de15e10 container=Display{#0 state=ON size=1080x2340 ROTATION_0} flags=0x0}
01-19 23:01:39.354  2600  4445 V WindowManager:    ChangeInfo{3fe1d09 container=DefaultTaskDisplayArea_d0@68583129 flags=0x0}
01-19 23:01:39.354  2600  4445 V WindowManager:    ChangeInfo{e014b0e container=WallpaperWindowToken{7f6c8e2 showWhenLocked=true}_<lock> flags=0x0}
01-19 23:01:39.354  2600  4445 V WindowManager:    ChangeInfo{63f692f container=Task{8a4b88c #8 type=home I=com.sec.android.app.launcher/.activities.LauncherActivity} flags=0x10}
01-19 23:01:39.354  2600  4445 V WindowManager:    ChangeInfo{4664b3c container=ActivityRecord{172698532 u0 com.sec.android.app.launcher/com.android.quickstep.RecentsActivity t-1} flags=0x0}
01-19 23:01:39.354  2600  4445 V WindowManager:    ChangeInfo{6e280c5 container=ActivityRecord{174310897 u0 com.sec.android.app.launcher/com.android.quickstep.RecentsActivity t11} flags=0x0}
01-19 23:01:39.354  2600  4445 V WindowManager:    ChangeInfo{f0b0a1a container=WallpaperWindowToken{e129001 showWhenLocked=false}_<system> flags=0x0}
01-19 23:01:39.354  2600  4445 V WindowManager:    ChangeInfo{ee3694b container=RemoteWallpaperAnim:1:1@241803451 flags=0x0}
01-19 23:01:39.354  2600  4445 V WindowManager:    ChangeInfo{beadf28 container=Task{f019d25 #1 type=home} flags=0x10}
01-19 23:01:39.354  2600  4445 V WindowManager: ]
01-19 23:01:39.354  2600  4445 V WindowManager: }, caller=com.android.server.wm.WindowOrganizerController.finishTransitionInner:31 com.android.server.wm.WindowOrganizerController.finishAllTransitions:60 android.window.IWindowOrganizerController$Stub.onTransact:283 
01-19 23:01:39.354  2600  2871 V WindowManager: Finish Transition (#149): created at 01-19 23:01:38.990 collect-started=0.245ms request-sent=5.266ms started=7.325ms ready=7.306ms sent=43.1ms commit=16.639ms finished=364.107ms
01-19 23:01:39.355  2600  4445 V WindowManager: Setting visibility of Window{cd83066 u0 com.sec.android.app.launcher/com.sec.android.app.launcher.activities.LauncherActivity}: false, caller=com.android.server.wm.WindowContainer.sendAppVisibilityToClients:19 com.android.server.wm.WindowToken.setClientVisible:48 com.android.server.wm.ActivityRecord.commitVisibility:186 com.android.server.wm.TransitionController.finishTransition:846 com.android.server.wm.WindowOrganizerController.finishTransitionInner:31 
01-19 23:01:39.357  2600  4445 D ChangeTransitionController: onTransitionFinished: TransitionRecord{eb36a37 id=149 type=OPEN flags=0x0 c=[
01-19 23:01:39.357  2600  4445 D ChangeTransitionController:    ChangeInfo{ab9a4c2 container=Task{5d4057 #11 type=recents I=com.sec.android.app.launcher/com.android.quickstep.RecentsActivity} flags=0x30}
01-19 23:01:39.357  2600  4445 D ChangeTransitionController:    ChangeInfo{14a72d3 container=ActivityRecord{11645928 u0 com.sec.android.app.launcher/.activities.LauncherActivity t8} flags=0x0}
01-19 23:01:39.357  2600  4445 D ChangeTransitionController:    ChangeInfo{de15e10 container=Display{#0 state=ON size=1080x2340 ROTATION_0} flags=0x0}
01-19 23:01:39.357  2600  4445 D ChangeTransitionController:    ChangeInfo{3fe1d09 container=DefaultTaskDisplayArea_d0@68583129 flags=0x0}
01-19 23:01:39.357  2600  4445 D ChangeTransitionController:    ChangeInfo{e014b0e container=WallpaperWindowToken{7f6c8e2 showWhenLocked=true}_<lock> flags=0x0}
01-19 23:01:39.357  2600  4445 D ChangeTransitionController:    ChangeInfo{63f692f container=Task{8a4b88c #8 type=home I=com.sec.android.app.launcher/.activities.LauncherActivity} flags=0x10}
01-19 23:01:39.357  2600  4445 D ChangeTransitionController:    ChangeInfo{4664b3c container=ActivityRecord{172698532 u0 com.sec.android.app.launcher/com.android.quickstep.RecentsActivity t-1} flags=0x0}
01-19 23:01:39.357  2600  4445 D ChangeTransitionController:    ChangeInfo{6e280c5 container=ActivityRecord{174310897 u0 com.sec.android.app.launcher/com.android.quickstep.RecentsActivity t11} flags=0x0}
01-19 23:01:39.357  2600  4445 D ChangeTransitionController:    ChangeInfo{f0b0a1a container=WallpaperWindowToken{e129001 showWhenLocked=false}_<system> flags=0x0}
01-19 23:01:39.357  2600  4445 D ChangeTransitionController:    ChangeInfo{ee3694b container=RemoteWallpaperAnim:1:1@241803451 flags=0x0}
01-19 23:01:39.357  2600  4445 D ChangeTransitionController:    ChangeInfo{beadf28 container=Task{f019d25 #1 type=home} flags=0x10}
01-19 23:01:39.357  2600  4445 D ChangeTransitionController: ]
01-19 23:01:39.357  2600  4445 D ChangeTransitionController: }
01-19 23:01:39.358  3816  3938 V WindowManagerShell: Track 0 became idle
01-19 23:01:39.358  3816  3938 V WindowManagerShell: All active transition animations finished
01-19 23:01:39.359  2600  2875 D SurfaceComposerClient: setCornerRadius ## ebe4354 com.sec.android.app.launcher/com.android.quickstep.RecentsActivity#1178 cornerRadius=0.000000
01-19 23:01:39.361  2600  2874 D PowerManagerService: [api] setScreenDimDurationOverrideFromWindowManagerInternal: timeoutMillis: -1
01-19 23:01:39.366  1754  1754 E SurfaceFlinger: alpha changed 0.008 -> 0.000 - Surface(name=Task=1)/@0x2deb5ad_transition-leash#1826
01-19 23:01:39.366  3816  3816 D SystemUIService: SYSUI_RAM_OPTIMIZATION onTrimMemory=20
01-19 23:01:39.366  3816  3816 D CentralSurfaces: SYSUI_RAM_OPTIMIZATION onTrimMemory=20
01-19 23:01:39.366  1754  1754 I SurfaceFlinger: RequestedLayer [Task=1#53] hidden!! flag  from(0) --> to(1)
01-19 23:01:39.366  1754  1754 I SurfaceFlinger: [Display 0 name=""#49] setFrameRateCategory: Default
01-19 23:01:39.366  1754  1754 I SurfaceFlinger: [LayerHierarchy{RequestedLayerState{Task=1#53 parentId=10} 2 children}] reparent to LayerHierarchy{RequestedLayerState{DefaultTaskDisplayArea_d0#10 parentId=9} 11 children}
01-19 23:01:39.366  1754  1754 I SurfaceFlinger: [LayerHierarchy{RequestedLayerState{Task=11#224 parentId=10 z=8} 1 children}] reparent to LayerHierarchy{RequestedLayerState{DefaultTaskDisplayArea_d0#10 parentId=9} 12 children}
01-19 23:01:39.366  3816  4144 D HWUI    : CacheManager::trimMemory(20)
01-19 23:01:39.366  1754  1754 I SurfaceFlinger: [LayerHierarchy{RequestedLayerState{Transition Root: Task=11#1824 z=8} 2 children}] reparent to OffscreenRoot
01-19 23:01:39.366  1754  1754 I SurfaceFlinger: [LayerHierarchy{RequestedLayerState{Transition Root: Task=11#1824 z=8} 2 children}] RelativeParent to null
01-19 23:01:39.368  1754  1754 I SurfaceFlinger: id=1824 Removed Transition Root: Task=11#1824 (152)
01-19 23:01:39.369  2600  2874 I DisplayDeviceRepository: Display device changed render timings: "Built-in Screen", renderFrameRate=60.000004, presentationDeadlineNanos=17666666, appVsyncOffsetNanos=16666666, frameRateOverrides=[]
01-19 23:01:39.370  4441  4441 I VRI[LauncherActivity]@c45736a: handleAppVisibility mAppVisible = true visible = false
01-19 23:01:39.370  4441  4441 I SearchHoneyPot: onViewCreated: onStop
01-19 23:01:39.370  4441  6756 I HoneySpace.HoneyAppWidgetHost: stopListening, host: @a569fc7, hostId: 1024
01-19 23:01:39.370  4441  4441 I HoneySpace.ContentsAnimator: end call
01-19 23:01:39.371  4441  4441 I HoneySpace.BlurAnimator: end
01-19 23:01:39.371  4441  4441 I HoneySpace.BlurAnimator: reset
01-19 23:01:39.371  4441  4441 I VRI[LauncherActivity]@c45736a: stopped(true) old = false
01-19 23:01:39.371  2600  6577 I AppWidgetServiceImpl: stopListening callbacks : null
01-19 23:01:39.371  2600  2875 D SurfaceComposerClient: setCornerRadius ## ebe4354 com.sec.android.app.launcher/com.android.quickstep.RecentsActivity#1178 cornerRadius=0.000000
01-19 23:01:39.372  4441  4441 I HoneySpace.Launcher: !@Boot_EBS_D: Launcher.onStop()
01-19 23:01:39.372  4441  6662 I HoneySpace.Memory-Monitor: scheduleTrim delayTime=30000
01-19 23:01:39.372  3816  3816 D DisplayLifecycle: updateDisplay id = 0
01-19 23:01:39.373  4441  4441 I HoneySpace.OneUiSpace: onSaveInstanceState honeyScreen=p4.Y@d080715
01-19 23:01:39.373  3816  4043 D StackScroller: onDisplayChanged for predraw skip to 2
01-19 23:01:39.374  2600  6577 D WifiDisplayAdapter: isFitToActiveDisplayLocked : false
01-19 23:01:39.375  2600  4445 I ActivityManager: Changes in 99034 3 to 19, 184 to 128
01-19 23:01:39.375  1754  1754 D SurfaceFlinger: Display 4630946662957460867 HWC layers:
01-19 23:01:39.375  1754  1754 D SurfaceFlinger:        CLIENT |           16389595201544 | 00000100 | RGBA_8888    |    0.0    0.0 1080.0 2340.0 |    0    0 1080 2340 | Wallpaper BBQ wrapper 5_system#80 (1)
01-19 23:01:39.375  1754  1754 D SurfaceFlinger:        DEVICE |           19073949761814 | 00002100 | RGBA_8888    |    0.0    0.0 1080.0 2340.0 |    0    0 1080 2340 | com.sec.android.app.launcher/com.android.quickstep.RecentsActivity$_4441#1821 (blurRegions) (20)
01-19 23:01:39.375  1754  1754 D SurfaceFlinger:        DEVICE |           16389595202096 | 00002100 | RGBA_8888    |    0.0    0.0 1080.0   84.0 |    0    0 1080   84 | StatusBar$_3816#102 (1734)
01-19 23:01:39.375  1754  1754 D SurfaceFlinger:        DEVICE |           19073949761787 | 00002100 | RGBA_8888    |    0.0    0.0   67.0  440.0 | 1013  638 1080 1078 | com.sec.android.app.launcher/com.sam[...]el.app.CocktailBarService$_4441#1648 (1)
01-19 23:01:39.375  1754  1754 D SurfaceFlinger:        DEVICE |           16389595202105 | 00002100 | RGBA_8888    |    0.0    0.0 1080.0  162.0 |    0 2178 1080 2340 | NavigationBar0$_3816#98 (1913)
01-19 23:01:39.375  1754  1754 D SurfaceFlinger: 
01-19 23:01:39.378  5379  5402 V OsAgent : broadcastSystemEvent - 7
01-19 23:01:39.378  5379  5402 V OsAgent : broadcastSystemEvent - 7
01-19 23:01:39.379  2028 11736 I CameraService: onUidStateChanged: uid=10253, procState is changed. (3 -> 5)
01-19 23:01:39.380  5379  5402 V OsAgent : broadcastSystemEvent - 7
01-19 23:01:39.380  5379  5402 V OsAgent : broadcastSystemEvent - 7
01-19 23:01:39.382  2028 15051 I CameraService: onUidStateChanged: uid=10250, procState is changed. (3 -> 5)
01-19 23:01:39.382  1754  1754 I SurfaceFlinger: RequestedLayer [com.sec.android.app.launcher/com.sec[...]tivities.LauncherActivity$_4441#1813] hidden!! flag  from(0) --> to(1)
01-19 23:01:39.382  1754  1754 I SurfaceFlinger: RequestedLayer [ActivityRecord{11645928 u0 com.sec.a[...].activities.LauncherActivity t8}#125] hidden!! flag  from(0) --> to(1)
01-19 23:01:39.382  1754  1754 I SurfaceFlinger: RequestedLayer [Task=8#124] hidden!! flag  from(0) --> to(1)
01-19 23:01:39.382  1754  1754 I SurfaceFlinger: destroyed Transition Root: Task=11#1824 form LifecycleManager
01-19 23:01:39.383  1754  1754 I SurfaceFlinger: id=1824 onLayerDestroyed from LayerHierarchyBuilder(RequestedLayerState{Transition Root: Task=11#1824 !handle z=8})
01-19 23:01:39.383  1754  1754 I Layer   : id=1824 Destroyed Transition Root: Task=11#1824
01-19 23:01:39.384  6822  6822 I bosi    : onStop
01-19 23:01:39.385  2600  6577 I WindowManager: Relayout Window{cd83066 u0 com.sec.android.app.launcher/com.sec.android.app.launcher.activities.LauncherActivity}: viewVisibility=8 req=1080x2340 ty=1 d0
01-19 23:01:39.385  2600  6577 D SurfaceComposerClient: setCornerRadius ## ebe4354 com.sec.android.app.launcher/com.android.quickstep.RecentsActivity#1178 cornerRadius=0.000000
01-19 23:01:39.385  2600  6577 D SurfaceComposerClient: setCornerRadius ## ebe4354 com.sec.android.app.launcher/com.android.quickstep.RecentsActivity#1178 cornerRadius=0.000000
01-19 23:01:39.386  2600  6577 I WindowManager: Relayout hash=cd83066, pid=4441, syncId=-1: mAttrs={(0,0)(fillxfill) sim={adjust=nothing forwardNavigation} layoutInDisplayCutoutMode=always ty=BASE_APPLICATION fmt=TRANSPARENT wanim=0x1030306
01-19 23:01:39.386  2600  6577 I WindowManager:   fl=81910100
01-19 23:01:39.386  2600  6577 I WindowManager:   pfl=10008840
01-19 23:01:39.386  2600  6577 I WindowManager:   apr=10
01-19 23:01:39.386  2600  6577 I WindowManager:   bhv=2
01-19 23:01:39.386  2600  6577 I WindowManager:   fitSides=0
01-19 23:01:39.386  2600  6577 I WindowManager:   frameRateBoostOnTouch=true
01-19 23:01:39.386  2600  6577 I WindowManager:   dvrrWindowFrameRateHint=true screenDimDuration=40000 naviIconColor=0}
01-19 23:01:39.387  4441  4441 I VRI[LauncherActivity]@c45736a: Relayout returned: old=(0,0,1080,2340) new=(0,0,1080,2340) relayoutAsync=false req=(1080,2340)8 dur=3 res=0x2 s={false 0x0} ch=false seqId=0
01-19 23:01:39.389  4441 28838 I HoneySpace.Memory-Monitor: current state = 2, didTrim = false
01-19 23:01:39.389  2600  6577 E WindowManager: win=Window{cd83066 u0 com.sec.android.app.launcher/com.sec.android.app.launcher.activities.LauncherActivity} destroySurfaces: appStopped=true cleanupOnResume=false win.mWindowRemovalAllowed=false win.mRemoveOnExit=false win.mViewVisibility=8 caller=com.android.server.wm.ActivityRecord.destroySurfaces:25 com.android.server.wm.ActivityRecord.activityStopped:192 com.android.server.wm.ActivityClientController.activityStopped:97 android.app.IActivityClientController$Stub.onTransact:740 com.android.server.wm.ActivityClientController.onTransact:1 android.os.Binder.execTransactInternal:1462 android.os.Binder.execTransact:1401 
01-19 23:01:39.390  2600  2874 D SGM:FgCheckThread: getForegroundApp(), foregroundPkgName=com.sec.android.app.launcher
01-19 23:01:39.390  2600  2874 D SGM:FgCheckThread: pkgName: com.sec.android.app.launcher is in foreground
01-19 23:01:39.390  2600  3633 D BackgroundInstallControlService: Package event received: 0
01-19 23:01:39.399  1754  1754 I SurfaceFlinger: [LayerHierarchy{RequestedLayerState{com.sec.android.app.launcher/com.sec.android.app.launcher.activities.LauncherActivity$_4441#1813} no children}] reparent to OffscreenRoot
01-19 23:01:39.399  1754  1754 I SurfaceFlinger: [LayerHierarchy{RequestedLayerState{com.sec.android.app.launcher/com.sec.android.app.launcher.activities.LauncherActivity$_4441#1813} no children}] RelativeParent to null
01-19 23:01:39.399  1754  1754 I SurfaceFlinger: id=1813 Removed com.sec.android.app.launcher/com.sec.android.app.launcher.activities.LauncherActivity$_4441#1813 (151)
01-19 23:01:39.399  2600  2875 D SurfaceComposerClient: setCornerRadius ## ebe4354 com.sec.android.app.launcher/com.android.quickstep.RecentsActivity#1178 cornerRadius=0.000000
01-19 23:01:39.400  2600  2875 D SurfaceComposerClient: setCornerRadius ## ebe4354 com.sec.android.app.launcher/com.android.quickstep.RecentsActivity#1178 cornerRadius=0.000000
01-19 23:01:39.415  1754  1754 I SurfaceFlinger: destroyed com.sec.android.app.launcher/com.sec.android.app.launcher.activities.LauncherActivity$_4441#1813 form LifecycleManager
01-19 23:01:39.415  1754  1754 I SurfaceFlinger: id=1813 onLayerDestroyed from LayerHierarchyBuilder(RequestedLayerState{com.sec.android.app.launcher/com.sec.android.app.launcher.activities.LauncherActivity$_4441#1813 !handle})
01-19 23:01:39.416  1754  1754 I Layer   : id=1813 Destroyed com.sec.android.app.launcher/com.sec.android.app.launcher.activities.LauncherActivity$_4441#1813
01-19 23:01:39.433  4441  4441 I HoneySpace.StackRecentsView: first playEnterTranslateAnim onAnimationEnd
01-19 23:01:39.517  4441  4441 I HoneySpace.SubViewsProgressRepositoryImpl: taskLaunchProgress: 0.0, recentsEnteringProgress: 1.0
01-19 23:01:39.517  4441  4441 I HoneySpace.SubViewsProgressRepositoryImpl: taskLaunchProgress: 0.0, recentsEnteringProgress: 1.0
01-19 23:01:39.517  4441  4441 I HoneySpace.CloseAllProgressRepositoryImpl: taskLaunchProgress: 0.0, recentsEnteringProgress: 1.0
01-19 23:01:39.517  4441  4441 I HoneySpace.CloseAllProgressRepositoryImpl: taskLaunchProgress: 0.0, recentsEnteringProgress: 1.0
01-19 23:01:39.533  4441  4441 I HoneySpace.SuggestedAppsProgressRepositoryImpl: taskLaunchProgress: 0.0, recentsEnteringProgress: 1.0, timeoutProgress: 0.0, enabledProgress: 1.0, closeRecentsProgress: 0.0
01-19 23:01:39.533  4441  4441 I HoneySpace.SuggestedAppsProgressRepositoryImpl: taskLaunchProgress: 0.0, recentsEnteringProgress: 1.0, timeoutProgress: 0.0, enabledProgress: 1.0, closeRecentsProgress: 0.0
01-19 23:01:39.548  1152  1152 D io_stats: !@   8,0 r 1173157 28106720 w 512190 11290328 d 60150 17426712 f 11315 52147 iot 194508 0 th 0 0 0 pt 0 inp 0 0 2455.667
01-19 23:01:39.549  1754  1754 D SurfaceFlinger: GPIS:: requestGPISForClientComposition
01-19 23:01:39.621  7628  7628 I InputMethodService: removeImeSurface
01-19 23:01:39.621  7628  7628 I InputMethodService: cancelImeSurfaceRemoval: removeCallbacks
01-19 23:01:39.633  4441  4441 I HoneySpace.StackRecentsView: resetView scale: 1.0
01-19 23:01:39.633  4441  4441 I HoneySpace.OverviewEventHandler: onFinishEnteringRecents: false
01-19 23:01:39.654  2600  3382 D InputReader: Btn_touch(4): value=1 when=2455.773664
01-19 23:01:39.654  2600  3382 I InputReader: Touch event's action is 0x0 (id=6, t=0) [pCnt=1, s=0.497 ] when=2455.773664
01-19 23:01:39.655  2600  3381 I InputDispatcher: Delivering touch to (3816): action: 0x4, f=0x0, d=0, 'cb92797', t=1 
01-19 23:01:39.655  2600  3381 I InputDispatcher: Delivering touch to (4441): action: 0x0, f=0x0, d=0, 'ebe4354', t=1 
01-19 23:01:39.656  4441  4441 I VRI[RecentsActivity]@f1ef227: ViewPostIme pointer 0
01-19 23:01:39.657  2600  2872 I GestureDetector: obtain mCurrentDownEvent. id: 304910848 caller: com.android.server.wm.SystemGesturesPointerEventListener.onPointerEvent:17 com.android.server.wm.PointerEventDispatcher.onInputEvent:51 android.view.InputEventReceiver.dispatchInputEvent:392 
01-19 23:01:39.657  2600  2872 I GestureDetector: obtain mCurrentDownEvent. id: 304910848 caller: com.android.server.wm.SystemPerformancePointerEventListener.onPointerEvent:13 com.android.server.wm.PointerEventDispatcher.onInputEvent:51 android.view.InputEventReceiver.dispatchInputEvent:392 
01-19 23:01:39.657  4441  4441 I VRI[RecentsActivity]@f1ef227: call setFrameRateCategory for touch hint category=high hint, reason=touch, vri=VRI[RecentsActivity]@f1ef227
01-19 23:01:39.662  2600  2872 I GestureDetector: obtain mCurrentMotionEventRaw. action: 2 id: 858935229
01-19 23:01:39.662  2600  2872 I GestureDetector: obtain mCurrentMotionEventRaw. action: 2 id: 858935229
01-19 23:01:39.666  1754  1754 I SurfaceFlinger: [com.sec.android.app.launcher/com.android.quickstep.RecentsActivity$_4441#1821] setFrameRateCategory: HighHint
01-19 23:01:39.703  2600  3382 D InputReader: Btn_touch(4): value=0 when=2455.822951
01-19 23:01:39.703  2600  3382 I InputReader: Touch event's action is 0x1 (id=6, t=0) [pCnt=1, s=] when=2455.822951
01-19 23:01:39.704  2600  3381 I InputDispatcher: Delivering touch to (4441): action: 0x1, f=0x0, d=0, 'ebe4354', t=1 
01-19 23:01:39.704  4441  4441 I VRI[RecentsActivity]@f1ef227: ViewPostIme pointer 1
01-19 23:01:39.704  4441  4441 I HoneySpace.StackRecentsView: fling in dispatchTouchEvent
01-19 23:01:39.704  4441  4441 I HoneySpace.StackRecentsView: fling: 0
01-19 23:01:39.710  4441  4441 I HoneySpace.StackRecentsView: dispatchTouchEvent: false
01-19 23:01:39.718  4441  4441 I HoneySpace.TaskView: onClick, tasks = [[id=40 windowingMode=1 user=0 lastActiveTime=2435106] null]
01-19 23:01:39.718  4441  4441 I HoneySpace.StackRecentsView: launchTask() => current: 0, launchTask: 0
01-19 23:01:39.718  4441  4441 I HoneySpace.TaskView: launchTask : 1, vm: com.honeyspace.ui.honeypots.tasklist.viewmodel.TaskListViewModel@54ad1c4
01-19 23:01:39.719  4441  4441 I HoneySpace.OverviewEventHandler: updateTaskLaunchProgress: true
01-19 23:01:39.720  4441  4441 I HoneySpace.TaskLaunchViewModelDelegateImpl: launchTask, tasks = [[id=40 windowingMode=1 user=0 lastActiveTime=2435106] null]
01-19 23:01:39.720  4441  4541 I HoneySpace.SALoggingUtils: SA Logging screenID: 500 eventId: 5101 detail: {Target=Fullscreen view, PACKAGE=com.android.settings, TYPE=Tap, NthTask=0} value: -1
01-19 23:01:39.721  4441  4441 I HoneySpace.ShellAnimationRunner: setDelegate, delegate-com.honeyspace.transition.delegate.TaskLaunchAnimationDelegate@16a8fd3, strong-false
01-19 23:01:39.721  4441  4441 I HoneySpace.ShellTransitionManager: open start
01-19 23:01:39.722  1738  3033 V APM_AudioPolicyManager: getOutputForAttrInt() attributes={ Content type: AUDIO_CONTENT_TYPE_UNKNOWN Usage: AUDIO_USAGE_ASSISTANCE_SONIFICATION Source: AUDIO_SOURCE_DEFAULT Flags: 0x900 Tags:  } stream=AUDIO_STREAM_SYSTEM session 673 selectedDeviceId 0
01-19 23:01:39.722  4441  8908 I HoneySpace.TaskLaunchViewModelDelegateImpl: startSingleTask, isDeskTask: false, displayId = 0
01-19 23:01:39.722  1738  3033 V APM_AudioPolicyManager: getOutputForAttrInt() device {AUDIO_DEVICE_OUT_SPEAKER, @:}, sampling rate 48000, format 0x1, channel mask 0x3, flags 0x200004 stream AUDIO_STREAM_SYSTEM
01-19 23:01:39.723  1738  3033 V APM_AudioPolicyManager: selectOutput new bestOutput 13 criteria 0 100 0 0 0 0 4 2 
01-19 23:01:39.723  1738  3033 V APM_AudioPolicyManager: selectOutput new bestOutput 29 criteria 0 100 0 0 0 1 4 0 
01-19 23:01:39.723  1738  3033 V APM_AudioPolicyManager: getOutputForAttrInt returns output 29 selectedDeviceIds 3
01-19 23:01:39.723  1738  3033 V APM_AudioPolicyManager: getOutputForAttr() returns output 29 requestedPortIds AUDIO_PORT_HANDLE_NONE selectedDeviceIds 3 for port ID 93
01-19 23:01:39.723  1738  3033 I AudioFlinger: nonSecFlag 4, secFlag 200000, outputFlags 4
01-19 23:01:39.723  1738  3033 I AF::PthrPatchRecord: creating track with enforcement level 0
01-19 23:01:39.723  4441  8908 I HoneySpace.ShellTransitionManager: startActivityFromRecents
01-19 23:01:39.723  1738  3033 W AF::TrackHandle: OpPlayAudio: not muting track:119 usage:13 for service UID 1000
01-19 23:01:39.723  1738  3033 I AF::Track: setMixerOutConfig return default condition, mixer key 2002, thread key 2002
01-19 23:01:39.725  2600  4445 D ActivityTaskManager: scheduleTopResumedActivityChanged, onTop=false, r=ActivityRecord{174310897 u0 com.sec.android.app.launcher/com.android.quickstep.RecentsActivity t11}, caller=com.android.server.wm.ActivityTaskSupervisor.scheduleTopResumedActivityStateLossIfNeeded:19 com.android.server.wm.ActivityTaskSupervisor.updateTopResumedActivityIfNeeded:20 com.android.server.wm.TaskDisplayArea.positionChildAt:252 com.android.server.wm.Task.moveToFront:40 com.android.server.wm.TaskDisplayArea.moveHomeRootTaskToFront:9 com.android.server.wm.ActivityTaskSupervisor.startActivityFromRecents:591 
01-19 23:01:39.726  2600  4445 W ActivityTaskManager: callingPackage for (uid=-1, pid=-1) has no WPC
01-19 23:01:39.726  2600  4445 D WindowManager: Transition is created, t=TransitionRecord{598aa93 id=-1 type=TO_FRONT flags=0x0}, caller=com.android.server.wm.Transition.<init>:182 com.android.server.wm.TransitionController.createTransition:17 com.android.server.wm.ActivityTaskSupervisor.findTaskToMoveToFront:96 com.android.server.wm.ActivityTaskManagerService.moveTaskToFrontLocked:200 com.android.server.wm.ActivityTaskSupervisor.startActivityFromRecents:727 
01-19 23:01:39.726  2600  2472 I AudioTrack: createTrack_l(0): AUDIO_OUTPUT_FLAG_FAST successful; frameCount 0 -> 720
01-19 23:01:39.726  2600  4445 D BLASTSyncEngine: SyncGroup is created, id=150, name=Transition-TO_FRONT, caller=com.android.server.wm.BLASTSyncEngine$SyncGroup.<init>:52 com.android.server.wm.TransitionController.moveToCollecting:79 com.android.server.wm.TransitionController.createTransition:46 com.android.server.wm.ActivityTaskSupervisor.findTaskToMoveToFront:96 com.android.server.wm.ActivityTaskManagerService.moveTaskToFrontLocked:200 com.android.server.wm.ActivityTaskSupervisor.startActivityFromRecents:727 com.android.server.wm.ActivityTaskManagerService.startActivityFromRecents:32 
01-19 23:01:39.726  2600  4445 W BLASTSyncEngine: setSyncMethod, id=150, method=0, caller=com.android.server.wm.TransitionController.moveToCollecting:91 com.android.server.wm.TransitionController.createTransition:46 com.android.server.wm.ActivityTaskSupervisor.findTaskToMoveToFront:96 
01-19 23:01:39.727  2600  4445 V WindowManager: Start collecting in Transition: TransitionRecord{598aa93 id=150 type=TO_FRONT flags=0x0}, caller=com.android.server.wm.TransitionController.createTransition:46 com.android.server.wm.ActivityTaskSupervisor.findTaskToMoveToFront:96 com.android.server.wm.ActivityTaskManagerService.moveTaskToFrontLocked:200 com.android.server.wm.ActivityTaskSupervisor.startActivityFromRecents:727 com.android.server.wm.ActivityTaskManagerService.startActivityFromRecents:32 
01-19 23:01:39.727  2600  4445 V WindowManager: Collecting in transition 150: Task{6d8e906 #40 type=standard A=1000:com.android.settings.root}, caller=com.android.server.wm.TransitionController.collect:7 com.android.server.wm.ActivityTaskSupervisor.findTaskToMoveToFront:120 com.android.server.wm.ActivityTaskManagerService.moveTaskToFrontLocked:200 com.android.server.wm.ActivityTaskSupervisor.startActivityFromRecents:727 com.android.server.wm.ActivityTaskManagerService.startActivityFromRecents:32 
01-19 23:01:39.727  2600  4445 D WindowManager: prepareSync <SYNC_STATE_WAITING_FOR_DRAW>, mPrepareSyncSeqId=0, win=Window{bed00a7 u0 com.android.settings/com.android.settings.SubSettings}
01-19 23:01:39.727  2600  4445 D WindowManager: prepareSync <SYNC_STATE_WAITING_FOR_DRAW>, mPrepareSyncSeqId=0, win=Window{9be3dbb u0 com.android.settings.intelligence/com.android.settings.intelligence.search.SearchActivity}
01-19 23:01:39.727  2600  4445 D WindowManager: prepareSync <SYNC_STATE_WAITING_FOR_DRAW>, mPrepareSyncSeqId=0, win=Window{d7383a8 u0 com.android.settings/com.android.settings.SubSettings}
01-19 23:01:39.727  2600  4445 D WindowManager: prepareSync <SYNC_STATE_WAITING_FOR_DRAW>, mPrepareSyncSeqId=0, win=Window{e69c10 u0 com.android.settings/com.android.settings.Settings}
01-19 23:01:39.727  2600  4445 I Pageboost: moveTaskToFront : 1000:com.android.settings.root
01-19 23:01:39.727  2600  2472 D AudioTrack: setVolume(1.000000, 1.000000) pid : 2600
01-19 23:01:39.727  1738  3033 I AF::Track: start() situation track : stv_touch_tone
01-19 23:01:39.727  1738  3033 I AF::Track: setMixerOutConfig return default condition, mixer key 2002, thread key 2002
01-19 23:01:39.728  4838  4838 E pageboostd: Received HALT command code 2
01-19 23:01:39.728  1738  3033 V APM_AudioPolicyManager: startOutput portId 93
01-19 23:01:39.728  1738  3033 V APM_AudioPolicyManager: startOutput() output 29, stream 1, session 673
01-19 23:01:39.728  1738  3033 V APM_AudioPolicyManager: setBeaconMute(1) mBeaconMuteRefCount=1 mBeaconPlayingRefCount=0
01-19 23:01:39.729  1738  3033 V APM_AudioPolicyManager: selectOutputForMusicEffects selected output 13
01-19 23:01:39.729  1738  3033 V APM_AudioPolicyManager: getNewOutputDevices selected devices {AUDIO_DEVICE_OUT_SPEAKER, @:}
01-19 23:01:39.729  1738  3033 V APM_AudioPolicyManager: setOutputDevices caller startSource[[portId:7][io:29, fast]] device {AUDIO_DEVICE_OUT_SPEAKER, @:} delayMs 0
01-19 23:01:39.729  1738  3033 V APM_AudioPolicyManager: setOutputDevices: caller startSource[[portId:7][io:29, fast]] suppressing checkDeviceMuteStrategies
01-19 23:01:39.729  1738  3033 V APM_AudioPolicyManager: setOutputDevices caller startSource[[portId:7][io:29, fast]] setting same device {AUDIO_DEVICE_OUT_SPEAKER, @:} or null device, force=0, patch handle=8
01-19 23:01:39.729  1738  3033 V APM_AudioPolicyManager: checkAndSetVolume: output 29, stream 1, index 0, devices 0x2, volume 0.000000, delayMs 0, muted false
