01-19 23:01:39.731  2600  4084 W AS.PlaybackActivityMon: No piid assigned for invalid/internal port id 93
01-19 23:01:39.734  2600  4445 V WindowManager: rotationForOrientation(orient=SCREEN_ORIENTATION_UNSPECIFIED (-1), last=ROTATION_0 (0)); user=ROTATION_0 (0) USER_ROTATION_LOCKED
01-19 23:01:39.734  2600  4445 D WindowManager: rotationForOrientation, orientationSource=ActivityRecord{174310897 u0 com.sec.android.app.launcher/com.android.quickstep.RecentsActivity t11}
01-19 23:01:39.734  2600  4445 D ActivityTaskManager: addStartingWindow: type=1 typeParameter=1e
01-19 23:01:39.734  2600  4445 V WindowManager: Creating SnapshotStartingData
01-19 23:01:39.734  2600  4445 V WindowManager: Add starting ActivityRecord{237820253 u0 com.android.settings/.SubSettings t40}: startingData=SnapshotStartingData{3c61afb removeAfterTransaction= 0}
01-19 23:01:39.734  2600  6577 W AS.PlaybackActivityMon: No piid assigned for invalid/internal port id 93
01-19 23:01:39.734  1738  2960 I AF::PthrPatchRecord: processMuteEvent(119): processed mute state for port ID 93 from 0 to 0x2
01-19 23:01:39.734  1738  2959 I FastMixer: updateStageIndex F-29001
01-19 23:01:39.735  1738  2959 I SoundBoosterEffectPlus: SB_setVolume(0xb400006ee0179010)
01-19 23:01:39.735  1738  2959 I SoundBoosterEffectPlus: command EFFECT_CMD_SET_VOLUME left = 1.000000, right =1.000000
01-19 23:01:39.735  1738  2959 I SAG_EQ a64: SetVolumeFloat() inst_num [1102520059] VolumeFloat [0.000087] mModeFW [0] mMode [0]
01-19 23:01:39.735  1738  2959 I SAG_EQ a64: mIsVolumeTableValid yes 
01-19 23:01:39.735  1738  2959 I SAG_EQ a64: SetVolume() VolumeIndexInt [15] 
01-19 23:01:39.735  1738  2959 I SoundBooster_Interface2000_a64: BuffClear_apply() mMode: 0
01-19 23:01:39.735  2600  4445 V WindowManager: Added starting ActivityRecord{237820253 u0 com.android.settings/.SubSettings t40}: startingWindow=null startingView=com.android.server.wm.StartingSurfaceController$StartingSurface@b42718
01-19 23:01:39.735  1608  1636 I AHAL: AudioStream: out_update_source_metadata_v7: 1265: track count is 1
01-19 23:01:39.735  2600  4445 V WindowManager: Requesting StartTransition: TransitionRecord{598aa93 id=150 type=TO_FRONT flags=0x0 c=[
01-19 23:01:39.735  2600  4445 V WindowManager:    ChangeInfo{52e2571 container=Display{#0 state=ON size=1080x2340 ROTATION_0} flags=0x0}
01-19 23:01:39.735  2600  4445 V WindowManager:    ChangeInfo{a748f56 container=DefaultTaskDisplayArea_d0@68583129 flags=0x0}
01-19 23:01:39.735  2600  4445 V WindowManager:    ChangeInfo{9d16bd7 container=Task{6d8e906 #40 type=standard A=1000:com.android.settings.root} flags=0x0}
01-19 23:01:39.735  2600  4445 V WindowManager: ]
01-19 23:01:39.735  2600  4445 V WindowManager: }, caller=com.android.server.wm.ActivityTaskSupervisor.findTaskToMoveToFront:405 com.android.server.wm.ActivityTaskManagerService.moveTaskToFrontLocked:200 com.android.server.wm.ActivityTaskSupervisor.startActivityFromRecents:727 com.android.server.wm.ActivityTaskManagerService.startActivityFromRecents:32 android.app.IActivityTaskManager$Stub.onTransact:1759 
01-19 23:01:39.735  1608  1636 D AHAL: AudioStream: out_update_source_metadata_v7: 1310: Source metadata usage:13 content_type:0
01-19 23:01:39.735  1608  1636 D AHAL: AudioStream: SetAggregateSourceMetadata: 4666: Aggregated Source metadata usage:13 content_type:0
01-19 23:01:39.735  1738  2133 V APM_AudioPolicyManager: releaseOutput portId 92
01-19 23:01:39.735  1738  2133 V APM_AudioPolicyManager: releaseOutput() 29
01-19 23:01:39.736  2600  4445 I SemDvfsHyPerManager: acquire hyper - AMS_APP_LAUNCH/2600@19, type = -999
01-19 23:01:39.736  3816  3938 V WindowManagerShell: Transition requested (#150): android.os.BinderProxy@d569a0a TransitionRequestInfo { type = TO_FRONT, triggerTask = TaskInfo{userId=0 taskId=40 effectiveUid=1000 displayId=0 isRunning=true baseIntent=Intent { act=android.intent.action.MAIN cat=[android.intent.category.LAUNCHER] flg=0x10200000 cmp=com.android.settings/.Settings } baseActivity=ComponentInfo{com.android.settings/com.android.settings.homepage.SettingsHomepageActivity} topActivity=ComponentInfo{com.android.settings/com.android.settings.SubSettings} origActivity=ComponentInfo{com.android.settings/com.android.settings.Settings} realActivity=ComponentInfo{com.android.settings/com.android.settings.homepage.SettingsHomepageActivity} numActivities=4 lastActiveTime=2435106 supportsMultiWindow=true resizeMode=1 isResizeable=true minWidth=-1 minHeight=-1 maxWidth=-1 maxHeight=-1 defaultMinSize=220 desktopDefaultMinSize=304 token=WCT{android.window.IWindowContainerToken$Stub$Proxy@e8ad27b} topActivityType=1 pictureInPictureParams=null shouldDockBigOverlays=false launchIntoPipHostTaskId=-1 lastParentTaskIdBeforePip=-1 displayCutoutSafeInsets=Rect(0, 84 - 0, 0) topActivityInfo=ActivityInfo{35f4898 com.android.settings.SubSettings} launchCookies=[android.os.BinderProxy@d259399, android.os.BinderProxy@e7f470] positionInParent=Point(0, 0) parentTaskId=-1 isFocused=false isVisible=false isVisibleRequested=false isTopActivityNoDisplay=false isSleeping=false locusId=null displayAreaFeatureId=1 isTopActivityTransparent=false isActivityStackTransparent=false lastNonFullscreenBounds=Rect(91, 559 - 989, 1703) capturedLink=null capturedLinkTimestamp=0 requestedVisibleTypes=-9 topActivityRequestOpenInBrowserEducationTimestamp=0 appCompatTaskInfo=AppCompatTaskInfo { topActivityInSizeCompat=false eligibleForLetterboxEducation= false isLetterboxEducationEnabled= false isLetterboxDoubleTapEnabled= false eligibleForUserAspectRatioButton= false topActivityBoundsLetterboxed= false isFromLetterboxDoubleTap= false topActivityLetterboxVerticalPosition= -1 topActivityLetterboxHorizontalPosition= -1 topActivityLetterboxWidth=-1 topActivityLetterboxHeight=-1 topActivityAppBounds=Rect(0, 0 - 1080, 2340) isUserFullscreenOverrideEnabled=false isSystemFullscreenOverrideEnabled=false hasMinAspectRatioOverride=false topActivityLetterboxBounds=null cameraCompatTaskInfo=CameraCompatTaskInfo { freeformCameraCompatMode=inactive} topActivityBounds=null topActivityInDisplayCompat=false singleTapFromLetterbox=false} topActivityMainWindowFrame=null originallySupportedMultiWindow=true hasWallpaper=false rootAffinity=1000:com.android.settings.root isTopTaskInStage=false CoverLauncherWidgetTask=false LaunchedFromAppsCoverLauncherTask=false LaunchedFromMultistarCoverLauncherTask=false isAllowedSeamlessRotation=false isTopTransparentActivity=false isAliasManaged=false hasConfigChanged=false snappingGuideBounds=null isAiKeyRemoveAppTask=false lastDesktopWindowingBounds=null lastExternalDesktopWindowingBounds=null safeCutoutInsets=null}, pipChange = null, remoteTransition = RemoteTransition { remoteTransition = android.window.IRemoteTransition$Stub$Proxy@54068f1, appThread = android.app.IApplicationThread$Stub$Proxy@7cc4cd6, debugName = QuickstepLaunchflags =NONE }, displayChange = null, flags = 0, debugId = 150 }
01-19 23:01:39.736  3816  3938 V ShellDesktopMode: DesktopTasksController: isDesktopModeShowing: hasVisibleTasks=false hasTopTransparentFullscreenTask=false
01-19 23:01:39.737  3816  3938 D ShellSplitScreen: logExit: no-op, mLoggerSessionId is null
01-19 23:01:39.737  3816  3938 D ShellDesktopMode: handleRequest: TransitionRequestInfo {type=3, tid=40, remote=true, debugId=150}
01-19 23:01:39.737  3816  3938 V ShellDesktopMode: DesktopTasksController: handleFullscreenTaskLaunch
01-19 23:01:39.737  3816  3938 V ShellDesktopMode: DesktopTasksController: isDesktopModeShowing: hasVisibleTasks=false hasTopTransparentFullscreenTask=false
01-19 23:01:39.737  3816  3938 V ShellDesktopMode: DesktopTasksController: handleRequest result=null
01-19 23:01:39.737  3816  3938 V WindowManagerShell: RemoteTransition directly requested for (#150) android.os.BinderProxy@d569a0a: RemoteTransition { remoteTransition = android.window.IRemoteTransition$Stub$Proxy@54068f1, appThread = android.app.IApplicationThread$Stub$Proxy@7cc4cd6, debugName = QuickstepLaunchflags =NONE }
01-19 23:01:39.737  4441  4441 I HoneySpace.HoneyScreenManagerImpl: gotoScreen honeyState=com.honeyspace.sdk.HomeScreen$Normal@137163 com.honeyspace.sdk.HomeScreen$Normal@137163
01-19 23:01:39.737  3816  3938 V WindowManagerShell: Transition (#150): request handled by DefaultMixedHandler
01-19 23:01:39.737  4441  4441 I HoneySpace.HomescreenPot: changeState, com.honeyspace.sdk.HomeScreen$Normal@137163, cancelOpen: false reapplyState: false
01-19 23:01:39.737  3816  3816 D SecFlashlightController: onTaskMovedToFront: false, 8
01-19 23:01:39.737  4441  4441 I HoneySpace.HomescreenPot: updateChangeState? false, changedState = com.honeyspace.sdk.HomeScreen$Normal@137163
01-19 23:01:39.737  4441  4441 I HoneySpace.BackgroundManagerImpl: checkAndUpdateBackgroundEffect: com.honeyspace.sdk.HomeScreen$Normal@137163, ch=179439580, forceApply=false
01-19 23:01:39.737  2600  4445 V WindowManager: Starting Transition 150, caller=com.android.server.wm.WindowOrganizerController.startTransition:47 com.android.server.wm.WindowOrganizerController.startTransition:1 android.window.IWindowOrganizerController$Stub.onTransact:259 
01-19 23:01:39.737  4441  4441 I HoneySpace.TaskView: startSingleTask success
01-19 23:01:39.738  3816  3816 D SecFlashlightController: onTaskMovedToFront: false, 40
01-19 23:01:39.738  4441 28838 I HoneySpace.SuggestedAppsRepositoryImpl: sendSuggestedAppsLaunchTarget: ComponentInfo{com.android.settings/com.android.settings.Settings}
01-19 23:01:39.739  4441 28838 I HoneySpace.RecentTasks: onRecentTasksChanged
01-19 23:01:39.739  2600  4445 D WindowManager: prepareSync <SYNC_STATE_WAITING_FOR_DRAW>, mPrepareSyncSeqId=0, win=Window{1aea7ad u0 SnapshotStartingWindow for taskId=40}
01-19 23:01:39.739  1754  2520 I SurfaceFlinger: id=1828 createSurf, flag=84004, 1aea7ad SnapshotStartingWindow for taskId=40#1828
01-19 23:01:39.740  2600  4445 D RestrictionPolicy: isScreenCaptureEnabled : ret=true userId=0
01-19 23:01:39.740  2600  4445 V WindowManager: Collecting in transition 150: Window{1aea7ad u0 SnapshotStartingWindow for taskId=40}, caller=com.android.server.wm.TransitionController.collect:7 com.android.server.wm.ActivityRecord.attachStartingSurfaceToAssociatedTask:5 com.android.server.wm.WindowManagerService.addWindowInner:404 com.android.server.wm.WindowManagerService.addWindow:1842 com.android.server.wm.Session.addToDisplay:28 
01-19 23:01:39.740  2600  4445 V WindowManager: addWindow: ActivityRecord{237820253 u0 com.android.settings/.SubSettings t40} startingWindow=Window{1aea7ad u0 SnapshotStartingWindow for taskId=40}
01-19 23:01:39.741  2600  2875 D SurfaceComposerClient: setCornerRadius ## 1aea7ad SnapshotStartingWindow for taskId=40#1828 cornerRadius=0.000000
01-19 23:01:39.741  2600  2875 D SurfaceComposerClient: setCornerRadius ## ebe4354 com.sec.android.app.launcher/com.android.quickstep.RecentsActivity#1178 cornerRadius=0.000000
01-19 23:01:39.741  2600  2875 D FreeformController: beginPostLayoutPolicyLw: forceHideRequester changed, old=Window{ebe4354 u0 com.sec.android.app.launcher/com.android.quickstep.RecentsActivity}, new=null
01-19 23:01:39.741  2600  2875 D FreeformController: setBlockToAddForceHideFreeformTasks: blockToAddForceHide=false, Caller=com.android.server.wm.DisplayPolicy.beginPostLayoutPolicyLw:142
01-19 23:01:39.741  2600  2875 D SurfaceComposerClient: setCornerRadius ## ebe4354 com.sec.android.app.launcher/com.android.quickstep.RecentsActivity#1178 cornerRadius=0.000000
01-19 23:01:39.742  3816  3938 D WindowManagerShell: onActivityRestartAttempt: topActivity=ComponentInfo{com.android.settings/com.android.settings.SubSettings}, wasVisible=false
01-19 23:01:39.742  2600  4445 I WindowManager: Relayout Window{1aea7ad u0 SnapshotStartingWindow for taskId=40}: viewVisibility=0 req=-1x-1 ty=3 d0
01-19 23:01:39.742  1754  2520 I SurfaceFlinger: id=1829 createSurf, flag=44004, SnapshotStartingWindow for taskId=40$_3816#1829
01-19 23:01:39.742  2600  4445 D WindowManager: makeSurface duration=0 name=SnapshotStartingWindow for taskId=40$_3816
01-19 23:01:39.742  2600  4445 D SurfaceComposerClient: setCornerRadius ## ebe4354 com.sec.android.app.launcher/com.android.quickstep.RecentsActivity#1178 cornerRadius=0.000000
01-19 23:01:39.743  2600  4445 D SurfaceComposerClient: setCornerRadius ## ebe4354 com.sec.android.app.launcher/com.android.quickstep.RecentsActivity#1178 cornerRadius=0.000000
01-19 23:01:39.743  2600  4445 I WindowManager: Relayout hash=1aea7ad, pid=3816, syncId=-1: mAttrs={(0,0)(fillxfill) layoutInDisplayCutoutMode=always ty=APPLICATION_STARTING fmt=RGBA_8888 wanim=0x1030306 if=INPUT_FEATURE_NO_INPUT_CHANNEL
01-19 23:01:39.743  2600  4445 I WindowManager:   fl=80010118
01-19 23:01:39.743  2600  4445 I WindowManager:   pfl=30008800
01-19 23:01:39.743  2600  4445 I WindowManager:   apr=18
01-19 23:01:39.743  2600  4445 I WindowManager:   bhv=1
01-19 23:01:39.743  2600  4445 I WindowManager:   fitSides=0
01-19 23:01:39.743  2600  4445 I WindowManager:   frameRateBoostOnTouch=true naviIconColor=0}
01-19 23:01:39.744  3816  3989 D ShellStartingWindow: Relayout returned: frame=ClientWindowFrames{frame=[0,0][1080,2340] display=[0,0][1080,2340] parentFrame=[0,0][0,0]}, attrs={(0,0)(fillxfill) layoutInDisplayCutoutMode=always ty=APPLICATION_STARTING fmt=RGBA_8888 wanim=0x1030306 if=INPUT_FEATURE_NO_INPUT_CHANNEL
01-19 23:01:39.744  3816  3989 D ShellStartingWindow:   fl=80010118
01-19 23:01:39.744  3816  3989 D ShellStartingWindow:   pfl=30008800
01-19 23:01:39.744  3816  3989 D ShellStartingWindow:   apr=18
01-19 23:01:39.744  3816  3989 D ShellStartingWindow:   bhv=1
01-19 23:01:39.744  3816  3989 D ShellStartingWindow:   fitSides=0
01-19 23:01:39.744  3816  3989 D ShellStartingWindow:   frameRateBoostOnTouch=true naviIconColor=0}
01-19 23:01:39.744  3816  3989 V SnapshotDrawerUtils: Drawing snapshot surface sizeMismatch=false
01-19 23:01:39.745  2600  4445 D WindowManager: finishDrawingWindow: Window{1aea7ad u0 SnapshotStartingWindow for taskId=40} mDrawState=DRAW_PENDING seqId=2147483647
01-19 23:01:39.745  2600  4445 V WindowManager: Finishing drawing window Window{1aea7ad u0 SnapshotStartingWindow for taskId=40}: mDrawState=DRAW_PENDING
01-19 23:01:39.745  2600  4445 V WindowManager: Draw state now committed in Window{1aea7ad u0 SnapshotStartingWindow for taskId=40}
01-19 23:01:39.745  2600  2875 D SurfaceComposerClient: setCornerRadius ## ebe4354 com.sec.android.app.launcher/com.android.quickstep.RecentsActivity#1178 cornerRadius=0.000000
01-19 23:01:39.746  2600  2875 D SurfaceComposerClient: setCornerRadius ## ebe4354 com.sec.android.app.launcher/com.android.quickstep.RecentsActivity#1178 cornerRadius=0.000000
01-19 23:01:39.749  1754  1754 I SurfaceFlinger: [Display 0 name=""#49] setFrameRateCategory: High
01-19 23:01:39.749  1754  1754 I SurfaceFlinger: [1aea7ad SnapshotStartingWindow for taskId=40#1828] attach to parent LayerHierarchy{RequestedLayerState{ActivityRecord{237820253 u0 com.android.settings/.SubSettings t40}#1544 parentId=1519 z=2} 3 children}
01-19 23:01:39.749  1754  1754 I SurfaceFlinger: [SnapshotStartingWindow for taskId=40$_3816#1829] attach to parent LayerHierarchy{RequestedLayerState{1aea7ad SnapshotStartingWindow for taskId=40#1828 parentId=1544} 1 children}
01-19 23:01:39.750  1738  3033 I AF::Track: stop() situation track : stv_touch_tone
01-19 23:01:39.750  4441  4441 I HoneySpace.TaskListPot[33a1e4]: onPause() called
01-19 23:01:39.750  4441  4441 I HoneySpace.RecentscreenPot: onPause() called
01-19 23:01:39.751  2600  2874 I DisplayDeviceRepository: Display device changed render timings: "Built-in Screen", renderFrameRate=60.000004, presentationDeadlineNanos=17666666, appVsyncOffsetNanos=16666666, frameRateOverrides=[{uid=10047 frameRateHz=60.000004}, {uid=10154 frameRateHz=60.000004}]
01-19 23:01:39.753  4441  4441 I HoneySpace.TaskListLoadCheckerImpl: removeLoadingCondition: 1, loadingCondition: 6
01-19 23:01:39.753  2600  2875 D SurfaceComposerClient: setCornerRadius ## ebe4354 com.sec.android.app.launcher/com.android.quickstep.RecentsActivity#1178 cornerRadius=0.000000
01-19 23:01:39.753  4441  4441 I HoneySpace.SuggestedAppsShowCheckerImpl: clearShowCondition
01-19 23:01:39.753  2600  6350 D WifiDisplayAdapter: isFitToActiveDisplayLocked : false
01-19 23:01:39.753  3816  4043 D StackScroller: onDisplayChanged for predraw skip to 2
01-19 23:01:39.753  4441  4441 I HoneySpace.RecentsActivity: !@Boot_EBS_D: RecentsActivity.onPause()
01-19 23:01:39.754  3816  3816 D DisplayLifecycle: updateDisplay id = 0
01-19 23:01:39.754  2600  6350 I SemDvfsHyPerManager: acquire hyper - AMS_ACT_RESUME/2600@17, type = -999
01-19 23:01:39.754  2600  2874 D SGM:FgCheckThread: notePauseComponent(), received pkgName: com.sec.android.app.launcher, userId: 0
01-19 23:01:39.754  2600  6350 D ActivityManagerPerformance: AMP_acquire() ACT_RESUME
01-19 23:01:39.754  1626  1659 I HYPER-HAL: [RequestManager.cpp]acquire(): Acquired ID : 3425670  [2600 / 17]    HINT : AMS_ACT_RESUME    list : 
01-19 23:01:39.754  2600  6350 V WindowManager: Collecting in transition 150: ActivityRecord{237820253 u0 com.android.settings/.SubSettings t40}, caller=com.android.server.wm.TransitionController.collect:7 com.android.server.wm.ActivityRecord.setVisibility:132 com.android.server.wm.TaskFragment.resumeTopActivity:1662 com.android.server.wm.Task.resumeTopActivityInnerLocked:119 com.android.server.wm.Task.resumeTopActivityUncheckedLocked:23 
01-19 23:01:39.754  2600  6350 V WindowManager: Setting visibility of Window{1aea7ad u0 SnapshotStartingWindow for taskId=40}: true, caller=com.android.server.wm.WindowContainer.sendAppVisibilityToClients:19 com.android.server.wm.WindowToken.setClientVisible:48 com.android.server.wm.ActivityRecord.setVisibility:486 com.android.server.wm.TaskFragment.resumeTopActivity:1662 com.android.server.wm.Task.resumeTopActivityInnerLocked:119 
01-19 23:01:39.755  2600  6350 V WindowManager: Setting visibility of Window{bed00a7 u0 com.android.settings/com.android.settings.SubSettings}: true, caller=com.android.server.wm.WindowContainer.sendAppVisibilityToClients:19 com.android.server.wm.WindowToken.setClientVisible:48 com.android.server.wm.ActivityRecord.setVisibility:486 com.android.server.wm.TaskFragment.resumeTopActivity:1662 com.android.server.wm.Task.resumeTopActivityInnerLocked:119 
01-19 23:01:39.755  2600  3633 D BackgroundInstallControlService: Package event received: 0
01-19 23:01:39.755  2600  6350 D SGM:FgCheckThread: TaskStackListener.onTaskFocusChanged(), taskId=11, focused=false
01-19 23:01:39.755  2600  6350 D SGM:FgCheckThread: TaskStackListener.onTaskFocusChanged(), taskId=40, focused=true
01-19 23:01:39.755  2600  6350 D SGM:FgCheckThread:   sendRunningComponentFocus(), pkgName: com.android.settings, userId: 0
01-19 23:01:39.755 26392 26392 I VRI[SubSettings]@9d7e8dc: handleAppVisibility mAppVisible = false visible = true
01-19 23:01:39.755  2600  3417 D SGM:FgCheckThread: onLooperPrepared(), msg: MSG_TASK_FOCUSED, pkgName: com.android.settings, userId: 0
01-19 23:01:39.755  2600  3417 D SGM:FgCheckThread: handleTaskFocused().
01-19 23:01:39.755  2600  3417 D SGM:FgCheckThread:   handleTaskFocused(), pkgName: com.android.settings, userID:0 mResumedPkgMap does not containsKey.
01-19 23:01:39.755  2600  6350 D InputDispatcher: Focused application(0): ActivityRecord{237820253 u0 com.android.settings/.SubSettings t40}
01-19 23:01:39.755  2600  3594 D AS.MultiSoundManager: mForegroundUid = 1000
01-19 23:01:39.756  2600  6350 D WindowManager: Changing focus from Window{ebe4354 u0 com.sec.android.app.launcher/com.android.quickstep.RecentsActivity} to null displayId=0 Callers=com.android.server.wm.ActivityTaskManagerService.setLastResumedActivityUncheckLocked:264 com.android.server.wm.ActivityTaskSupervisor.updateTopResumedActivityIfNeeded:51 com.android.server.wm.TaskFragment.setResumedActivity:30 com.android.server.wm.ActivityRecord.setState:100 
01-19 23:01:39.756  2600  6350 V SystemKeyManager: updateFocusedWindow() is called, 
01-19 23:01:39.756  2600  6350 D ActivityTaskManager: scheduleTopResumedActivityChanged, onTop=true, r=ActivityRecord{237820253 u0 com.android.settings/.SubSettings t40}, caller=com.android.server.wm.ActivityTaskSupervisor.scheduleTopResumedActivityStateIfNeeded:18 com.android.server.wm.ActivityTaskSupervisor.updateTopResumedActivityIfNeeded:54 com.android.server.wm.TaskFragment.setResumedActivity:30 com.android.server.wm.ActivityRecord.setState:100 com.android.server.wm.TaskFragment.resumeTopActivity:1705 com.android.server.wm.Task.resumeTopActivityInnerLocked:119 
01-19 23:01:39.756  2600  6350 V WindowManager: Collecting in transition 150: ActivityRecord{174310897 u0 com.sec.android.app.launcher/com.android.quickstep.RecentsActivity t11}, caller=com.android.server.wm.TransitionController.collect:7 com.android.server.wm.ActivityRecord.setVisibility:132 com.android.server.wm.ActivityRecord.makeInvisible:32 com.android.server.wm.EnsureActivitiesVisibleHelper.process:542 com.android.server.wm.TaskFragment.updateActivityVisibilities:12 
01-19 23:01:39.756  2600  6350 D WindowManager: prepareSync <SYNC_STATE_WAITING_FOR_DRAW>, mPrepareSyncSeqId=0, win=Window{ebe4354 u0 com.sec.android.app.launcher/com.android.quickstep.RecentsActivity}
01-19 23:01:39.756  2600  6350 V WindowManager: Collecting in transition 150: WallpaperWindowToken{7f6c8e2 showWhenLocked=true}_<lock>, caller=com.android.server.wm.Transition.collect:387 com.android.server.wm.TransitionController.collect:7 com.android.server.wm.ActivityRecord.setVisibility:132 com.android.server.wm.ActivityRecord.makeInvisible:32 com.android.server.wm.EnsureActivitiesVisibleHelper.process:542 
01-19 23:01:39.757  2600  6350 V WindowManager: Collecting in transition 150: WallpaperWindowToken{e129001 showWhenLocked=false}_<system>, caller=com.android.server.wm.Transition.collect:410 com.android.server.wm.TransitionController.collect:7 com.android.server.wm.ActivityRecord.setVisibility:132 com.android.server.wm.ActivityRecord.makeInvisible:32 com.android.server.wm.EnsureActivitiesVisibleHelper.process:542 
01-19 23:01:39.757  2600  6350 V WindowManager: rotationForOrientation(orient=SCREEN_ORIENTATION_UNSPECIFIED (-1), last=ROTATION_0 (0)); user=ROTATION_0 (0) USER_ROTATION_LOCKED
01-19 23:01:39.757  2600  6350 D WindowManager: rotationForOrientation, orientationSource=ActivityRecord{237820253 u0 com.android.settings/.SubSettings t40}
01-19 23:01:39.757  2600  6350 V WindowManager: Computed rotation=ROTATION_0 (0) for display id=0 based on lastOrientation=SCREEN_ORIENTATION_UNSPECIFIED (-1) and oldRotation=ROTATION_0 (0), caller=com.android.server.wm.DisplayRotation.updateOrientation:79 com.android.server.wm.DisplayContent.updateOrientation:41 com.android.server.wm.DisplayContent.updateOrientationAndComputeConfig:48 com.android.server.wm.RootWindowContainer.ensureVisibilityAndConfig:7 com.android.server.wm.TaskFragment.resumeTopActivity:1724 com.android.server.wm.Task.resumeTopActivityInnerLocked:119 
01-19 23:01:39.757  2600  6350 D BLASTSyncEngine: SyncGroup 150: Set ready true, caller=com.android.server.wm.BLASTSyncEngine.setReady:32 com.android.server.wm.Transition.applyReady:54 com.android.server.wm.Transition.setReady:72 com.android.server.wm.TransitionController.setReady:6 com.android.server.wm.DisplayContent.executeAppTransition:4 com.android.server.wm.ActivityRecord.completeResumeLocked:115 
01-19 23:01:39.758  2600  6350 D WindowManagerServiceExt: updateTaskbarTargetIfNeeded: cn=ComponentInfo{com.android.settings/com.android.settings.SubSettings} occludesParent=true isInSplitScreenMode=false
01-19 23:01:39.758  2600  6350 V WindowManager: Collecting in transition 150: WallpaperWindowToken{e129001 showWhenLocked=false}_<system>, caller=com.android.server.wm.TransitionController.collect:7 com.android.server.wm.WallpaperWindowToken.setVisibility:55 com.android.server.wm.WallpaperController.adjustWallpaperWindows:857 com.android.server.wm.RootWindowContainer.applySurfaceChangesTransaction$1:141 com.android.server.wm.RootWindowContainer.performSurfacePlacementNoTrace:59 
01-19 23:01:39.758  2600  6350 D SurfaceComposerClient: setCornerRadius ## 1aea7ad SnapshotStartingWindow for taskId=40#1828 cornerRadius=0.000000
01-19 23:01:39.758  2600  6350 D SurfaceComposerClient: setCornerRadius ## 1aea7ad SnapshotStartingWindow for taskId=40#1828 cornerRadius=0.000000
01-19 23:01:39.758  2600  6350 D SurfaceComposerClient: setCornerRadius ## bed00a7 com.android.settings/com.android.settings.SubSettings#1545 cornerRadius=0.000000
01-19 23:01:39.759 26392 26392 I VRI[SubSettings]@9d7e8dc: stopped(false) old = true
01-19 23:01:39.759 26392 26392 D VRI[SubSettings]@9d7e8dc: WindowStopped on com.android.settings/com.android.settings.SubSettings set to false
01-19 23:01:39.759  2600  6350 V WindowManager: SyncGroup 150: Finished!
01-19 23:01:39.759  2600  6350 V WindowManager: performShowLocked: mDrawState=HAS_DRAWN in Window{1aea7ad u0 SnapshotStartingWindow for taskId=40}
01-19 23:01:39.760  2600  6350 D ChangeTransitionController: onTransactionReady: TransitionRecord{598aa93 id=150 type=TO_FRONT flags=0x0 c=[
01-19 23:01:39.760  2600  6350 D ChangeTransitionController:    ChangeInfo{ad6ee73 container=Task{5d4057 #11 type=recents I=com.sec.android.app.launcher/com.android.quickstep.RecentsActivity} flags=0x0}
01-19 23:01:39.760  2600  6350 D ChangeTransitionController:    ChangeInfo{52e2571 container=Display{#0 state=ON size=1080x2340 ROTATION_0} flags=0x0}
01-19 23:01:39.760  2600  6350 D ChangeTransitionController:    ChangeInfo{a1cc130 container=Window{1aea7ad u0 SnapshotStartingWindow for taskId=40} flags=0x0}
01-19 23:01:39.760  2600  6350 D ChangeTransitionController:    ChangeInfo{a748f56 container=DefaultTaskDisplayArea_d0@68583129 flags=0x0}
01-19 23:01:39.760  2600  6350 D ChangeTransitionController:    ChangeInfo{9d16bd7 container=Task{6d8e906 #40 type=standard A=1000:com.android.settings.root} flags=0x0}
01-19 23:01:39.760  2600  6350 D ChangeTransitionController:    ChangeInfo{c3b11a9 container=TaskFragment{70058f9 mode=fullscreen} flags=0x0}
01-19 23:01:39.760  2600  6350 D ChangeTransitionController:    ChangeInfo{63e332e container=WallpaperWindowToken{7f6c8e2 showWhenLocked=true}_<lock> flags=0x0}
01-19 23:01:39.760  2600  6350 D ChangeTransitionController:    ChangeInfo{fa7fecf container=ActivityRecord{174310897 u0 com.sec.android.app.launcher/com.android.quickstep.RecentsActivity t11} flags=0x0}
01-19 23:01:39.760  2600  6350 D ChangeTransitionController:    ChangeInfo{d44c05c container=WallpaperWindowToken{e129001 showWhenLocked=false}_<system> flags=0x0}
01-19 23:01:39.760  2600  6350 D ChangeTransitionController:    ChangeInfo{c0a1f65 container=ActivityRecord{237820253 u0 com.android.settings/.SubSettings t40} flags=0x0}
01-19 23:01:39.760  2600  6350 D ChangeTransitionController:    ChangeInfo{2fe543a container=RemoteWallpaperAnim:1:1@241803451 flags=0x0}
01-19 23:01:39.760  2600  6350 D ChangeTransitionController: ]
01-19 23:01:39.760  2600  6350 D ChangeTransitionController: }
01-19 23:01:39.760  2600  6350 V WindowManager: Start calculating TransitionInfo based on participants: {Window{1aea7ad u0 SnapshotStartingWindow for taskId=40}, Task{6d8e906 #40 type=standard A=1000:com.android.settings.root}, WallpaperWindowToken{7f6c8e2 showWhenLocked=true}_<lock>, ActivityRecord{174310897 u0 com.sec.android.app.launcher/com.android.quickstep.RecentsActivity t11}, WallpaperWindowToken{e129001 showWhenLocked=false}_<system>, ActivityRecord{237820253 u0 com.android.settings/.SubSettings t40}}
01-19 23:01:39.760  2600  6350 V WindowManager:   Final targets: [ChangeInfo{c3b11a9 container=TaskFragment{70058f9 mode=fullscreen} flags=0x10}, ChangeInfo{9d16bd7 container=Task{6d8e906 #40 type=standard A=1000:com.android.settings.root} flags=0x30}, ChangeInfo{ad6ee73 container=Task{5d4057 #11 type=recents I=com.sec.android.app.launcher/com.android.quickstep.RecentsActivity} flags=0x10}, ChangeInfo{d44c05c container=WallpaperWindowToken{e129001 showWhenLocked=false}_<system> flags=0x0}]
01-19 23:01:39.760  1754  2520 I SurfaceFlinger: id=1830 createSurf, flag=84004, Transition Root: Task=40#1830
01-19 23:01:39.760  2600  6350 I SurfaceControlRegistry: show, t=StartTransaction_SyncId<150> sc=ActivityRecord{237820253 u0 com.android.settings/.SubSettings t40}, caller=android.view.SurfaceControl$Transaction.show:3557 com.android.server.wm.Transition.onTransactionReady:2048 com.android.server.wm.BLASTSyncEngine$SyncGroup.finishNow:240 com.android.server.wm.BLASTSyncEngine.onSurfacePlacement:263 com.android.server.wm.RootWindowContainer.performSurfacePlacementNoTrace:1083 com.android.server.wm.WindowSurfacePlacer.performSurfacePlacement:166 
01-19 23:01:39.761  2600  6350 D SurfaceComposerClient: setCornerRadius ## WallpaperWindowToken{e129001 showWhenLocked=false}#76 cornerRadius=0.000000
01-19 23:01:39.761  2600  6350 D SurfaceComposerClient: setCornerRadius ## Task=11#224 cornerRadius=0.000000
01-19 23:01:39.761  2600  6350 D SurfaceComposerClient: setCornerRadius ## Task=40#1118 cornerRadius=0.000000
01-19 23:01:39.761  2600  6350 D SurfaceComposerClient: setCornerRadius ## TaskFragment{70058f9 mode=fullscreen}#1519 cornerRadius=0.000000
01-19 23:01:39.761  2600  6350 V WindowManager: Calling onTransitionReady: {id=150 t=TO_FRONT f=0x0 trk=0 r=[0@Point(0, 0)] c=[
01-19 23:01:39.761  2600  6350 V WindowManager:         {WCT{RemoteToken{cdd210d TaskFragment{70058f9 mode=fullscreen}}} m=TO_FRONT f=IN_TASK_WITH_EMBEDDED_ACTIVITY|FILLS_TASK|IS_BEHIND_STARTING_WINDOW p=WCT{RemoteToken{f045425 Task{6d8e906 #40 type=standard A=1000:com.android.settings.root}}} leash=Surface(name=TaskFragment{70058f9 mode=fullscreen})/@0x55b2e37 sb=Rect(0, 0 - 1080, 2340) eb=Rect(0, 0 - 1080, 2340) epz=Point(1080, 2340) d=0 bc=fffcfcff taskFragmentToken=android.os.BinderProxy@451f143 inset=Rect(0, 0 - 0, 0) dim=true},
01-19 23:01:39.761  2600  6350 V WindowManager:         {WCT{RemoteToken{f045425 Task{6d8e906 #40 type=standard A=1000:com.android.settings.root}}} m=TO_FRONT f=MOVE_TO_TOP leash=Surface(name=Task=40)/@0x772758f sb=Rect(0, 0 - 1080, 2340) eb=Rect(0, 0 - 1080, 2340) epz=Point(1080, 2340) d=0 taskParent=-1 inset=Rect(0, 84 - 0, 162) dim=true},
01-19 23:01:39.761  2600  6350 V WindowManager:         {WCT{RemoteToken{58869ca Task{5d4057 #11 type=recents I=com.sec.android.app.launcher/com.android.quickstep.RecentsActivity}}} m=TO_BACK f=SHOW_WALLPAPER|EDGE_EXTENSION_RESTRICTION leash=Surface(name=Task=11)/@0xb89c81f sb=Rect(0, 0 - 1080, 2340) eb=Rect(0, 0 - 1080, 2340) epz=Point(1080, 2340) d=0 taskParent=-1 inset=Rect(0, 84 - 0, 162)},
01-19 23:01:39.761  2600  6350 V WindowManager:         {m=TO_BACK f=IS_WALLPAPER p=WCT{RemoteToken{8096d43 RemoteWallpaperAnim:1:1@241803451}} leash=Surface(name=WallpaperWindowToken{e129001 showWhenLocked=false})/@0x94d7a1d sb=Rect(0, 0 - 1080, 2340) eb=Rect(0, 0 - 1080, 2340) epz=Point(1080, 2340) d=0 inset=Rect(0, 0 - 0, 0)}
01-19 23:01:39.761  2600  6350 V WindowManager:     ]}
01-19 23:01:39.761  2600  6577 D RestrictionPolicy: isDeveloperModeAllowed : true
01-19 23:01:39.762  3816  4714 V WindowManagerShell: onTransitionReady(transaction=11166914975061)
01-19 23:01:39.762  4441  4567 I HoneySpace.TopTaskSource: onTaskMovedToFront : taskId = 8, displayId = 0
01-19 23:01:39.762  2600  2871 V WindowManager: Sent Transition (#150) createdAt=01-19 23:01:39.726 via request=TransitionRequestInfo { type = TO_FRONT, triggerTask = TaskInfo{userId=0 taskId=40 effectiveUid=1000 displayId=0 isRunning=true baseIntent=Intent { act=android.intent.action.MAIN cat=[android.intent.category.LAUNCHER] flg=0x10200000 cmp=com.android.settings/.Settings } baseActivity=ComponentInfo{com.android.settings/com.android.settings.homepage.SettingsHomepageActivity} topActivity=ComponentInfo{com.android.settings/com.android.settings.SubSettings} origActivity=ComponentInfo{com.android.settings/com.android.settings.Settings} realActivity=ComponentInfo{com.android.settings/com.android.settings.homepage.SettingsHomepageActivity} numActivities=4 lastActiveTime=2435106 supportsMultiWindow=true resizeMode=1 isResizeable=true minWidth=-1 minHeight=-1 maxWidth=-1 maxHeight=-1 defaultMinSize=220 desktopDefaultMinSize=304 token=WCT{RemoteToken{f045425 Task{6d8e906 #40 type=standard A=1000:com.android.settings.root}}} topActivityType=1 pictureInPictureParams=null shouldDockBigOverlays=false launchIntoPipHostTaskId=-1 lastParentTaskIdBeforePip=-1 displayCutoutSafeInsets=Rect(0, 84 - 0, 0) topActivityInfo=ActivityInfo{e4b1a9f com.android.settings.SubSettings} launchCookies=[android.os.BinderProxy@e10f7ec, android.os.BinderProxy@a4b0da1] positionInParent=Point(0, 0) parentTaskId=-1 isFocused=false isVisible=false isVisibleRequested=false isTopActivityNoDisplay=false isSleeping=false locusId=null displayAreaFeatureId=1 isTopActivityTransparent=false isActivityStackTransparent=false lastNonFullscreenBounds=Rect(91, 559 - 989, 1703) capturedLink=null capturedLinkTimestamp=0 requestedVisibleTypes=-9 topActivityRequestOpenInBrowserEducationTimestamp=0 appCompatTaskInfo=AppCompatTaskInfo { topActivityInSizeCompat=false eligibleForLetterboxEducation= false isLetterboxEducationEnabled= false isLetterboxDoubleTapEnabled= false eligibleForUserAspectRatioButton= false topActivityBoundsLetterboxed= false isFromLetterboxDoubleTap= false topActivityLetterboxVerticalPosition= -1 topActivityLetterboxHorizontalPosition= -1 topActivityLetterboxWidth=-1 topActivityLetterboxHeight=-1 topActivityAppBounds=Rect(0, 0 - 1080, 2340) isUserFullscreenOverrideEnabled=false isSystemFullscreenOverrideEnabled=false hasMinAspectRatioOverride=false topActivityLetterboxBounds=null cameraCompatTaskInfo=CameraCompatTaskInfo { freeformCameraCompatMode=inactive} topActivityBounds=null topActivityInDisplayCompat=false singleTapFromLetterbox=false} topActivityMainWindowFrame=null originallySupportedMultiWindow=true hasWallpaper=false rootAffinity=1000:com.android.settings.root isTopTaskInStage=false CoverLauncherWidgetTask=false LaunchedFromAppsCoverLauncherTask=false LaunchedFromMultistarCoverLauncherTask=false isAllowedSeamlessRotation=false isTopTransparentActivity=false isAliasManaged=false hasConfigChanged=false snappingGuideBounds=null isAiKeyRemoveAppTask=false lastDesktopWindowingBounds=null lastExternalDesktopWindowingBounds=null safeCutoutInsets=null}, pipChange = null, remoteTransition = RemoteTransition { remoteTransition = android.window.IRemoteTransition$Stub$Proxy@a6d7a06, appThread = android.app.IApplicationThread$Stub$Proxy@26ef8c7, debugName = QuickstepLaunchflags =NONE }, displayChange = null, flags = 0, debugId = 150 }
01-19 23:01:39.762  4441  4567 I HoneySpace.TopTaskSource: onTaskMovedToFront : taskId = 40, displayId = 0
01-19 23:01:39.762  4441   583 I HoneySpace.Memory-Monitor: current state = 2, didTrim = false
01-19 23:01:39.762  4441  4569 I HoneySpace.TopTaskUseCase: topTasks 40 ComponentInfo{com.android.settings/com.android.settings.SubSettings}[displayId=0]
01-19 23:01:39.763  4441  4567 I HoneySpace.TopTaskSource: onTaskFocusChanged(): taskId = 40
01-19 23:01:39.763  2600  2871 V WindowManager:     startWCT=WindowContainerTransaction { changes= {} hops= [] errorCallbackToken=null taskFragmentOrganizer=null }
01-19 23:01:39.763  2600  2874 D SGM:FgCheckThread: noteResumeComponent(), received pkgName: com.android.settings, userId: 0
01-19 23:01:39.763  2600  2871 V WindowManager:     info={id=150 t=TO_FRONT f=0x0 trk=0 r=[0@Point(0, 0)] c=[
01-19 23:01:39.763  2600  2871 V WindowManager:         {WCT{RemoteToken{cdd210d TaskFragment{70058f9 mode=fullscreen}}} m=TO_FRONT f=IN_TASK_WITH_EMBEDDED_ACTIVITY|FILLS_TASK|IS_BEHIND_STARTING_WINDOW p=WCT{RemoteToken{f045425 Task{6d8e906 #40 type=standard A=1000:com.android.settings.root}}} leash=Surface(name=TaskFragment{70058f9 mode=fullscreen})/@0x55b2e37 sb=Rect(0, 0 - 1080, 2340) eb=Rect(0, 0 - 1080, 2340) epz=Point(1080, 2340) d=0 bc=fffcfcff taskFragmentToken=android.os.BinderProxy@451f143 inset=Rect(0, 0 - 0, 0) dim=true},
01-19 23:01:39.763  2600  2871 V WindowManager:         {WCT{RemoteToken{f045425 Task{6d8e906 #40 type=standard A=1000:com.android.settings.root}}} m=TO_FRONT f=MOVE_TO_TOP leash=Surface(name=Task=40)/@0x772758f sb=Rect(0, 0 - 1080, 2340) eb=Rect(0, 0 - 1080, 2340) epz=Point(1080, 2340) d=0 taskParent=-1 inset=Rect(0, 84 - 0, 162) dim=true},
01-19 23:01:39.763  2600  2871 V WindowManager:         {WCT{RemoteToken{58869ca Task{5d4057 #11 type=recents I=com.sec.android.app.launcher/com.android.quickstep.RecentsActivity}}} m=TO_BACK f=SHOW_WALLPAPER|EDGE_EXTENSION_RESTRICTION leash=Surface(name=Task=11)/@0xb89c81f sb=Rect(0, 0 - 1080, 2340) eb=Rect(0, 0 - 1080, 2340) epz=Point(1080, 2340) d=0 taskParent=-1 inset=Rect(0, 84 - 0, 162)},
01-19 23:01:39.763  2600  2871 V WindowManager:         {m=TO_BACK f=IS_WALLPAPER p=WCT{RemoteToken{8096d43 RemoteWallpaperAnim:1:1@241803451}} leash=Surface(name=WallpaperWindowToken{e129001 showWhenLocked=false})/@0x94d7a1d sb=Rect(0, 0 - 1080, 2340) eb=Rect(0, 0 - 1080, 2340) epz=Point(1080, 2340) d=0 inset=Rect(0, 0 - 0, 0)}
01-19 23:01:39.763  2600  2871 V WindowManager:     ]}
01-19 23:01:39.763  2600  2874 I SemWifiApAdvancedAutohotspotService: settings app is in foreground
01-19 23:01:39.763  2600  6350 D RestrictionPolicy: isDeveloperModeAllowed : true
01-19 23:01:39.763  2600  3417 D SGM:FgCheckThread: onLooperPrepared(), msg: MSG_APP_RESUME, pkgName: com.android.settings, userid: 0
01-19 23:01:39.763  2600  3417 D SGM:FgCheckThread: handleResume().
01-19 23:01:39.763  2600  3417 D SGM:FgCheckThread: sendFocusOutConditionally() - mPrevNotiPkg: (unknown), userId: 0
01-19 23:01:39.763  2600  3417 D SGM:FgCheckThread:   handleResume(). pkgName: com.android.settings, userId: 0, category: non-game
01-19 23:01:39.763  2600  3417 D SGM:FgCheckThread: notifyFocusInOut(). of pkg: com.android.settings, type: 4, isSecGameFamily: false, userId: 0
01-19 23:01:39.763  2600  3417 D SGM:FgCheckThread:   notifyFocusInOut(). unexpected mPrevNotiType: -1
01-19 23:01:39.763  2600  3417 D SGM:SystemHelper: callReleaseBlock needReleaseBlock:false
01-19 23:01:39.763  2600  3633 D BackgroundInstallControlService: Package event received: 0
01-19 23:01:39.764  3816  3938 V WindowManagerShell: onTransitionReady (#150) android.os.BinderProxy@d569a0a: {id=150 t=TO_FRONT f=0x0 trk=0 r=[0@Point(0, 0)] c=[
01-19 23:01:39.764  3816  3938 V WindowManagerShell:         {m=TO_FRONT f=IN_TASK_WITH_EMBEDDED_ACTIVITY|FILLS_TASK|IS_BEHIND_STARTING_WINDOW p=WCT{android.window.IWindowContainerToken$Stub$Proxy@371e4f} leash=Surface(name=TaskFragment{70058f9 mode=fullscreen})/@0x6186062 sb=Rect(0, 0 - 1080, 2340) eb=Rect(0, 0 - 1080, 2340) epz=Point(1080, 2340) d=0 bc=fffcfcff taskFragmentToken=android.os.BinderProxy@55003a4 inset=Rect(0, 0 - 0, 0) dim=true},
01-19 23:01:39.764  3816  3938 V WindowManagerShell:         {m=TO_FRONT f=MOVE_TO_TOP leash=Surface(name=Task=40)/@0x38b15f3 sb=Rect(0, 0 - 1080, 2340) eb=Rect(0, 0 - 1080, 2340) epz=Point(1080, 2340) d=0 taskParent=-1 inset=Rect(0, 84 - 0, 162) dim=true},
01-19 23:01:39.764  3816  3938 V WindowManagerShell:         {m=TO_BACK f=SHOW_WALLPAPER|EDGE_EXTENSION_RESTRICTION leash=Surface(name=Task=11)/@0xfda92b0 sb=Rect(0, 0 - 1080, 2340) eb=Rect(0, 0 - 1080, 2340) epz=Point(1080, 2340) d=0 taskParent=-1 inset=Rect(0, 84 - 0, 162)},
01-19 23:01:39.764  3816  3938 V WindowManagerShell:         {m=TO_BACK f=IS_WALLPAPER p=WCT{android.window.IWindowContainerToken$Stub$Proxy@2ce29dc} leash=Surface(name=WallpaperWindowToken{e129001 showWhenLocked=false})/@0xce24529 sb=Rect(0, 0 - 1080, 2340) eb=Rect(0, 0 - 1080, 2340) epz=Point(1080, 2340) d=0 inset=Rect(0, 0 - 0, 0)}
01-19 23:01:39.764  3816  3938 V WindowManagerShell:     ]}
01-19 23:01:39.764  6414  7071 I SDHMS:k : handleResumeComponent : put = com.android.settings, userid = 0 instanceid =239145682
01-19 23:01:39.764  3816  3938 V ShellDesktopMode: DesktopModeLogger: taskInfo map after processing changes 0
01-19 23:01:39.764 26392 26392 D SettingsLib/MinorModeUtils: develop options restriction:
01-19 23:01:39.764  3816  3938 D ShellDesktopMode: DesktopTaskChangeListener: onTaskMovingToFront for taskId=40, displayId=0
01-19 23:01:39.764  2600  6350 D KNOX_MDM_SettingsProvider: isChangeAllowed() : name = development_settings_enabled
01-19 23:01:39.764  3816  3938 I SurfaceControlRegistry: hide, t=FinishTransaction_SyncId<150> sc=Task=11, caller=android.view.SurfaceControl$Transaction.hide:3583 com.android.wm.shell.transition.Transitions.dispatchReady:1263 com.android.wm.shell.transition.Transitions.onTransitionReady:251 com.android.wm.shell.transition.Transitions$TransitionPlayerImpl$$ExternalSyntheticLambda0.run:13 android.os.Handler.handleCallback:995 android.os.Handler.dispatchMessage:103 
01-19 23:01:39.764  2600  6350 D KNOX_MDM_SettingsProvider: edmUri: content://com.sec.knox.provider/RestrictionPolicy1
01-19 23:01:39.764  3816  3938 I SurfaceControlRegistry: show, t=StartTransaction_SyncId<150> sc=Task=40, caller=android.view.SurfaceControl$Transaction.show:3557 com.android.wm.shell.transition.Transitions.dispatchReady:1279 com.android.wm.shell.transition.Transitions.onTransitionReady:251 com.android.wm.shell.transition.Transitions$TransitionPlayerImpl$$ExternalSyntheticLambda0.run:13 android.os.Handler.handleCallback:995 android.os.Handler.dispatchMessage:103 
01-19 23:01:39.764  2600  6350 D KNOX_MDM_SettingsProvider: projectionArgs: isDeveloperModeAllowed
01-19 23:01:39.764  3816  3816 I {OngoingActivityController}: onTaskFocusChanged but OA data is empty
01-19 23:01:39.764  2600  6350 D SecContentProvider: query(), uri = 15 selection = isDeveloperModeAllowed
01-19 23:01:39.764  2600  6350 D SecContentProvider: called from android.uid.system:1000
01-19 23:01:39.764  2600  6350 D RestrictionPolicy: isDeveloperModeAllowed : true
01-19 23:01:39.764  2600  6350 D KNOX_MDM_SettingsProvider: ret = 1
01-19 23:01:39.764  3816  3938 I SurfaceControlRegistry: show, t=FinishTransaction_SyncId<150> sc=Task=40, caller=android.view.SurfaceControl$Transaction.show:3557 com.android.wm.shell.transition.Transitions.dispatchReady:1330 com.android.wm.shell.transition.Transitions.onTransitionReady:251 com.android.wm.shell.transition.Transitions$TransitionPlayerImpl$$ExternalSyntheticLambda0.run:13 android.os.Handler.handleCallback:995 android.os.Handler.dispatchMessage:103 
01-19 23:01:39.764  3816  3938 I SurfaceControlRegistry: show, t=StartTransaction_SyncId<150> sc=TaskFragment{70058f9 mode=fullscreen}, caller=android.view.SurfaceControl$Transaction.show:3557 com.android.wm.shell.transition.Transitions.dispatchReady:907 com.android.wm.shell.transition.Transitions.onTransitionReady:251 com.android.wm.shell.transition.Transitions$TransitionPlayerImpl$$ExternalSyntheticLambda0.run:13 android.os.Handler.handleCallback:995 android.os.Handler.dispatchMessage:103 
01-19 23:01:39.764  2600  3622 I CocktailBarManagerServiceContainer: handleMessage: entry what = 6
01-19 23:01:39.765  3816  3938 V WindowManagerShell: Playing animation for (#150) android.os.BinderProxy@d569a0a@0
01-19 23:01:39.765  2600  2874 D SGM:GameManager: identifyGamePackage. com.android.settings, mCurrentUserId: 0, callingMethodInfo: com.samsung.android.game.SemGameManager.isGamePackage(SemGameManager.java:106)
01-19 23:01:39.765  2600  2874 D SGM:SemGameManager: isGamePackage(), pkgName=com.android.settings, ret=false
01-19 23:01:39.765  3816  3938 I SurfaceControlRegistry: show, t=StartTransaction_SyncId<150> sc=Transition Root: Task=40, caller=android.view.SurfaceControl$Transaction.show:3557 com.android.wm.shell.transition.Transitions.playTransition:79 com.android.wm.shell.transition.Transitions.processReadyQueue:239 com.android.wm.shell.transition.Transitions.dispatchReady:1352 com.android.wm.shell.transition.Transitions.onTransitionReady:251 com.android.wm.shell.transition.Transitions$TransitionPlayerImpl$$ExternalSyntheticLambda0.run:13 
01-19 23:01:39.765  3816  3938 V WindowManagerShell:  try firstHandler com.android.wm.shell.transition.DefaultMixedHandler@28ae076
01-19 23:01:39.765  3816  3938 V WindowManagerShell: Mixed transition for opening an intent with a remote transition and PIP or Desktop #150
01-19 23:01:39.765  3816  3938 V WindowManagerShell: tryAnimateOpenIntentWithRemoteAndPipOrDesktop
01-19 23:01:39.765  3816  3938 V WindowManagerShell:  Delegate animation for (#150) to RemoteTransition { remoteTransition = android.window.IRemoteTransition$Stub$Proxy@54068f1, appThread = android.app.IApplicationThread$Stub$Proxy@7cc4cd6, debugName = QuickstepLaunchflags =NONE }
01-19 23:01:39.765  3816  3938 V WindowManagerShell:  Excluded change from remote targets at (#150), change={m=TO_BACK f=IS_WALLPAPER p=WCT{android.window.IWindowContainerToken$Stub$Proxy@2ce29dc} leash=Surface(name=WallpaperWindowToken{e129001 showWhenLocked=false})/@0xce24529 sb=Rect(0, 0 - 1080, 2340) eb=Rect(0, 0 - 1080, 2340) epz=Point(1080, 2340) d=0 inset=Rect(0, 0 - 0, 0)}
01-19 23:01:39.765  2600  3622 I CocktailBarManagerServiceContainer: handleMessage: entry what = 5
01-19 23:01:39.765  4441  4441 I HoneySpace.EdgePanel.CocktailHostRepositoryImpl: onNoteResume
01-19 23:01:39.765  4441  4441 I HoneySpace.EdgePanel.EdgePanelContainerViewModel: cocktailHostRepository.edgePanelOperation NoteResumeComponent(componentName=ComponentInfo{com.android.settings/com.android.settings.SubSettings})
01-19 23:01:39.765  4441  4441 I HoneySpace.EdgePanel.ActivityUtils: HomePackage : com.sec.android.app.launcher, resumePackageName : com.android.settings, className : com.android.settings.SubSettings
01-19 23:01:39.765  2600  6350 D SecContentProvider: query(), uri = 16 selection = isGoogleCrashReportedAllowed
01-19 23:01:39.765  2600  6350 D SecContentProvider: called from android.uid.system:1000
01-19 23:01:39.765  2600  6350 D RestrictionPolicy: isGoogleCrashReportAllowed : ret=true userId =0
01-19 23:01:39.766  1754  1754 I SurfaceFlinger: [Transition Root: Task=40#1830] attach to parent LayerHierarchy{RequestedLayerState{DefaultTaskDisplayArea_d0#10 parentId=9} 12 children}
01-19 23:01:39.766  1754  2520 I SurfaceFlinger: id=1831 createSurf, flag=84000, Surface(name=Task=40)/@0x4c4562f_transition-leash#1831
01-19 23:01:39.766  3816  3938 V WindowManagerShell:  animated by firstHandler
01-19 23:01:39.766  1754  1754 I BpBinder: onLastStrongRef automatically unlinking death recipients: 
01-19 23:01:39.767  4441 20514 I SurfaceControlRegistry: show, t=StartTransaction_SyncId<150> sc=Task=40, caller=android.view.SurfaceControl$Transaction.show:3557 S.j.a:152 S.j.u:0 S.j.t:0 com.android.systemui.animation.RemoteAnimationTargetCompat.wrap:48 com.android.systemui.animation.RemoteAnimationTargetCompat.wrapApps:10 
01-19 23:01:39.767  1754  2518 I SurfaceFlinger: id=1832 createSurf, flag=84000, Surface(name=Task=11)/@0xbf9b5c5_transition-leash#1832
01-19 23:01:39.768  4441 20514 I SurfaceControlRegistry: show, t=StartTransaction_SyncId<150> sc=Task=11, caller=android.view.SurfaceControl$Transaction.show:3557 S.j.a:152 S.j.u:0 S.j.t:0 com.android.systemui.animation.RemoteAnimationTargetCompat.wrap:48 com.android.systemui.animation.RemoteAnimationTargetCompat.wrapApps:10 
01-19 23:01:39.768  2600  3633 D BackgroundInstallControlService: Package event received: 0
01-19 23:01:39.768  4441 20514 I SurfaceControlRegistry: apply, t=StartTransaction_SyncId<150>, caller=android.view.SurfaceControl$Transaction.apply:3459 android.view.SurfaceControl$Transaction.apply:3447 android.view.SurfaceControl$Transaction.apply:3397 com.android.systemui.animation.RemoteAnimationRunnerCompat$1.startAnimation:645 android.window.IRemoteTransition$Stub.onTransact:162 android.os.Binder.execTransactInternal:1462 
01-19 23:01:39.768  4441 20514 I HoneySpace.ShellAnimationRunner: [onAnimationStart] appTarget(0) : taskId-40, mode-0
01-19 23:01:39.768  4441 20514 I HoneySpace.ShellAnimationRunner: cookie: -1
01-19 23:01:39.768  4441 20514 I HoneySpace.ShellAnimationRunner: [onAnimationStart] appTarget(1) : taskId-11, mode-1
01-19 23:01:39.768  4441  4441 I HoneySpace.ShellAnimationRunner: this , com.honeyspace.transition.ShellAnimationRunner@bc4e941
01-19 23:01:39.768  4441  4441 I HoneySpace.ShellTransitionManager: open animation start
01-19 23:01:39.768  4441  4441 I HoneySpace.ShellAnimationRunner: finishExistingAnimation, null
01-19 23:01:39.768  4441  4441 I HoneySpace.TaskLaunchAnimationDelegate: single task onAnimationStart
01-19 23:01:39.769 26392 26392 W SettingsEdm: projectionArgs:isGoogleCrashReportedAllowed/1
01-19 23:01:39.769  4441  4441 I HoneySpace.FloatingAnimator: playerCount : 1
01-19 23:01:39.769  4441  4441 I HoneySpace.FloatingAnimator: [Player:A(39.769)] create
01-19 23:01:39.769  4441  4441 I HoneySpace.TransitionUtils: [getRotationChange] home-0, app-0
01-19 23:01:39.769  4441  4441 I HoneySpace.TransitionUtils: getWindowTargetBounds: Rect(0, 0 - 1080, 2340)
01-19 23:01:39.769  4441  4441 I HoneySpace.FloatingAnimator: [Player:A(39.769)] setup. isLandscape:false, isTranslucent:false, screenSize[1080, 2340], isMultiTargets:false, useCurrentDrawable:false
01-19 23:01:39.769  2600  6319 D SecContentProvider: query(), uri = 15 selection = isDeveloperModeAllowed
01-19 23:01:39.769  2600  6319 D SecContentProvider: called from android.uid.system:1000
01-19 23:01:39.769  2600  6319 D RestrictionPolicy: isDeveloperModeAllowed : true
01-19 23:01:39.769  4441  4441 I HoneySpace.FloatingAnimator: [Player:A(39.769)] value animator:[62249085] started
01-19 23:01:39.769  2600  3633 D BackgroundInstallControlService: Package event received: 0
01-19 23:01:39.769  4441  4441 I HoneySpace.AnimationResult: setAnimation, animation: false
01-19 23:01:39.769  4441  4441 I HoneySpace.TaskLaunchAnimationDelegate: TaskLaunch Anim Start
