01-19 23:01:39.769  4441  4441 I HoneySpace.TaskIconProgressRepositoryImpl: startTaskLaunchAnimation
01-19 23:01:39.770  4441  4441 I HoneySpace.TaskIconProgressRepositoryImpl: taskLaunchProgress: 0.0, recentsEnteringFromAppsProgress: 1.0
01-19 23:01:39.770  4441  4441 I HoneySpace.SubViewsProgressRepositoryImpl: startTaskLaunchAnimation
01-19 23:01:39.770 26392 26392 W SettingsEdm: projectionArgs:isDeveloperModeAllowed/1
01-19 23:01:39.770  4441  4441 I HoneySpace.SubViewsProgressRepositoryImpl: taskLaunchProgress: 0.0, recentsEnteringProgress: 1.0
01-19 23:01:39.770  4441  4441 I HoneySpace.CloseAllProgressRepositoryImpl: startTaskLaunchAnimation
01-19 23:01:39.770  4441  4441 I HoneySpace.CloseAllProgressRepositoryImpl: taskLaunchProgress: 0.0, recentsEnteringProgress: 1.0
01-19 23:01:39.770  4441  4441 I HoneySpace.SuggestedAppsProgressRepositoryImpl: startTaskLaunchAnimation
01-19 23:01:39.770  4441  4441 I HoneySpace.SuggestedAppsProgressRepositoryImpl: taskLaunchProgress: 0.0, recentsEnteringProgress: 1.0, timeoutProgress: 0.0, enabledProgress: 1.0, closeRecentsProgress: 0.0
01-19 23:01:39.770  2600  4728 D SecContentProvider: query(), uri = 16 selection = isGoogleCrashReportedAllowed
01-19 23:01:39.770  2600  4728 D SecContentProvider: called from android.uid.system:1000
01-19 23:01:39.770  2600  4728 D RestrictionPolicy: isGoogleCrashReportAllowed : ret=true userId =0
01-19 23:01:39.770  4441  4441 I HoneySpace.AppTransitionAnimationAwait: proceed 0
01-19 23:01:39.770  4441  4441 I HoneySpace.AppTransitionAnimationAwait: prepare refCnt:1 timeout:500
01-19 23:01:39.770  4441  4441 I HoneySpace.HoneySystemControllerImpl: isRecentsActivityIdleState false
01-19 23:01:39.770 26392 26392 W SettingsEdm: projectionArgs:isGoogleCrashReportedAllowed/1
01-19 23:01:39.772 26392 26392 V BluetoothStackLogPreferenceController: updateState(pref=Enable Bluetooth stack log Info): refresh preference state
01-19 23:01:39.772 26392 26392 V BluetoothStackLogPreferenceController: getBluetoothLogLevelIndex() -> 2
01-19 23:01:39.772 26392 26392 I BluetoothStackLogPreferenceController: setBluetoothLogLevelIndex(index=2): Updated Bluetooth stack log level to value='info', entryValue='Info'
01-19 23:01:39.773 26392 26392 D OemUnlockPreferenceController: enableUnlock  : 1 = /dev/block/persistent / 2 = 1
01-19 23:01:39.773 26392 26392 D OemUnlockPreferenceController: enableUnlock  : 1 = /dev/block/persistent / 2 = 1
01-19 23:01:39.774  2600  4088 D RestrictionPolicy: isUsbDebuggingEnabled : true
01-19 23:01:39.775  2600  6350 D SecContentProvider: query(), uri = 17 selection = isUsbDebuggingEnabled
01-19 23:01:39.775  2600  6350 D SecContentProvider: called from android.uid.system:1000
01-19 23:01:39.775  2600  6350 D RestrictionPolicy: isUsbDebuggingEnabled : true
01-19 23:01:39.775 26392 26392 W SettingsEdm: projectionArgs:isUsbDebuggingEnabled/1
01-19 23:01:39.776  2600  6370 D RestrictionPolicy: isUsbDebuggingEnabled : true
01-19 23:01:39.776 26392 26392 D WirelessDebugPrefCtrl: isUsbDebuggingAllowed = true
01-19 23:01:39.776  2600  6370 D RestrictionPolicy: isUsbDebuggingEnabled : true
01-19 23:01:39.777 26392 26392 D WirelessDebugPrefCtrl: isUsbDebuggingAllowed = true
01-19 23:01:39.777  2600  6370 D RestrictionPolicy: isUsbDebuggingEnabled : true
01-19 23:01:39.777 26392 26392 D WirelessDebugPrefCtrl: isUsbDebuggingAllowed = true
01-19 23:01:39.777  2600  6370 D RestrictionPolicy: isUsbDebuggingEnabled : true
01-19 23:01:39.777 26392 26392 D WirelessDebugPrefCtrl: isUsbDebuggingAllowed = true
01-19 23:01:39.777  2600  6370 D SecContentProvider: query(), uri = 16 selection = isGoogleCrashReportedAllowed
01-19 23:01:39.778  2600  6370 D SecContentProvider: called from android.uid.system:1000
01-19 23:01:39.778  2600  6370 D RestrictionPolicy: isGoogleCrashReportAllowed : ret=true userId =0
01-19 23:01:39.778 26392 26392 W SettingsEdm: projectionArgs:isGoogleCrashReportedAllowed/1
01-19 23:01:39.778  2600  6370 D SecContentProvider: query(), uri = 15 selection = isDeveloperModeAllowed
01-19 23:01:39.779  2600  6370 D SecContentProvider: called from android.uid.system:1000
01-19 23:01:39.779  2600  6370 D RestrictionPolicy: isDeveloperModeAllowed : true
01-19 23:01:39.779  2600  2872 D SGM:GameManager: identifyForegroundApp. com.android.settings, mCurrentUserId: 0, callerUserId: 0
01-19 23:01:39.779  2600  2872 D SGM:SemGameManager: isForegroundGame(), ret=false
01-19 23:01:39.779 26392 26392 W SettingsEdm: projectionArgs:isDeveloperModeAllowed/1
01-19 23:01:39.779  2600  2872 D NetworkPolicy: already checked 1000
01-19 23:01:39.779  2600  6370 D SecContentProvider: query(), uri = 16 selection = isGoogleCrashReportedAllowed
01-19 23:01:39.779  2600  6370 D SecContentProvider: called from android.uid.system:1000
01-19 23:01:39.779  2600  6370 D RestrictionPolicy: isGoogleCrashReportAllowed : ret=true userId =0
01-19 23:01:39.780 26392 26392 W SettingsEdm: projectionArgs:isGoogleCrashReportedAllowed/1
01-19 23:01:39.782  2600  6370 D SecContentProvider: query(), uri = 16 selection = isMockLocationEnabled
01-19 23:01:39.782  2600  6370 D SecContentProvider: called from android.uid.system:1000
01-19 23:01:39.782  2600  2600 I WALLPAPER_SVC:SemWallpaperManagerService: isHomeActivityVisible : false 
01-19 23:01:39.782  2600  2600 D WALLPAPER_SVC:WallpaperData: getWallpaperFile: file = /data/system/users/0/wallpaper_orig 
01-19 23:01:39.782  2600  2600 D WALLPAPER_SVC:WallpaperData: getWallpaperFile: file = /data/system/users/0/wallpaper_orig 
01-19 23:01:39.782  2600  6370 D RestrictionPolicy: isMockLocationEnabled : true
01-19 23:01:39.783  2600  6370 D SecContentProvider: callingUid = 1000
01-19 23:01:39.783  2600  6370 D SecContentProvider: isMockLocationEnabled return = true
01-19 23:01:39.783  2600  2872 D PkgPredictorService-SecIpmManagerServiceImpl: onForegroundActivitiesChanged pid:26392 uid:1000
01-19 23:01:39.783 26392 26392 W SettingsEdm: projectionArgs:isMockLocationEnabled/1
01-19 23:01:39.783  2600  2872 D SGM:GameManager: identifyForegroundApp. com.android.settings, mCurrentUserId: 0, callerUserId: 0
01-19 23:01:39.783  2600  2872 D SGM:SemGameManager: isForegroundGame(), ret=false
01-19 23:01:39.783  2600  2872 D NetworkPolicy: already checked 1000
01-19 23:01:39.785  1754  1754 I SurfaceFlinger: RequestedLayer [1aea7ad SnapshotStartingWindow for taskId=40#1828] hidden!! flag  from(1) --> to(0)
01-19 23:01:39.785  1754  1754 I SurfaceFlinger: RequestedLayer [SnapshotStartingWindow for taskId=40$_3816#1829] hidden!! flag  from(1) --> to(0)
01-19 23:01:39.785  1754  1754 I SurfaceFlinger: RequestedLayer [Task=40#1118] hidden!! flag  from(1) --> to(0)
01-19 23:01:39.785  1754  1754 I SurfaceFlinger: RequestedLayer [Transition Root: Task=40#1830] hidden!! flag  from(1) --> to(0)
01-19 23:01:39.785  1754  1754 I SurfaceFlinger: RequestedLayer [ActivityRecord{237820253 u0 com.android.settings/.SubSettings t40}#1544] hidden!! flag  from(1) --> to(0)
01-19 23:01:39.785  1754  1754 E SurfaceFlinger: alpha changed 1.000 -> 0.000 - Surface(name=Task=40)/@0x4c4562f_transition-leash#1831
01-19 23:01:39.785  1754  1754 E SurfaceFlinger: alpha changed 0.000 -> 0.000 - Surface(name=Task=40)/@0x4c4562f_transition-leash#1831
01-19 23:01:39.785  1754  1754 I SurfaceFlinger: [LayerHierarchy{RequestedLayerState{ImeContainer#15 parentId=225 relativeParentId=225 z=1} 1 children}] RelativeParent to null
01-19 23:01:39.785  1754  1754 I SurfaceFlinger: [LayerHierarchy{RequestedLayerState{Task=40#1118 parentId=1831} 2 children}] reparent to LayerHierarchy{RequestedLayerState{Surface(name=Task=40)/@0x4c4562f_transition-leash#1831 parentId=1830 z=2147483647} 1 children}
01-19 23:01:39.785  1754  1754 I SurfaceFlinger: [LayerHierarchy{RequestedLayerState{Task=11#224 parentId=1832} 1 children}] reparent to LayerHierarchy{RequestedLayerState{Surface(name=Task=11)/@0xbf9b5c5_transition-leash#1832 parentId=1830 z=1} 1 children}
01-19 23:01:39.785  1754  1754 I SurfaceFlinger: [LayerHierarchy{RequestedLayerState{1aea7ad SnapshotStartingWindow for taskId=40#1828 parentId=1118 z=2147483647} 1 children}] reparent to LayerHierarchy{RequestedLayerState{Task=40#1118 parentId=1831} 3 children}
01-19 23:01:39.785  1754  1754 I SurfaceFlinger: [Surface(name=Task=40)/@0x4c4562f_transition-leash#1831] attach to parent LayerHierarchy{RequestedLayerState{Transition Root: Task=40#1830 parentId=10 z=8} 1 children}
01-19 23:01:39.785  1754  1754 I SurfaceFlinger: [Surface(name=Task=11)/@0xbf9b5c5_transition-leash#1832] attach to parent LayerHierarchy{RequestedLayerState{Transition Root: Task=40#1830 parentId=10 z=8} 2 children}
01-19 23:01:39.785  2600  6577 D SecContentProvider: query(), uri = 16 selection = isMockLocationEnabled
01-19 23:01:39.785  2600  6577 D SecContentProvider: called from android.uid.system:1000
01-19 23:01:39.785  2600  6577 D RestrictionPolicy: isMockLocationEnabled : true
01-19 23:01:39.785  2600  6577 D SecContentProvider: callingUid = 1000
01-19 23:01:39.785  2600  6577 D SecContentProvider: isMockLocationEnabled return = true
01-19 23:01:39.785  4441  4441 I HoneySpace.TaskIconProgressRepositoryImpl: taskLaunchProgress: 0.0, recentsEnteringFromAppsProgress: 1.0
01-19 23:01:39.785  4441  4441 I HoneySpace.SubViewsProgressRepositoryImpl: taskLaunchProgress: 0.0, recentsEnteringProgress: 1.0
01-19 23:01:39.785  4441  4441 I HoneySpace.CloseAllProgressRepositoryImpl: taskLaunchProgress: 0.0, recentsEnteringProgress: 1.0
01-19 23:01:39.785  4441  4441 I HoneySpace.SuggestedAppsProgressRepositoryImpl: taskLaunchProgress: 0.0, recentsEnteringProgress: 1.0, timeoutProgress: 0.0, enabledProgress: 1.0, closeRecentsProgress: 0.0
01-19 23:01:39.785 26392 26392 W SettingsEdm: projectionArgs:isMockLocationEnabled/1
01-19 23:01:39.785  3816  3816 D SystemUIService: SYSUI_RAM_OPTIMIZATION onTrimMemory=20
01-19 23:01:39.785  3816  3816 D CentralSurfaces: SYSUI_RAM_OPTIMIZATION onTrimMemory=20
01-19 23:01:39.786  2600  6319 D KNOX_MDM_SettingsProvider: isChangeAllowed() : name = debug_app
01-19 23:01:39.786  2600  6319 D KNOX_MDM_SettingsProvider: isChangeAllowed() : name = wait_for_debugger
01-19 23:01:39.786  2600  6319 D KNOX_MDM_SettingsProvider: edmUri: content://com.sec.knox.provider/RestrictionPolicy1
01-19 23:01:39.786  2600  6319 D KNOX_MDM_SettingsProvider: projectionArgs: isDeveloperModeAllowed
01-19 23:01:39.786  3816  4144 D HWUI    : CacheManager::trimMemory(20)
01-19 23:01:39.786  2600  6319 D SecContentProvider: query(), uri = 15 selection = isDeveloperModeAllowed
01-19 23:01:39.786  2600  6319 D SecContentProvider: called from android.uid.system:1000
01-19 23:01:39.786  2600  6319 D RestrictionPolicy: isDeveloperModeAllowed : true
01-19 23:01:39.786  2600  6319 D KNOX_MDM_SettingsProvider: ret = 1
01-19 23:01:39.787  2600  2600 D WALLPAPER_SVC:WallpaperManagerService: dispatchHomeVisibilityChanged: visible = false, connection = com.android.server.wallpaper.WallpaperManagerService$WallpaperConnection@2ff2a1f, systemWallpaper = WallpaperData@510d8b1, id: 5, which: 5, file mod: 1732257244460, info: null, engine(s): Proxy@aa87711, type = 0, userId = 0, uri= null, allowBackup= true, wallpaperComponent = ComponentInfo{com.android.systemui/com.android.systemui.wallpapers.ImageWallpaper}, nextWallpaperComponent = ComponentInfo{com.android.systemui/com.android.systemui.wallpapers.ImageWallpaper} 
01-19 23:01:39.788  1754  2402 D SurfaceFlinger: [input] setFocusedWindow: <null>
01-19 23:01:39.789  2600  6577 D InputDispatcher: Focus left window (0): ebe4354 com.sec.android.app.launcher/com.android.quickstep.RecentsActivity
01-19 23:01:39.789  7701  8107 I Rubin   : [55] M.c0.k(Unknown Source) : Notify com.samsung.android.rubin.inferenceengine.contextanalytics.engine.loggers.AppUsageLogger's database is updated.
01-19 23:01:39.789  4441  4441 I ImeFocusController: onPreWindowFocus: skipped hasWindowFocus=false mHasImeFocus=true
01-19 23:01:39.789  4441  4441 I ImeFocusController: onPostWindowFocus: skipped hasWindowFocus=false mHasImeFocus=true
01-19 23:01:39.789  2600  6370 D InputDispatcher: Once focus requested (0): <null>
01-19 23:01:39.790 26392 26392 D MNXBPrefController: isAvailable
01-19 23:01:39.790 26392 26392 D MNXBPrefController: getPreferenceKey()
01-19 23:01:39.790 26392 26392 D MNXBPrefController: isAvailable
01-19 23:01:39.790 26392 26392 D CloPreferenceController: isAvailable
01-19 23:01:39.790 26392 26392 D CloPreferenceController: getPreferenceKey()
01-19 23:01:39.790 26392 26392 D CloPreferenceController: isAvailable
01-19 23:01:39.790 26392 26392 D IntcPreferenceController: isAvailable
01-19 23:01:39.790 26392 26392 D IntcPreferenceController: getPreferenceKey()
01-19 23:01:39.790 26392 26392 D IntcPreferenceController: isAvailable
01-19 23:01:39.790 15104 19930 I SAMSUNGWALLET: [Hint_ProcessStatusChange] fg Change, pid : 26392 , isNotify : true , isForeground : true , fg list : [26392, 4441]
01-19 23:01:39.790 26392 26392 I BluetoothHfpCodecPriorityController: isAvailable :: debug : false
01-19 23:01:39.790 26392 26392 I BluetoothHfpCodecPriorityController: isAvailable :: debug : false
01-19 23:01:39.790 26392 26392 I BluetoothHfpDisablePreferenceController: isAvailable :: debug false
01-19 23:01:39.790 26392 26392 I BluetoothHfpDisablePreferenceController: onDeveloperOptionsEnabled :: debug false
01-19 23:01:39.790 26392 26392 I BluetoothHfpDisablePreferenceController: isAvailable :: debug false
01-19 23:01:39.790 26392 26392 I BluetoothDualModeDisablePreferenceController: isAvailable :: debug false, LeAudio enabled true
01-19 23:01:39.790 26392 26392 I BluetoothDualModeDisablePreferenceController: onDeveloperOptionsEnabled :: debug false, LeAudio enabled true
01-19 23:01:39.790 26392 26392 I BluetoothDualModeDisablePreferenceController: isAvailable :: debug false, LeAudio enabled true
01-19 23:01:39.790 26392 26392 I BluetoothSapActivationController: onDeveloperOptionsEnabled :: debug false
01-19 23:01:39.790 26392 26392 I DevNetworkModeController: onDeveloperOptionsEnabled : state = FALSE
01-19 23:01:39.790 26392 26392 I DevNetworkModeController: onDeveloperOptionsEnabled : state = FALSE
01-19 23:01:39.790 26392 26392 D SecSimFeatureProvider: getTelephonyProperty : 0 : 2
01-19 23:01:39.790 26392 26392 D SecSimFeatureProvider: getTelephonyProperty : 1 : 2
01-19 23:01:39.790 26392 26392 D SecSimFeatureProvider: getEnabledSimCnt : 1
01-19 23:01:39.790 26392 26392 D ConnectionsUtils: isNoSIM : 1
01-19 23:01:39.790 26392 26392 I ConnectionsUtils: default network mode : 26
01-19 23:01:39.790 26392 26392 D ConnectionsUtils: isSupport5GConcept : true
01-19 23:01:39.790 26392 26392 D SecSimFeatureProvider: getTelephonyProperty : 0 : 2
01-19 23:01:39.790 26392 26392 D SecSimFeatureProvider: getTelephonyProperty : 1 : 2
01-19 23:01:39.790 26392 26392 D SecSimFeatureProvider: getEnabledSimCnt : 1
01-19 23:01:39.790 26392 26392 D ConnectionsUtils: isNoSIM : 1
01-19 23:01:39.790 26392 26392 I ConnectionsUtils: default network mode : 26
01-19 23:01:39.790 26392 26392 D ConnectionsUtils: isSupport5GConcept : true
01-19 23:01:39.790 26392 26392 I NetworkModeOf5gTypeController: onDeveloperOptionsEnabled : state = TRUE
01-19 23:01:39.790 26392 26392 D NetworkModeOf5gTypeController: [getNrMode]
01-19 23:01:39.791 15104 15104 I SAMSUNGWALLET: [Hint_IntroHintService] Hint Status - already invisible, skip hide : [14000000] - Disable on keyguard
01-19 23:01:39.791  2600  6370 D SGM:GameManager: identifyGamePackage. com.android.settings, mCurrentUserId: 0, callingMethodInfo: com.samsung.android.game.IGameManagerService$Stub.onTransact(IGameManagerService.java:247)
01-19 23:01:39.795 26392 26392 I NetworkModeOf5gTypeController: updateState: mStateMode = 1 , bEnabled = true
01-19 23:01:39.795 26392 26392 D SecSimFeatureProvider: getTelephonyProperty : 0 : 2
01-19 23:01:39.795 26392 26392 D SecSimFeatureProvider: getTelephonyProperty : 1 : 2
01-19 23:01:39.795 26392 26392 D SecSimFeatureProvider: getEnabledSimCnt : 1
01-19 23:01:39.795 26392 26392 D ConnectionsUtils: isNoSIM : 1
01-19 23:01:39.795 26392 26392 I ConnectionsUtils: default network mode : 26
01-19 23:01:39.795 26392 26392 D ConnectionsUtils: isSupport5GConcept : true
01-19 23:01:39.795 26392 26392 I NetworkModeOf5gTypeController: updateState: mStateMode = 1 , bEnabled = true
01-19 23:01:39.801  2600  6350 D SecContentProvider: query(), uri = 16 selection = isKillingActivitiesOnLeaveAllowed
01-19 23:01:39.801  2600  6350 D SecContentProvider: called from android.uid.system:1000
01-19 23:01:39.801  2600  6350 D SecContentProvider: isKillingActivitiesOnLeaveAllowed return = true callingUid : 1000
01-19 23:01:39.801 26392 26392 W SettingsEdm: projectionArgs:isKillingActivitiesOnLeaveAllowed/1
01-19 23:01:39.802  2600  6370 D SecContentProvider: query(), uri = 15 selection = isBackgroundProcessLimitEnabled
01-19 23:01:39.802  2600  6370 D SecContentProvider: called from android.uid.system:1000
01-19 23:01:39.802  2600  6370 D RestrictionPolicy: isBackgroundProcessLimitAllowed : true
01-19 23:01:39.802  4441  6591 I VRI[RecentsActivity]@f1ef227: mWNT: t=0xb40000711360de90 mBlastBufferQueue=0xb400006f43721450 fn= 41 HdrRenderState mRenderHdrSdrRatio=1.0 caller= com.android.systemui.shared.launcher.ViewRootImplCompat.mergeWithNextTransaction:4 com.honeyspace.transition.utils.SurfaceTransactionApplier.scheduleApply$lambda$1:16 com.honeyspace.transition.utils.SurfaceTransactionApplier.b:0 
01-19 23:01:39.802  2600  4887 D MotionRecognitionService: inject vibrator info = 0.0
01-19 23:01:39.802 26392 26392 W SettingsEdm: projectionArgs:isBackgroundProcessLimitEnabled/1
01-19 23:01:39.802  2600  6577 D SecContentProvider: query(), uri = 15 selection = isBackgroundProcessLimitEnabled
01-19 23:01:39.802  1614  1614 I sensors-hal: inject_sensor_data:427, handle:11, type:33 not supported
01-19 23:01:39.802  2600  6577 D SecContentProvider: called from android.uid.system:1000
01-19 23:01:39.802  2600  6577 D RestrictionPolicy: isBackgroundProcessLimitAllowed : true
01-19 23:01:39.803  1614  1614 I sensors-hal: inject_sensor_data:427, handle:11, type:33 not supported
01-19 23:01:39.803  1614  1614 I sensors-hal: inject_sensor_data:427, handle:11, type:33 not supported
01-19 23:01:39.803 26392 26392 W SettingsEdm: projectionArgs:isBackgroundProcessLimitEnabled/1
01-19 23:01:39.805 26392 26392 E BtExtCodecCtr: isHDAudioEnabled: Unable to get codec status. BluetoothA2dp is null.
01-19 23:01:39.805 26392 26392 D BtExtCodecCtr: updateState: HD Audio is disabled
01-19 23:01:39.805 26392 26392 D AbstractBtDlgCtr: Unable to get current config index. Current codec Config is null.
01-19 23:01:39.805 26392 26392 D AbstractBtDlgCtr: Unable to get current config index. Current codec Config is null.
01-19 23:01:39.805 26392 26392 D AbstractBtDlgCtr: Unable to get current config index. Current codec Config is null.
01-19 23:01:39.806  2600  4445 I ProcessStatsService: Added stats: 2026-01-19-21-12-51, over +51m5s450ms
01-19 23:01:39.806 26392 26392 D AbstractBtDlgCtr: Unable to get current config index. Current codec Config is null.
01-19 23:01:39.809 26392 26392 D ActivityEmbeddingUtils: isEmbeddingActivityEnabled = true
01-19 23:01:39.809 26392 26392 I AppContextHelper: registerStateHandlerCallback() by DevelopmentSettingsDashboardFragment
01-19 23:01:39.810 26392  5788 D SettingsActivity: No enabled state changed, skipping updateCategory call
01-19 23:01:39.811 26392 26392 W ElapsedTimeUtils: getElapsedTime: sSuwFinishedTimeStamp is null
01-19 23:01:39.811 26392 26392 D IntcPreferenceController: getPreferenceKey()
01-19 23:01:39.811 26392 26392 D IntcPreferenceController: isAvailable
01-19 23:01:39.811 26392 26392 D IntcPreferenceController: getPreferenceKey()
01-19 23:01:39.812  2600  4084 D RestrictionPolicy: isUsbDebuggingEnabled : true
01-19 23:01:39.812 26392 26392 D WirelessDebugPrefCtrl: isUsbDebuggingAllowed = true
01-19 23:01:39.812  2600  4728 D RestrictionPolicy: isUsbDebuggingEnabled : true
01-19 23:01:39.812 26392 26392 D WirelessDebugPrefCtrl: isUsbDebuggingAllowed = true
01-19 23:01:39.812 26392 26392 I BluetoothDualModeDisablePreferenceController: isAvailable :: debug false, LeAudio enabled true
01-19 23:01:39.813 26392 26392 D AbstractBtDlgCtr: Unable to get current config index. Current codec Config is null.
01-19 23:01:39.814  1738  2959 I SoundBoosterEffectPlus: SB_setVolume(0xb400006ee0179010)
01-19 23:01:39.814  1738  2959 I SoundBoosterEffectPlus: command EFFECT_CMD_SET_VOLUME left = 0.000000, right =0.000000
01-19 23:01:39.814  1738  2959 I SoundBooster_Interface2000_a64: BuffClear() mMode: 0
01-19 23:01:39.814  1738  2959 I SoundBoosterEffectPlus: SB_reset SoundBooster sessionId(-29001)
01-19 23:01:39.814  1738  2959 I SAG_EQ a64: SetVolumeFloat() inst_num [1102520059] VolumeFloat [-100.000000] mModeFW [0] mMode [0]
01-19 23:01:39.814  1738  2959 I SAG_EQ a64: mIsVolumeTableValid yes 
01-19 23:01:39.814  1738  2959 I SAG_EQ a64: SetVolume() VolumeIndexInt [1] 
01-19 23:01:39.816  1754  1754 E SurfaceFlinger: alpha changed 0.000 -> 1.000 - Surface(name=Task=40)/@0x4c4562f_transition-leash#1831
01-19 23:01:39.817  2600  4084 D SecContentProvider: query(), uri = 15 selection = isDeveloperModeAllowed
01-19 23:01:39.817  2600  4084 D SecContentProvider: called from android.uid.system:1000
01-19 23:01:39.817  2600  4084 D RestrictionPolicy: isDeveloperModeAllowed : true
01-19 23:01:39.817 26392 26392 W SettingsEdm: projectionArgs:isDeveloperModeAllowed/1
01-19 23:01:39.817  2600  4084 D SecContentProvider: query(), uri = 16 selection = isGoogleCrashReportedAllowed
01-19 23:01:39.817  2600  4084 D SecContentProvider: called from android.uid.system:1000
01-19 23:01:39.817  4441  6591 I VRI[RecentsActivity]@f1ef227: mWNT: t=0xb4000071136a52d0 mBlastBufferQueue=0xb400006f43721450 fn= 42 HdrRenderState mRenderHdrSdrRatio=1.0 caller= com.android.systemui.shared.launcher.ViewRootImplCompat.mergeWithNextTransaction:4 com.honeyspace.transition.utils.SurfaceTransactionApplier.scheduleApply$lambda$1:16 com.honeyspace.transition.utils.SurfaceTransactionApplier.b:0 
01-19 23:01:39.817  2600  4084 D RestrictionPolicy: isGoogleCrashReportAllowed : ret=true userId =0
01-19 23:01:39.818  1738  2133 V APM_AudioPolicyManager: stopOutput portId 93
01-19 23:01:39.818  1738  2133 V APM_AudioPolicyManager: stopOutput() output 29, stream 1, session 673
01-19 23:01:39.818  1738  2133 V APM_AudioPolicyManager: setBeaconMute(1) mBeaconMuteRefCount=0 mBeaconPlayingRefCount=0
01-19 23:01:39.818  1608  1636 I AHAL: AudioStream: out_update_source_metadata_v7: 1265: track count is 0
01-19 23:01:39.818 26392 26392 W SettingsEdm: projectionArgs:isGoogleCrashReportedAllowed/1
01-19 23:01:39.818  1754  1754 D SurfaceFlinger: Display 4630946662957460867 HWC layers:
01-19 23:01:39.818  1754  1754 D SurfaceFlinger:        CLIENT |           16389595201544 | 00000100 | RGBA_8888    |    0.0    0.0 1080.0 2340.0 |    0    0 1080 2340 | Wallpaper BBQ wrapper 5_system#80 (1)
01-19 23:01:39.818  1754  1754 D SurfaceFlinger:        CLIENT |           19073949761816 | 00002100 | RGBA_8888    |    0.0    0.0 1080.0 2340.0 |    0    0 1080 2340 | com.sec.android.app.launcher/com.android.quickstep.RecentsActivity$_4441#1821 (blurRegions) (41)
01-19 23:01:39.818  1754  1754 D SurfaceFlinger:        CLIENT |            7533372638132 | 00000000 | RGBA_8888    |    0.0   83.0 1079.0 2179.0 |  197  322  882 1651 | SnapshotStartingWindow for taskId=40$_3816#1829 (100)
01-19 23:01:39.818  1754  1754 D SurfaceFlinger:        DEVICE |           16389595202096 | 00002100 | RGBA_8888    |    0.0    0.0 1080.0   84.0 |    0    0 1080   84 | StatusBar$_3816#102 (1734)
01-19 23:01:39.818  1754  1754 D SurfaceFlinger:        DEVICE |           19073949761787 | 00002100 | RGBA_8888    |    0.0    0.0   67.0  440.0 | 1013  638 1080 1078 | com.sec.android.app.launcher/com.sam[...]el.app.CocktailBarService$_4441#1648 (1)
01-19 23:01:39.818  1754  1754 D SurfaceFlinger:        DEVICE |           16389595202105 | 00002100 | RGBA_8888    |    0.0    0
01-19 23:01:39.818  1754  1754 D SurfaceFlinger: .0 1080.0  162.0 |    0 2178 1080 2340 | NavigationBar0$_3816#98 (1913)
01-19 23:01:39.818  1754  1754 D SurfaceFlinger: 
01-19 23:01:39.818  1738  2133 V APM_AudioPolicyManager: getNewOutputDevices selected devices AUDIO_DEVICE_NONE
01-19 23:01:39.819  1738  2133 V APM_AudioPolicyManager: setOutputDevices caller stopSource[[portId:7][io:29, fast]] device AUDIO_DEVICE_NONE delayMs 122
01-19 23:01:39.819  1738  2133 V APM_AudioPolicyManager: setOutputDevices caller stopSource[[portId:7][io:29, fast]] setting same device AUDIO_DEVICE_NONE or null device, force=0, patch handle=8
01-19 23:01:39.819  1738  2133 V APM_AudioPolicyManager: selectOutputForMusicEffects selected output 13
01-19 23:01:39.819  2600  6319 D SecContentProvider: query(), uri = 16 selection = isKillingActivitiesOnLeaveAllowed
01-19 23:01:39.819  2600  6319 D SecContentProvider: called from android.uid.system:1000
01-19 23:01:39.819  2600  6319 D SecContentProvider: isKillingActivitiesOnLeaveAllowed return = true callingUid : 1000
01-19 23:01:39.820 26392 26392 W SettingsEdm: projectionArgs:isKillingActivitiesOnLeaveAllowed/1
01-19 23:01:39.821  2600  4445 D SecContentProvider: query(), uri = 16 selection = isMockLocationEnabled
01-19 23:01:39.821  2600  4445 D SecContentProvider: called from android.uid.system:1000
01-19 23:01:39.821  2600  4445 D RestrictionPolicy: isMockLocationEnabled : true
01-19 23:01:39.821  2600  4445 D SecContentProvider: callingUid = 1000
01-19 23:01:39.821  2600  4445 D SecContentProvider: isMockLocationEnabled return = true
01-19 23:01:39.822 26392 26392 W SettingsEdm: projectionArgs:isMockLocationEnabled/1
01-19 23:01:39.822 26392 26392 D AbstractBtDlgCtr: Unable to get current config index. Current codec Config is null.
01-19 23:01:39.824  2600  4445 D SecContentProvider: query(), uri = 17 selection = isUsbDebuggingEnabled
01-19 23:01:39.824  2600  4445 D SecContentProvider: called from android.uid.system:1000
01-19 23:01:39.824  2600  4445 D RestrictionPolicy: isUsbDebuggingEnabled : true
01-19 23:01:39.825 26392 26392 W SettingsEdm: projectionArgs:isUsbDebuggingEnabled/1
01-19 23:01:39.826 26392 26392 V BluetoothStackLogPreferenceController: updateState(pref=Enable Bluetooth stack log Info): refresh preference state
01-19 23:01:39.826 26392 26392 V BluetoothStackLogPreferenceController: getBluetoothLogLevelIndex() -> 2
01-19 23:01:39.826 26392 26392 I BluetoothStackLogPreferenceController: setBluetoothLogLevelIndex(index=2): Updated Bluetooth stack log level to value='info', entryValue='Info'
01-19 23:01:39.826  2600  4084 D SecContentProvider: query(), uri = 15 selection = isBackgroundProcessLimitEnabled
01-19 23:01:39.826  2600  4084 D SecContentProvider: called from android.uid.system:1000
01-19 23:01:39.826  2600  4084 D RestrictionPolicy: isBackgroundProcessLimitAllowed : true
01-19 23:01:39.827 26392 26392 W SettingsEdm: projectionArgs:isBackgroundProcessLimitEnabled/1
01-19 23:01:39.827 26392 26392 I BluetoothHfpCodecPriorityController: isAvailable :: debug : false
01-19 23:01:39.827 26392 26392 D AbstractBtDlgCtr: Unable to get current config index. Current codec Config is null.
01-19 23:01:39.827 26392 26392 D OemUnlockPreferenceController: enableUnlock  : 1 = /dev/block/persistent / 2 = 1
01-19 23:01:39.829  2600  4084 D KNOX_MDM_SettingsProvider: isChangeAllowed() : name = debug_app
01-19 23:01:39.829  2600  4084 D KNOX_MDM_SettingsProvider: isChangeAllowed() : name = wait_for_debugger
01-19 23:01:39.829  2600  4084 D KNOX_MDM_SettingsProvider: edmUri: content://com.sec.knox.provider/RestrictionPolicy1
01-19 23:01:39.829  2600  4084 D KNOX_MDM_SettingsProvider: projectionArgs: isDeveloperModeAllowed
01-19 23:01:39.829  2600  4084 D SecContentProvider: query(), uri = 15 selection = isDeveloperModeAllowed
01-19 23:01:39.829  2600  4084 D SecContentProvider: called from android.uid.system:1000
01-19 23:01:39.829  2600  4084 D RestrictionPolicy: isDeveloperModeAllowed : true
01-19 23:01:39.829  2600  4084 D KNOX_MDM_SettingsProvider: ret = 1
01-19 23:01:39.829 26392 26392 I BluetoothHfpDisablePreferenceController: isAvailable :: debug false
01-19 23:01:39.830 26392 26392 D SecSimFeatureProvider: getTelephonyProperty : 0 : 2
01-19 23:01:39.830 26392 26392 D SecSimFeatureProvider: getTelephonyProperty : 1 : 2
01-19 23:01:39.830 26392 26392 D SecSimFeatureProvider: getEnabledSimCnt : 1
01-19 23:01:39.830 26392 26392 D ConnectionsUtils: isNoSIM : 1
01-19 23:01:39.830 26392 26392 I ConnectionsUtils: default network mode : 26
01-19 23:01:39.830 26392 26392 D ConnectionsUtils: isSupport5GConcept : true
01-19 23:01:39.830 26392 26392 I NetworkModeOf5gTypeController: updateState: mStateMode = 1 , bEnabled = true
01-19 23:01:39.830 26392 26392 D CloPreferenceController: getPreferenceKey()
01-19 23:01:39.830 26392 26392 D CloPreferenceController: isAvailable
01-19 23:01:39.830 26392 26392 D CloPreferenceController: getPreferenceKey()
01-19 23:01:39.830 26392 26392 D AbstractBtDlgCtr: Unable to get current config index. Current codec Config is null.
01-19 23:01:39.831 26392 26450 W ProcStatsManager: No process com.samsung.android.provider.filterprovider/1000 for service com.samsung.android.provider.filterprovider.FilterPackageService
01-19 23:01:39.831 26392 26450 W ProcStatsManager: No process com.samsung.android.provider.filterprovider/1000 for service com.samsung.android.provider.filterprovider.MyFilterService
01-19 23:01:39.831 26392 26450 W ProcStatsManager: No process com.samsung.android.mydevice/10404 for service com.samsung.android.mydevice.quicksettings.MyDeviceTileService
01-19 23:01:39.831 26392 26450 W ProcStatsManager: No process com.samsung.android.smartswitchassistant/1000 for service com.samsung.android.Kies.KiesGetSetService
01-19 23:01:39.831 26392 26450 W ProcStatsManager: No process com.google.android.youtube/10270 for service com.google.android.apps.youtube.app.common.notification.FcmMessageListenerService
01-19 23:01:39.831 26392 26450 W ProcStatsManager: No process com.google.android.youtube/10270 for service com.google.android.libraries.youtube.player.background.service.BackgroundPlayerService
01-19 23:01:39.831 26392 26450 W ProcStatsManager: No process com.google.android.youtube/10270 for service androidx.work.impl.background.systemjob.SystemJobService
01-19 23:01:39.831 26392 26450 W ProcStatsManager: No process com.google.android.youtube/10270 for service androidx.work.impl.background.systemjob.SystemJobService
01-19 23:01:39.831 26392 26450 W ProcStatsManager: No process com.samsung.android.themestore/10151 for service com.samsung.android.sdk.smp.SmpJobService
01-19 23:01:39.831 26392 26450 W ProcStatsManager: No process com.google.android.ext.services:modelDownloaderServiceProcess/10282 for service com.android.textclassifier.downloader.ModelDownloaderService
01-19 23:01:39.831 26392 26392 E BtExtCodecCtr: isHDAudioEnabled: Unable to get codec status. BluetoothA2dp is null.
01-19 23:01:39.831 26392 26392 D BtExtCodecCtr: updateState: HD Audio is disabled
01-19 23:01:39.831 26392 26450 W ProcStatsManager: No process com.microsoft.appmanager:auth/10155 for service com.microsoft.identity.broker.accountmanager.AccountManagerServiceForPersonalAccounts
01-19 23:01:39.831 26392 26450 W ProcStatsManager: No process com.microsoft.appmanager/10155 for service androidx.room.MultiInstanceInvalidationService
01-19 23:01:39.832 26392 26450 W ProcStatsManager: No process com.microsoft.appmanager/10155 for service androidx.work.impl.background.systemjob.SystemJobService
01-19 23:01:39.832 26392 26450 W ProcStatsManager: No process com.android.dynsystem:dynsystem/1000 for service com.android.dynsystem.DynamicSystemInstallationService
01-19 23:01:39.832 26392 26450 W ProcStatsManager: No process com.google.android.googlequicksearchbox:googleapp/10253 for service com.google.android.libraries.notifications.platform.entrypoints.firebase.FirebaseMessagingServiceImpl
01-19 23:01:39.832 26392 26450 W ProcStatsManager: No process com.google.android.googlequicksearchbox:search/10253 for service com.google.frameworks.client.data.android.server.tiktok.assistant.SearchProcessEndpointService
01-19 23:01:39.832 26392 26450 W ProcStatsManager: No process com.google.android.googlequicksearchbox:googleapp/10253 for service com.google.android.libraries.search.integrations.tiktok.RemoteWorkerService_googleapp
01-19 23:01:39.832 26392 26450 W ProcStatsManager: No process com.google.android.googlequicksearchbox:googleapp/10253 for service com.google.android.apps.gsa.nowoverlayservice.DrawerOverlayService
01-19 23:01:39.832 26392 26450 W ProcStatsManager: No process com.google.android.googlequicksearchbox:search/10253 for service com.google.android.libraries.search.integrations.tiktok.RemoteWorkerService_search
01-19 23:01:39.832 26392 26450 W ProcStatsManager: No process com.google.android.googlequicksearchbox:search/10253 for service androidx.work.impl.background.systemjob.SystemJobService
01-19 23:01:39.832 26392 26450 W ProcStatsManager: No process com.sec.android.app.bluetoothagent/1002 for service com.sec.android.app.bluetoothagent.BluetoothBDTestService
01-19 23:01:39.832 26392 26450 W ProcStatsManager: No process com.samsung.android.calendar/10306 for service com.samsung.android.app.icalendar.DeleteCalendarFilesService
01-19 23:01:39.832 26392 26450 W ProcStatsManager: No process com.samsung.android.calendar/10306 for service com.samsung.android.libcalendar.platform.jobservice.CalendarProviderObserverJobService
01-19 23:01:39.832 26392 26450 W ProcStatsManager: No process com.osp.app.signin/10115 for service androidx.room.MultiInstanceInvalidationService
01-19 23:01:39.832 26392 26450 W ProcStatsManager: No process com.osp.app.signin/10115 for service com.msc.sa.service.RequestService
01-19 23:01:39.832 26392 26450 W ProcStatsManager: No process com.osp.app.signin/10115 for service androidx.work.impl.background.systemjob.SystemJobService
01-19 23:01:39.832 26392 26450 W ProcStatsManager: No process com.google.android.apps.googleassistant:remote/10256 for service com.google.android.apps.googleassistant.AssistantStatusUpdateService
01-19 23:01:39.832 26392 26450 W ProcStatsManager: No process com.samsung.android.aremoji/10043 for service com.samsung.android.aremoji.provider.LocaleChangeService
01-19 23:01:39.832 26392 26450 W ProcStatsManager: No process com.touchtype.swiftkey/10145 for service com.touchtype.telemetry.TelemetryJobIntentService
01-19 23:01:39.832 26392 26450 W ProcStatsManager: No process com.touchtype.swiftkey/10145 for service com.touchtype.scheduler.SwiftKeyJobService
01-19 23:01:39.832 26392 26450 W ProcStatsManager: No process com.touchtype.swiftkey/10145 for service com.google.firebase.sessions.SessionLifecycleService
01-19 23:01:39.832 26392 26450 W ProcStatsManager: No process com.touchtype.swiftkey/10145 for service com.touchtype.telemetry.TelemetryService
01-19 23:01:39.832 26392 26450 W ProcStatsManager: No process com.samsung.android.smartmirroring:smartview/10217 for service com.samsung.android.smartmirroring.controller.NotificationService
01-19 23:01:39.832 26392 26450 W ProcStatsManager: No process com.samsung.android.smartmirroring:smartview/10217 for service com.samsung.android.smartmirroring.tile.SmartMirroringTile
01-19 23:01:39.832 26392 26450 W ProcStatsManager: No process com.skms.android.agent:remote/1000 for service com.skms.android.agent.SKMSAgentService
01-19 23:01:39.832 26392 26450 W ProcStatsManager: No process com.skms.android.agent/1000 for service com.skms.android.agent.eSEStateService
01-19 23:01:39.832 26392 26450 W ProcStatsManager: No process com.samsung.android.incallui/1001 for service com.android.voicemail.impl.OmtpService
01-19 23:01:39.832 26392 26450 W ProcStatsManager: No process com.samsung.android.service.tagservice/10081 for service androidx.room.MultiInstanceInvalidationService
01-19 23:01:39.832 26392 26450 W ProcStatsManager: No process com.samsung.android.easysetup:IcControlService/10070 for service com.samsung.android.easysetup.icmanager.IcControlService
01-19 23:01:39.832 26392 26450 W ProcStatsManager: No process com.samsung.android.easysetup:IcControlService/10070 for service com.samsung.android.intelligentcontinuity.IntelligentContinuityService
01-19 23:01:39.832 26392 26450 W ProcStatsManager: No process com.samsung.android.vtcamerasettings/1000 for service com.samsung.android.vtcamerasettings.ObserveCameraStateService
01-19 23:01:39.832 26392 26450 W ProcStatsManager: No process com.whatsapp/10336 for service com.whatsapp.contact.ui.sync.ContactsSyncAdapterService
01-19 23:01:39.832 26392 26450 W ProcStatsManager: No process com.whatsapp/10336 for service com.whatsapp.infra.push.RegistrationIntentService
01-19 23:01:39.832 26392 26450 W ProcStatsManager: No process com.whatsapp/10336 for service com.whatsapp.infra.crash.upload.ExceptionsUploadService
01-19 23:01:39.832 26392 26450 W ProcStatsManager: No process com.whatsapp/10336 for service com.whatsapp.messageservice.messaging.MessageService
01-19 23:01:39.832 26392 26450 W ProcStatsManager: No process com.whatsapp/10336 for service com.whatsapp.alarmservice.AlarmService
01-19 23:01:39.832 26392 26450 W ProcStatsManager: No process com.whatsapp/10336 for service com.whatsapp.infra.push.GcmListenerService
01-19 23:01:39.832 26392 26450 W ProcStatsManager: No process com.whatsapp/10336 for service androidx.work.impl.background.systemjob.SystemJobService
01-19 23:01:39.832 26392 26450 W ProcStatsManager: No process com.whatsapp/10336 for service com.whatsapp.infra.push.RegistrationIntentService
01-19 23:01:39.832 26392 26450 W ProcStatsManager: No process com.whatsapp/10336 for service com.whatsapp.infra.crash.upload.ExceptionsUploadService
01-19 23:01:39.832 26392 26450 W ProcStatsManager: No process com.whatsapp/10336 for service com.whatsapp.messageservice.messaging.MessageService
01-19 23:01:39.832 26392 26450 W ProcStatsManager: No process com.whatsapp/10336 for service com.whatsapp.alarmservice.AlarmService
01-19 23:01:39.832 26392 26450 W ProcStatsManager: No process nz.govt.at.atmobile/10370 for service com.google.firebase.sessions.SessionLifecycleService
01-19 23:01:39.832 26392 26450 W ProcStatsManager: No process nz.govt.at.atmobile/10370 for service com.mapbox.common.LifecycleService
01-19 23:01:39.832 26392 26450 W ProcStatsManager: No process nz.govt.at.atmobile/10370 for service com.google.android.datatransport.runtime.scheduling.jobscheduling.JobInfoSchedulerService
01-19 23:01:39.832 26392 26450 W ProcStatsManager: No process nz.govt.at.atmobile/10370 for service com.google.firebase.sessions.SessionLifecycleService
01-19 23:01:39.832 26392 26450 W ProcStatsManager: No process nz.govt.at.atmobile/10370 for service com.mapbox.common.LifecycleService
01-19 23:01:39.832 26392 26450 W ProcStatsManager: No process com.google.android.apps.messaging/10251 for service com.google.android.apps.messaging.shared.datamodel.action.execution.ActionExecutorImpl$EmptyService
01-19 23:01:39.832 26392 26450 W ProcStatsManager: No process com.google.android.apps.messaging/10251 for service com.google.apps.tiktok.concurrent.AndroidFuturesService
01-19 23:01:39.832 26392 26450 W ProcStatsManager: No process com.google.android.apps.messaging/10251 for service com.google.android.apps.messaging.shared.datamodel.action.execution.ActionJobService
01-19 23:01:39.832 26392 26450 W ProcStatsManager: No process com.google.android.apps.messaging/10251 for service com.google.apps.tiktok.concurrent.InternalForegroundService
01-19 23:01:39.832 26392 26450 W ProcStatsManager: No process com.google.android.apps.messaging/10251 for service androidx.work.impl.background.systemjob.SystemJobService
01-19 23:01:39.832 26392 26450 W ProcStatsManager: No process com.samsung.faceservice/5004 for service androidx.work.impl.background.systemjob.SystemJobService
01-19 23:01:39.832 26392 26450 W ProcStatsManager: No process com.samsung.gpuwatchapp/1000 for service com.samsung.gpuwatchapp.ControlService
01-19 23:01:39.832 26392 26450 W ProcStatsManager: No process com.samsung.android.simagent/1000 for service com.samsung.android.simagent.push.RefreshPushTokenScheduler
01-19 23:01:39.832 26392 26450 W ProcStatsManager: No process com.samsung.android.simagent/1000 for service com.samsung.android.simagent.push.SmpHandler
01-19 23:01:39.832 26392 26450 W ProcStatsManager: No process com.samsung.android.email.provider/10338 for service com.samsung.android.email.controller.InternalBroadcastService
01-19 23:01:39.832 26392 26450 W ProcStatsManager: No process com.samsung.android.email.provider/10338 for service com.samsung.android.email.sync.service.EmailService
01-19 23:01:39.832 26392 26450 W ProcStatsManager: No process com.samsung.android.email.provider/10338 for service com.samsung.android.email.provider.service.EmailProviderBroadcastProcessorIntentService
01-19 23:01:39.832 26392 26450 W ProcStatsManager: No process com.samsung.android.email.provider/10338 for service com.samsung.android.email.controller.InternalBroadcastService
01-19 23:01:39.832 26392 26450 W ProcStatsManager: No process com.samsung.android.email.provider/10338 for service com.samsung.android.email.sync.service.EmailService
01-19 23:01:39.832 26392 26450 W ProcStatsManager: No process com.samsung.android.email.provider/10338 for service com.samsung.android.email.provider.service.EmailProviderBroadcastProcessorIntentService
01-19 23:01:39.832 26392 26450 W ProcStatsManager: No process com.sec.android.app.samsungapps/10085 for service com.sec.android.app.samsungapps.preloadupdate.SystemUpdateNotificationService
01-19 23:01:39.832 26392 26450 W ProcStatsManager: No process com.sec.android.app.samsungapps/10085 for service com.sec.android.app.samsungapps.jobscheduling.PollJobService
01-19 23:01:39.832 26392 26450 W ProcStatsManager: No process com.sec.android.app.samsungapps/10085 for service com.samsung.android.sdk.smp.SmpJobService
01-19 23:01:39.832 26392 26450 W ProcStatsManager: No process com.sec.android.app.samsungapps/10085 for service androidx.work.impl.background.systemjob.SystemJobService
01-19 23:01:39.832 26392 26450 W ProcStatsManager: No process com.samsung.android.inputshare/10097 for service com.samsung.android.inputshare.settings.MCTileService
01-19 23:01:39.832 26392 26450 W ProcStatsManager: No process com.taiwanmobile.pt.customerservice/10369 for service com.google.firebase.sessions.SessionLifecycleService
01-19 23:01:39.832 26392 26450 W ProcStatsManager: No process com.samsung.android.visual.cloudcore/10382 for service com.samsung.android.visual.cloudcore.visual.imageeditor.ImageEditorService
01-19 23:01:39.832 26392 26450 W ProcStatsManager: No process com.samsung.android.wifi.intelligence:iwhTrService/1000 for service com.samsung.android.wifi.intelligence.iwh.IwhTrService
01-19 23:01:39.832 26392 26450 W ProcStatsManager: No process com.samsung.android.wifi.intelligence:iwhInfService/1000 for service com.samsung.android.wifi.intelligence.iwh.IwhInfService
01-19 23:01:39.832 26392 26450 W ProcStatsManager: No process com.android.vending/10252 for service com.google.android.finsky.installservice.DevTriggeredUpdateService
01-19 23:01:39.832 26392 26450 W ProcStatsManager: No process com.android.vending/10252 for service com.google.android.finsky.verifier.impl.service.impl.PackageVerificationService
01-19 23:01:39.832 26392 26450 W ProcStatsManager: No process com.android.vending/10252 for service com.google.android.finsky.services.LicensingService
01-19 23:01:39.832 26392 26450 W ProcStatsManager: No process com.android.vending/10252 for service com.google.frameworks.client.data.android.server.play.MainProcessEndpointService
01-19 23:01:39.832 26392 26450 W ProcStatsManager: No process com.android.vending/10252 for service com.google.android.finsky.expressintegrityservice.ExpressIntegrityService
01-19 23:01:39.832 26392 26450 W ProcStatsManager: No process com.android.vending:background/10252 for service com.google.android.finsky.scheduler.process.backgroundimpl.PhoneskyJobServiceBackground
01-19 23:01:39.832 26392 26450 W ProcStatsManager: No process com.android.vending/10252 for service com.google.android.finsky.scheduler.process.mainimpl.PhoneskyJobServiceMain
01-19 23:01:39.832 26392 26450 W ProcStatsManager: No process com.android.vending/10252 for service com.google.android.finsky.setup.dse.impl.DseService
01-19 23:01:39.832 26392 26450 W ProcStatsManager: No process com.android.vending/10252 for service com.google.android.finsky.billing.iab.InAppBillingService
01-19 23:01:39.832 26392 26450 W ProcStatsManager: No process com.android.vending:instant_app_installer/10252 for service com.google.android.finsky.instantapps.metrics.LogFlushJob
01-19 23:01:39.832 26392 26450 W ProcStatsManager: No process com.android.vending/10252 for service com.google.android.finsky.developergroupidinfo.DeveloperGroupIdInfoService
01-19 23:01:39.832 26392 26450 W ProcStatsManager: No process com.android.vending:quick_launch/10252 for service com.google.frameworks.client.data.android.server.play.QuickLaunchProcessEndpointService
01-19 23:01:39.832 26392 26450 W ProcStatsManager: No process com.android.vending/10252 for service com.google.android.finsky.crossprofile.ProfileStateService
01-19 23:01:39.832 26392 26450 W ProcStatsManager: No process com.android.vending/10252 for service com.google.android.finsky.verifier.impl.api.safetynet.PackageVerificationApiService
01-19 23:01:39.832 26392 26450 W ProcStatsManager: No process com.android.vending:background/10252 for service com.google.frameworks.client.data.android.server.play.BackgroundProcessEndpointService
01-19 23:01:39.832 26392 26450 W ProcStatsManager: No process com.android.vending/10252 for service com.google.android.finsky.contentfilterui.ContentFiltersService
01-19 23:01:39.832 26392 26450 W ProcStatsManager: No process com.android.vending:background/10252 for service com.google.android.finsky.downloadservice.DownloadService
01-19 23:01:39.832 26392 26450 W ProcStatsManager: No process com.android.vending/10252 for service com.google.android.finsky.splitinstallservice.SplitInstallService
01-19 23:01:39.832 26392 26450 W ProcStatsManager: No process com.android.vending/10252 for service com.google.android.finsky.assetmoduleservice.AssetModuleService
01-19 23:01:39.832 26392 26450 W ProcStatsManager: No process com.android.vending:background/10252 for service com.google.android.finsky.multiusercoordinator.MultiUserCoordinatorService
01-19 23:01:39.832 26392 26392 D MNXBPrefController: getPreferenceKey()
01-19 23:01:39.832 26392 26450 W ProcStatsManager: No process com.samsung.android.intellivoiceservice/10118 for service com.samsung.android.intellivoiceservice.llm.OnDeviceService
01-19 23:01:39.832 26392 26450 W ProcStatsManager: No process com.samsung.android.intellivoiceservice/10118 for service com.samsung.android.intellivoiceservice.llm.SummarizationService
01-19 23:01:39.832 26392 26392 D MNXBPrefController: isAvailable
01-19 23:01:39.832 26392 26392 D MNXBPrefController: getPreferenceKey()
01-19 23:01:39.832 26392 26450 W ProcStatsManager: No process com.samsung.android.intellivoiceservice/10118 for service com.samsung.android.intellivoiceservice.llm.EmojiAugmentationService
01-19 23:01:39.832 26392 26450 W ProcStatsManager: No process com.samsung.android.intellivoiceservice/10118 for service com.samsung.android.intellivoiceservice.llm.CorrectionService
01-19 23:01:39.832 26392 26450 W ProcStatsManager: No process com.samsung.android.intellivoiceservice:translation/10118 for service com.samsung.android.intellivoiceservice.aitranslator.TranslationService
01-19 23:01:39.832 26392 26450 W ProcStatsManager: No process com.samsung.android.intellivoiceservice/10118 for service com.samsung.android.intellivoiceservice.llm.WritingComposerService
01-19 23:01:39.832 26392 26450 W ProcStatsManager: No process com.samsung.android.intellivoiceservice/10118 for service com.samsung.android.intellivoiceservice.llm.ToneConvertService
01-19 23:01:39.832 26392 26450 W ProcStatsManager: No process com.samsung.android.intellivoiceservice/10118 for service com.samsung.android.intellivoiceservice.llm.ConfigurationService
01-19 23:01:39.832 26392 26450 W ProcStatsManager: No process com.samsung.android.intellivoiceservice/10118 for service androidx.work.impl.background.systemjob.SystemJobService
01-19 23:01:39.832 26392 26450 W ProcStatsManager: No process com.samsung.android.kmxservice/10087 for service androidx.work.multiprocess.RemoteWorkManagerService
01-19 23:01:39.832 26392 26450 W ProcStatsManager: No process com.samsung.android.kmxservice/10087 for service com.samsung.android.kmxservice.trustchain.TrustChainAgent
01-19 23:01:39.832 26392 26450 W ProcStatsManager: No process com.samsung.android.kmxservice/10087 for service androidx.work.impl.background.systemjob.SystemJobService
01-19 23:01:39.832 26392 26450 W ProcStatsManager: No process com.android.carrierconfig/10273 for service com.android.carrierconfig.DefaultCarrierConfigService
01-19 23:01:39.832 26392 26450 W ProcStatsManager: No process com.samsung.SMT/1000 for service com.samsung.SMT.SamsungTTSService
01-19 23:01:39.832 26392 26450 W ProcStatsManager: No process com.samsung.cmh/5004 for service com.samsung.cmh.core.cmhjobservice.CMHJobService
01-19 23:01:39.832 26392 26450 W ProcStatsManager: No process com.samsung.android.sm.devicesecurity/10136 for service androidx.work.impl.background.systemjob.SystemJobService
01-19 23:01:39.832 26392 26450 W ProcStatsManager: No process com.dyson.mobile.android/10046 for service com.salesforce.marketingcloud.MCService
01-19 23:01:39.832 26392 26450 W ProcStatsManager: No process com.dyson.mobile.android/10046 for service com.salesforce.marketingcloud.MCService
