01-19 23:01:39.838 26392  5788 D SecTileUtils: setMetaData key : Pair{com.samsung.android.emergency com.samsung.android.emergency.settings.ui.EmergencySettingsActivity} , categoryKey com.android.settings.category.ia.safety_emergency
01-19 23:01:39.839 26392  5788 D SecTileUtils: setMetaData key : Pair{com.sec.android.app.safetyassurance com.sec.android.app.safetyassurance.settings.EmergencySharingActivity} , categoryKey com.android.settings.category.ia.safety_emergency
01-19 23:01:39.839  1754  2518 I SurfaceFlinger: id=1834 createSurf, flag=24000, Surface(name=cb92797 NavigationBar0)/@0x9eaac77 - animation-leash of insets_animation#1834
01-19 23:01:39.839  2600  4445 D WindowManager: makeSurface duration=0 leash=Surface(name=Surface(name=cb92797 NavigationBar0)/@0x9eaac77 - animation-leash of insets_animation)/@0xe2a6bd
01-19 23:01:39.839 26392  5788 I SecTileUtils: loadTilesForAction com.android.settings.MANUFACTURER_APPLICATION_SETTING
01-19 23:01:39.839  2600  4445 D InsetsSourceProvider: updateControlForTarget: control=InsetsSourceControl: {fc4a0001 mType=navigationBars initiallyVisible mSurfacePosition=Point(0, 2178) mInsetsHint=Insets{left=0, top=0, right=0, bottom=162}}, target=Window{bed00a7 u0 com.android.settings/com.android.settings.SubSettings}, from=com.android.server.wm.InsetsStateController.onControlTargetChanged:83 com.android.server.wm.InsetsPolicy.updateBarControlTarget:225 com.android.server.wm.DisplayPolicy.updateSystemBarAttributes:262 com.android.server.wm.DisplayPolicy.finishPostLayoutPolicyLw:17 com.android.server.wm.RootWindowContainer.applySurfaceChangesTransaction$1:195 
01-19 23:01:39.839  2600  4445 I WindowManager: Cancelling animation restarting=true, leash=Surface(name=Surface(name=aeb94d6 StatusBar)/@0x6b27c02 - animation-leash of insets_animation)/@0x8e2fc1f
01-19 23:01:39.839  2600  4445 I WindowManager: Reparenting to original parent: Surface(name=WindowToken{fafd0f1 type=2000 android.os.BinderProxy@e81fa7b})/@0x7539913, destroy=false, surface=Surface(name=aeb94d6 StatusBar)/@0x6b27c02
01-19 23:01:39.839  2600  4445 I WindowManager: Reparenting to leash, surface=Surface(name=aeb94d6 StatusBar)/@0x6b27c02, leashParent=Surface(name=WindowToken{fafd0f1 type=2000 android.os.BinderProxy@e81fa7b})/@0x7539913
01-19 23:01:39.839  1754  2518 I SurfaceFlinger: id=1835 createSurf, flag=24000, Surface(name=aeb94d6 StatusBar)/@0x6b27c02 - animation-leash of insets_animation#1835
01-19 23:01:39.839  2600  4445 D WindowManager: makeSurface duration=0 leash=Surface(name=Surface(name=aeb94d6 StatusBar)/@0x6b27c02 - animation-leash of insets_animation)/@0x3ffd780
01-19 23:01:39.839  2600  4445 D InsetsSourceProvider: updateControlForTarget: control=InsetsSourceControl: {ed610000 mType=statusBars initiallyVisible mSurfacePosition=Point(0, 0) mInsetsHint=Insets{left=0, top=84, right=0, bottom=0}}, target=Window{bed00a7 u0 com.android.settings/com.android.settings.SubSettings}, from=com.android.server.wm.InsetsStateController.onControlTargetChanged:83 com.android.server.wm.InsetsPolicy.updateBarControlTarget:212 com.android.server.wm.DisplayPolicy.updateSystemBarAttributes:262 com.android.server.wm.DisplayPolicy.finishPostLayoutPolicyLw:17 com.android.server.wm.RootWindowContainer.applySurfaceChangesTransaction$1:195 
01-19 23:01:39.839  2600  4445 D WindowManager: updateSystemBarAttributes: displayId=0, focusedCanBeNavColorWin=false, win=Window{bed00a7 u0 com.android.settings/com.android.settings.SubSettings}, navColorWin=Window{bed00a7 u0 com.android.settings/com.android.settings.SubSettings}, caller=com.android.server.wm.DisplayPolicy.finishPostLayoutPolicyLw:17 com.android.server.wm.RootWindowContainer.applySurfaceChangesTransaction$1:195 com.android.server.wm.RootWindowContainer.performSurfacePlacementNoTrace:59 
01-19 23:01:39.839  2600  4445 D WindowManager: updateSystemBarAttributes, bhv=1, apr=24, statusBarAprRegions=[AppearanceRegion{LIGHT_STATUS_BARS bounds=[0,0][1080,2340]}], requestedVisibilities=-9
01-19 23:01:39.839  2600  4445 D SurfaceComposerClient: setCornerRadius ## 1aea7ad SnapshotStartingWindow for taskId=40#1828 cornerRadius=0.000000
01-19 23:01:39.839  2600  4445 D SurfaceComposerClient: setCornerRadius ## bed00a7 com.android.settings/com.android.settings.SubSettings#1545 cornerRadius=0.000000
01-19 23:01:39.840  2600  4445 D WindowManager: Changing focus from null to Window{bed00a7 u0 com.android.settings/com.android.settings.SubSettings} displayId=0 Callers=com.android.server.wm.WindowManagerService.relayoutWindow:1350 com.android.server.wm.Session.relayout:27 android.view.IWindowSession$Stub.onTransact:829 com.android.server.wm.Session.onTransact:1 
01-19 23:01:39.840  3816  3816 D SamsungLightBarControlHelper: updateStatusBar (BLACK icon) numStacks:1, StatusBarMode:MODE_TRANSPARENT, lightBarBounds:[Rect(0, 0 - 1080, 2340)], StatusBarState:SHADE, packageName:, isWhiteKeyguardStatusBar:false
01-19 23:01:39.840  2600  4445 V SystemKeyManager: updateFocusedWindow() is called, com.android.settings/com.android.settings.SubSettings
01-19 23:01:39.840  3816  3816 D SamsungLightBarControlHelper: onStatusBarAppearanceChanged() -  sbModeChanged:false, statusBarMode:0, barState:MODE_TRANSPARENT, isKeyguardShowing:false, navbarColorManagedByIme:false, (AppearanceRegion{LIGHT_STATUS_BARS bounds=[0,0][1080,2340]}, )
01-19 23:01:39.840  3816  3816 D NavigationBar: onSystemBarAttributesChanged() -  displayId:0, appearance:24, packageName: com.android.settings (APPEARANCE_LIGHT_STATUS_BARS APPEARANCE_LIGHT_NAVIGATION_BARS ), navbarColorManagedByIme:false
01-19 23:01:39.840  3816  3816 D SamsungLightBarControlHelper: updateNavigationBar (BLACK button) isLightOpaque:false, hasLightNavigationBarFlag:true, packageName:com.android.settings, DirectReplying:false, NavBarColorMangedByIme:false, ForceDarkForScrim:false, ForceLightForScrim:false, QsCustomizing:false, QsExpanded:false
01-19 23:01:39.840  2600  4445 I WindowManager: Relayout hash=bed00a7, pid=26392, syncId=-1: mAttrs={(0,0)(fillxfill) sim={adjust=resize forwardNavigation} layoutInDisplayCutoutMode=always ty=BASE_APPLICATION wanim=0x1030306
01-19 23:01:39.840  2600  4445 I WindowManager:   fl=81810100
01-19 23:01:39.840  2600  4445 I WindowManager:   pfl=10088840
01-19 23:01:39.840  2600  4445 I WindowManager:   vsysui=2010
01-19 23:01:39.840  2600  4445 I WindowManager:   apr=18
01-19 23:01:39.840  2600  4445 I WindowManager:   bhv=1
01-19 23:01:39.840  2600  4445 I WindowManager:   fitSides=0
01-19 23:01:39.840  2600  4445 I WindowManager:   frameRateBoostOnTouch=true
01-19 23:01:39.840  2600  4445 I WindowManager:   dvrrWindowFrameRateHint=true naviIconColor=0
01-19 23:01:39.840  2600  4445 I WindowManager:   sfl=100001}
01-19 23:01:39.841 26392 26392 I BufferQueueProducer: [](id:67180000001f,api:0,p:-1275068304,c:26392) setDequeueTimeout:2077252342
01-19 23:01:39.841 26392 26392 I BLASTBufferQueue_Java: new BLASTBufferQueue, mName= VRI[SubSettings]@9d7e8dc mNativeObject= 0xb400006f436ff230 caller= android.view.ViewRootImpl.updateBlastSurfaceIfNeeded:3585 android.view.ViewRootImpl.relayoutWindow:11685 android.view.ViewRootImpl.performTraversals:4804 android.view.ViewRootImpl.doTraversal:3924 android.view.ViewRootImpl$TraversalRunnable.run:12903 android.view.Choreographer$CallbackRecord.run:1901 android.view.Choreographer$CallbackRecord.run:1910 android.view.Choreographer.doCallbacks:1367 android.view.Choreographer.doFrame:1292 android.view.Choreographer$FrameDisplayEventReceiver.run:1870 
01-19 23:01:39.841 26392 26392 I BLASTBufferQueue_Java: update, w= 1080 h= 2340 mName = VRI[SubSettings]@9d7e8dc mNativeObject= 0xb400006f436ff230 sc.mNativeObject= 0xb40000712361c850 format= -1 caller= android.view.ViewRootImpl.updateBlastSurfaceIfNeeded:3590 android.view.ViewRootImpl.relayoutWindow:11685 android.view.ViewRootImpl.performTraversals:4804 android.view.ViewRootImpl.doTraversal:3924 android.view.ViewRootImpl$TraversalRunnable.run:12903 android.view.Choreographer$CallbackRecord.run:1901 
01-19 23:01:39.841 26392 26392 I VRI[SubSettings]@9d7e8dc: Relayout returned: old=(0,0,1080,2340) new=(0,0,1080,2340) relayoutAsync=false req=(1080,2340)0 dur=4 res=0x3 s={true 0xb400006f638cfdf0} ch=true seqId=0
01-19 23:01:39.842  4441   583 I HoneySpace.SystemUiRepository: systemUiFlags: allow_gesture|awake
01-19 23:01:39.842 26392 26392 D VRI[SubSettings]@9d7e8dc: mThreadedRenderer.initialize() mSurface={isValid=true 0xb400006f638cfdf0} hwInitialized=true
01-19 23:01:39.843 26392 26392 D VRI[SubSettings]@9d7e8dc: reportNextDraw android.view.ViewRootImpl.performTraversals:5443 android.view.ViewRootImpl.doTraversal:3924 android.view.ViewRootImpl$TraversalRunnable.run:12903 android.view.Choreographer$CallbackRecord.run:1901 android.view.Choreographer$CallbackRecord.run:1910 
01-19 23:01:39.843  2600  4445 W ParceledListSlice: Element #11 is 37020 bytes.
01-19 23:01:39.843  4441  4566 I HoneySpace.TaskbarEventTracker: invokeEvent() called with: event = SystemUiStateChanged(stateFlags=268566528)
01-19 23:01:39.843 26392 26392 D VRI[SubSettings]@9d7e8dc: Setup new sync=wmsSync-VRI[SubSettings]@9d7e8dc#68
01-19 23:01:39.843 26392 26392 I VRI[SubSettings]@9d7e8dc: Creating new active sync group VRI[SubSettings]@9d7e8dc#69
01-19 23:01:39.843 26392 26392 D VRI[SubSettings]@9d7e8dc: Start draw after previous draw not visible
01-19 23:01:39.843 26392 26392 D VRI[SubSettings]@9d7e8dc: registerCallbacksForSync syncBuffer=false
01-19 23:01:39.847 26392 26392 I View    : RoundedCornerOffset Pair{0 0}
01-19 23:01:39.847 26392 26454 D VRI[SubSettings]@9d7e8dc: Received frameDrawingCallback syncResult=0 frameNum=1.
01-19 23:01:39.847 26392  5788 D SecTileUtils: setMetaData key : Pair{com.samsung.android.app.telephonyui com.samsung.android.app.telephonyui.netsettings.ui.NetSettingsActivity} , categoryKey com.android.settings.category.ia.homepage
01-19 23:01:39.847 26392 26454 I VRI[SubSettings]@9d7e8dc: mWNT: t=0xb400007113645250 mBlastBufferQueue=0xb400006f436ff230 fn= 1 HdrRenderState mRenderHdrSdrRatio=1.0 caller= android.view.ViewRootImpl$12.onFrameDraw:15441 android.view.ThreadedRenderer$1.onFrameDraw:718 <bottom of call stack> 
01-19 23:01:39.847 26392  5788 D SecTileUtils: META_DATA_SAMSUNG_TILE_ID/META_DATA_TILE_ID tile.tileId : mobile_networks
01-19 23:01:39.847 26392 26420 W qdgralloc: getInterlacedFlag: getMetaData returned 3, defaulting to interlaced_flag = 0
01-19 23:01:39.847 26392  5788 D SecTileUtils: META_DATA_PREFERENCE_SUPPORT tile.support : VZW,UPSM,KIOSKCONTAINER
01-19 23:01:39.847 26392 26454 I VRI[SubSettings]@9d7e8dc: Setting up sync and frameCommitCallback
01-19 23:01:39.847 26392  5788 I SecTileUtils: Sec Found com.samsung.android.themestore.activity.LauncherfromSetting for intent Intent { act=com.android.settings.MANUFACTURER_APPLICATION_SETTING } metadata Bundle[{com.android.settings.summary=2131886350, com.android.settings.support=Common,SkipMinimalBatteryUse,SkipDexMode, com.samsung.android.settings.menu.group=group2, com.samsung.android.settings.category=com.android.settings.category.ia.homepage, com.android.settings.order=-260000, com.android.settings.title=2131886436, com.android.settings.tileid=wallpapers_themes_settings, com.samsung.android.themestore.activity.meta.isMainActivity=true, com.android.settings.category=com.android.settings.category.device, com.android.settings.icon=2131230944}]
01-19 23:01:39.847 26392  5788 D SecTileUtils: setMetaData key : Pair{com.samsung.android.themestore com.samsung.android.themestore.activity.LauncherfromSetting} , categoryKey com.android.settings.category.ia.homepage
01-19 23:01:39.847 26392  5788 D SecTileUtils: META_DATA_SAMSUNG_TILE_ID/META_DATA_TILE_ID tile.tileId : wallpapers_themes_settings
01-19 23:01:39.847 26392  5788 D SecTileUtils: META_DATA_PREFERENCE_SUPPORT tile.support : Common,SkipMinimalBatteryUse,SkipDexMode
01-19 23:01:39.847 26392  5788 D SecTileUtils: setMetaData key : Pair{com.sec.android.app.launcher com.samsung.app.honeyspace.edge.edgepanel.app.setting.EdgeSettingMainActivity} , categoryKey com.android.settings.category.device
01-19 23:01:39.847 26392  5788 D SecTileUtils: META_DATA_SAMSUNG_TILE_ID/META_DATA_TILE_ID tile.tileId : edge_screen_settings
01-19 23:01:39.847 26392  5788 D SecTileUtils: META_DATA_PREFERENCE_SUPPORT tile.support : VZW
01-19 23:01:39.847 26392  5788 D SecTileUtils: setMetaData key : Pair{com.samsung.android.app.interpreter com.samsung.android.app.interpreter.interpretation.ui.view.EntryFromGlobalSettingsActivity} , categoryKey com.samsung.android.settings.category.ia.intelligenceservice
01-19 23:01:39.847 26392  5788 D SecTileUtils: setMetaData key : Pair{com.samsung.android.vtcamerasettings com.samsung.android.vtcamerasettings.settings.SettingsActivity} , categoryKey com.samsung.android.settings.category.ia.usefulfeatures
01-19 23:01:39.847 26392  5788 D SecTileUtils: META_DATA_SAMSUNG_TILE_ID/META_DATA_TILE_ID tile.tileId : 
01-19 23:01:39.848 26392  5788 I Settings: com.sec.android.app.shealth is not signed with platform key.
01-19 23:01:39.848 26392  5788 D SecTileUtils: setMetaData key : Pair{com.sec.android.app.shealth com.samsung.android.app.shealth.home.settings.advanced.generativeinsight.HealthAssistSettingsActivity} , categoryKey com.samsung.android.settings.category.ia.intelligenceservice
01-19 23:01:39.848 26392  5788 D SecTileUtils: setMetaData key : Pair{com.samsung.android.app.dressroom com.samsung.android.app.dressroom.presentation.landing.AdvancedIntelligenceActivity} , categoryKey com.samsung.android.settings.category.ia.intelligenceservice
01-19 23:01:39.848 26392  5788 D SecTileUtils: setMetaData key : Pair{com.samsung.android.app.sketchbook com.samsung.android.app.sketchbook.settings.AiDrawingSettingsActivity} , categoryKey com.samsung.android.settings.category.ia.intelligenceservice
01-19 23:01:39.848 26392  5788 D SecTileUtils: setMetaData key : Pair{com.samsung.android.app.smartcapture com.samsung.android.aidrawing.settings.AiDrawingSettingsActivity} , categoryKey com.samsung.android.settings.category.ia.intelligenceservice
01-19 23:01:39.848 26392  5788 D SecTileUtils: setMetaData key : Pair{com.samsung.android.app.telephonyui com.samsung.android.app.telephonyui.callsettings.ui.preference.CallSettingsActivity} , categoryKey com.samsung.android.settings.category.ia.intelligenceservice
01-19 23:01:39.848 26392  5788 D SecTileUtils: setMetaData key : Pair{com.samsung.android.honeyboard com.samsung.android.honeyboard.settings.aiwriter.WritingAssistSettings} , categoryKey com.samsung.android.settings.category.ia.intelligenceservice
01-19 23:01:39.848 26392  5788 D SecTileUtils: setMetaData key : Pair{com.samsung.android.smartsuggestions com.samsung.android.smartsuggestions.briefsettings.BriefMainSettingsActivity} , categoryKey com.samsung.android.settings.category.ia.intelligenceservice
01-19 23:01:39.848 26392  5788 D SecTileUtils: setMetaData key : Pair{com.sec.android.app.vepreload com.sec.android.app.vepreload.singleedit.activity.AutoTrimSettingActivity} , categoryKey com.samsung.android.settings.category.ia.intelligentfeatures
01-19 23:01:39.848 26392  5788 D SecTileUtils: setMetaData key : Pair{com.sec.android.app.vepreload com.sec.android.app.vepreload.singleedit.activity.AudioEraserSettingActivity} , categoryKey com.samsung.android.settings.category.ia.intelligenceservice
01-19 23:01:39.848 26392  5788 D SecTileUtils: setMetaData key : Pair{com.sec.android.gallery3d com.samsung.android.gallery.settings.activity.EditSuggestionsActivity} , categoryKey com.samsung.android.settings.category.ia.intelligentfeatures
01-19 23:01:39.848 26392  5788 D SecTileUtils: setMetaData key : Pair{com.sec.android.mimage.photoretouching com.sec.android.mimage.photoretouching.SettingsActivity} , categoryKey com.samsung.android.settings.category.ia.intelligenceservice
01-19 23:01:39.848 26392  5788 D SecTileUtils: setMetaData key : Pair{com.sec.android.mimage.photoretouching com.sec.android.mimage.photoretouching.BestFaceSettingsActivity} , categoryKey com.samsung.android.settings.category.ia.intelligentfeatures
01-19 23:01:39.848 26392  5788 D SecTileUtils: setMetaData key : Pair{com.sec.android.mimage.photoretouching com.sec.android.mimage.photoretouching.AIRemoverSettingsActivity} , categoryKey com.samsung.android.settings.category.ia.intelligentfeatures
01-19 23:01:39.848 26392  5788 D SecTileUtils: setMetaData key : Pair{com.sec.unifiedwfc com.sec.unifiedwfc.SettingsConnWfc} , categoryKey com.samsung.android.settings.category.ia.connections_settings
01-19 23:01:39.848 26392  5788 D SecTileUtils: setMetaData key : Pair{com.sec.unifiedwfc com.sec.unifiedwfc.SettingsConnWfcWithToggle} , categoryKey com.samsung.android.settings.category.ia.connections_settings
01-19 23:01:39.849 26392  5788 D SecTileUtils: setMetaData key : Pair{com.samsung.android.app.notes com.samsung.android.support.senl.nt.app.settings.SettingsMainActivity} , categoryKey com.samsung.android.settings.category.ia.intelligenceservice
01-19 23:01:39.849 26392  5788 D SecTileUtils: setMetaData key : Pair{com.sec.android.app.sbrowser com.sec.android.app.sbrowser.settings.SettingsActivity} , categoryKey com.samsung.android.settings.category.ia.intelligenceservice
01-19 23:01:39.849  1754  1754 I SurfaceFlinger: [com.android.settings/com.android.settings.SubSettings$_26392#1833] attach to parent LayerHierarchy{RequestedLayerState{bed00a7 com.android.settings/com.android.settings.SubSettings#1545 parentId=1544} 1 children}
01-19 23:01:39.849  1754  1754 I SurfaceFlinger: [Surface(name=cb92797 NavigationBar0)/@0x9eaac77 - animation-leash of insets_animation#1834] attach to parent LayerHierarchy{RequestedLayerState{WindowToken{6fae216 type=2019 android.os.BinderProxy@5ba0bd8}#90 parentId=34} 2 children}
01-19 23:01:39.849  1754  1754 I SurfaceFlinger: [Surface(name=aeb94d6 StatusBar)/@0x6b27c02 - animation-leash of insets_animation#1835] attach to parent LayerHierarchy{RequestedLayerState{WindowToken{fafd0f1 type=2000 android.os.BinderProxy@e81fa7b}#94 parentId=17} 2 children}
01-19 23:01:39.849 26392  5788 D SecTileUtils: setMetaData key : Pair{com.sec.android.app.sbrowser com.sec.android.app.sbrowser.settings.SettingsActivityIntelligentFeatures} , categoryKey com.samsung.android.settings.category.ia.intelligentfeatures
01-19 23:01:39.849 26392  5788 D SecTileUtils: setMetaData key : Pair{com.sec.android.app.voicenote com.sec.android.app.voicenote.activity.TranscriptionAssistActivity} , categoryKey com.samsung.android.settings.category.ia.intelligenceservice
01-19 23:01:39.849 26392  5788 I SecTileUtils: loadTilesForAction com.android.settings.action.EXTRA_SETTINGS
01-19 23:01:39.850 26392  5788 D SecTileUtils: setMetaData key : Pair{com.google.android.gms com.google.android.gms.app.settings.GoogleSettingsLink} , categoryKey com.android.settings.category.personal
01-19 23:01:39.850 26392  5788 I SecTileUtils: loadTilesForAction com.android.settings.action.IA_SETTINGS
01-19 23:01:39.850 26392 26420 I BLASTBufferQueue: [VRI[SubSettings]@9d7e8dc#31](f:0,a:0,s:0) onFrameAvailable the first frame is available
01-19 23:01:39.850 26392 26420 I SurfaceComposerClient: apply transaction with the first frame. layerId: 1833, bufferData(ID: 113352776876159, frameNumber: 1)
01-19 23:01:39.850  4441  6592 I VRI[RecentsActivity]@f1ef227: mWNT: t=0xb4000071136bfc10 mBlastBufferQueue=0xb400006f43721450 fn= 44 HdrRenderState mRenderHdrSdrRatio=1.0 caller= com.android.systemui.shared.launcher.ViewRootImplCompat.mergeWithNextTransaction:4 com.honeyspace.transition.utils.SurfaceTransactionApplier.scheduleApply$lambda$1:16 com.honeyspace.transition.utils.SurfaceTransactionApplier.b:0 
01-19 23:01:39.851  1754  2519 I SurfaceFlinger: [com.android.settings/com.android.settings.SubSettings$_26392#1833] setTransactionState with the first frame. bufferData(ID: 113352776876159, frameNumber: 1)
01-19 23:01:39.851 26392 26420 I VRI[SubSettings]@9d7e8dc: Received frameCommittedCallback lastAttemptedDrawFrameNum=1 didProduceBuffer=true
01-19 23:01:39.851 26392 26392 D VRI[SubSettings]@9d7e8dc: reportDrawFinished seqId=0
01-19 23:01:39.851  2600  4445 D WindowManager: finishDrawingWindow: Window{bed00a7 u0 com.android.settings/com.android.settings.SubSettings} mDrawState=DRAW_PENDING seqId=0
01-19 23:01:39.852  2600  2875 D SurfaceComposerClient: setCornerRadius ## 1aea7ad SnapshotStartingWindow for taskId=40#1828 cornerRadius=0.000000
01-19 23:01:39.852  2600  2875 D SurfaceComposerClient: setCornerRadius ## bed00a7 com.android.settings/com.android.settings.SubSettings#1545 cornerRadius=0.000000
01-19 23:01:39.853  2600  2875 D SurfaceComposerClient: setCornerRadius ## 1aea7ad SnapshotStartingWindow for taskId=40#1828 cornerRadius=0.000000
01-19 23:01:39.853  2600  2875 V WindowManager: Finish starting ActivityRecord{237820253 u0 com.android.settings/.SubSettings t40}: first real window is shown, no animation
01-19 23:01:39.853  2600  2875 V WindowManager: Schedule remove starting ActivityRecord{237820253 u0 com.android.settings/.SubSettings t40} startingWindow=Window{1aea7ad u0 SnapshotStartingWindow for taskId=40} animate=false Callers=com.android.server.wm.ActivityRecord.removeStartingWindow:178 com.android.server.wm.WindowState.performShowLocked:183 com.android.server.wm.WindowStateAnimator.commitFinishDrawingLocked:73 com.android.server.wm.DisplayContent$$ExternalSyntheticLambda1.accept$com$android$server$wm$DisplayContent$$ExternalSyntheticLambda37:23 com.android.server.wm.DisplayContent$$ExternalSyntheticLambda1.accept:143 
01-19 23:01:39.853  2600  6319 W ParceledListSlice: Element #40 is 20200 bytes.
01-19 23:01:39.853  3816  3938 D ShellTaskOrganizer: removeStartingWindow, removalInfo=StartingWindowRemovalInfo{taskId=40 frame=null playRevealAnimation=false roundedCornerRadius=0.0 deferRemoveMode=0 windowlessSurface=false removeImmediately=false}
01-19 23:01:39.853  2600  2875 I ActivityTaskManager: done cause=notifyWindowsDrawn timestamp=2455973031145 info=TransitionInfo{e667318 a=ActivityRecord{237820253 u0 com.android.settings/.SubSettings t40} d=true}
01-19 23:01:39.853  2600  2875 D ActivityManagerPerformance: AMP_release() ACT_RESUME
01-19 23:01:39.853  2600  2875 V WindowManager: performShowLocked: mDrawState=HAS_DRAWN in Window{bed00a7 u0 com.android.settings/com.android.settings.SubSettings}
01-19 23:01:39.853  2600  2875 D SurfaceComposerClient: setCornerRadius ## bed00a7 com.android.settings/com.android.settings.SubSettings#1545 cornerRadius=0.000000
01-19 23:01:39.853  2600  2875 D SurfaceComposerClient: setCornerRadius ## 1aea7ad SnapshotStartingWindow for taskId=40#1828 cornerRadius=0.000000
01-19 23:01:39.854  2600  2875 D SurfaceComposerClient: setCornerRadius ## bed00a7 com.android.settings/com.android.settings.SubSettings#1545 cornerRadius=0.000000
01-19 23:01:39.854  2600  2875 D SurfaceComposerClient: setCornerRadius ## 1aea7ad SnapshotStartingWindow for taskId=40#1828 cornerRadius=0.000000
01-19 23:01:39.854  2600  2875 D SurfaceComposerClient: setCornerRadius ## bed00a7 com.android.settings/com.android.settings.SubSettings#1545 cornerRadius=0.000000
01-19 23:01:39.855 26392 26392 W ListPreference: Setting a summary with a String formatting marker is no longer supported. You should use a SummaryProvider instead.
01-19 23:01:39.855 26392 26392 W ListPreference: Setting a summary with a String formatting marker is no longer supported. You should use a SummaryProvider instead.
01-19 23:01:39.855 26392 26420 W qdgralloc: getInterlacedFlag: getMetaData returned 3, defaulting to interlaced_flag = 0
01-19 23:01:39.856  1626  1659 I HYPER-HAL: [RequestManager.cpp]releaseLocked(): Released ID : 3425670
01-19 23:01:39.858  2600  2871 D [secipm]: mSecIpmManager report to nap
01-19 23:01:39.858  2600  2871 I PkgPredictorService-SecIpmManagerServiceImpl: reportToNAP uid:1000 com.android.settings/com.android.settings.SubSettings thisTime:127
01-19 23:01:39.858  2600  2871 D PkgPredictorService-SecIpmManagerServiceImpl: reportToNAP: mHeavyLaunchCounter is false
01-19 23:01:39.859  6414 14855 I SDHMS:k : onTaskStackChanged
01-19 23:01:39.861  4441 28838 I HoneySpace.RecentTasks: onRecentTasksChanged
01-19 23:01:39.864  2600  4445 W ParceledListSlice: Element #48 is 36492 bytes.
01-19 23:01:39.865 26392  5788 D SecTileUtils: setMetaData key : Pair{com.google.android.gms com.google.android.gms.security.settings.VerifyAppsSettingsActivity} , categoryKey com.android.settings.category.ia.security
01-19 23:01:39.865 26392  5788 D SecTileUtils: setMetaData key : Pair{com.google.android.gms com.google.android.gms.mdm.settings.FindMyDeviceSettingsActivity} , categoryKey com.android.settings.category.ia.security
01-19 23:01:39.865 26392  5788 D SecTileUtils: setMetaData key : Pair{com.google.android.gms com.google.android.gms.update.SystemUpdateActivity} , categoryKey com.android.settings.category.ia.security
01-19 23:01:39.865 26392  5788 D SecTileUtils: setMetaData key : Pair{com.android.vending com.google.android.finsky.systemupdateactivity.SystemUpdateActivity} , categoryKey com.android.settings.category.ia.security
01-19 23:01:39.865 26392  5788 D SecTileUtils: setMetaData key : Pair{com.google.android.aicore com.google.android.apps.aicore.app.settings.AiCoreSettingsActivity} , categoryKey com.android.settings.category.ia.development
01-19 23:01:39.865 26392  5788 D SecTileUtils: setMetaData key : Pair{com.google.android.as com.google.android.apps.miphone.aiai.captions.settingsui.settingsactivity.CaptionsSettingsActivity} , categoryKey com.android.settings.category.ia.sound
01-19 23:01:39.865 26392  5788 D SecTileUtils: setMetaData key : Pair{com.google.android.as com.google.android.apps.miphone.aiai.settings.ui.user.AsiSettingsActivity} , categoryKey com.android.settings.category.ia.privacy
01-19 23:01:39.865 26392  5788 D SecTileUtils: setMetaData key : Pair{com.google.android.gms com.google.android.gms.accountsettings.ui.PrivacyHubActivityControlsActivity} , categoryKey com.android.settings.category.ia.privacy
01-19 23:01:39.865 26392  5788 D SecTileUtils: setMetaData key : Pair{com.google.android.gms com.google.android.gms.adsidentity.settings.AdsIdentityIaSettingsActivity} , categoryKey com.android.settings.category.ia.privacy
01-19 23:01:39.865 26392  5788 D SecTileUtils: setMetaData key : Pair{com.google.android.gms com.google.android.gms.auth.proximity.multidevice.SettingsActivity} , categoryKey com.android.settings.category.ia.device
01-19 23:01:39.865 26392  5788 W SecTileUtils: Found com.google.android.gms.auth.proximity.multidevice.SettingsMaterialNextActivity for intent Intent { act=com.android.settings.action.IA_SETTINGS } missing metadata 
01-19 23:01:39.865 26392  5788 D SecTileUtils: setMetaData key : Pair{com.google.android.gms com.google.android.gms.autofill.ui.AutofillSettingsPrivacyHubActivity} , categoryKey com.android.settings.category.ia.privacy
01-19 23:01:39.866 26392  5788 D SecTileUtils: setMetaData key : Pair{com.google.android.gms com.google.android.gms.app.settings.GoogleSettingsIALink} , categoryKey com.android.settings.category.ia.homepage
01-19 23:01:39.866 26392  5788 D SecTileUtils: setMetaData key : Pair{com.google.android.gms com.google.android.gms.location.settings.DrivingBehaviorPlatformSettingsActivity} , categoryKey com.android.settings.category.ia.emergency
01-19 23:01:39.866 26392  5788 D SecTileUtils: setMetaData key : Pair{com.google.android.gms com.google.android.gms.location.settings.EAlertPlatformSettingsActivity} , categoryKey com.android.settings.category.ia.emergency
01-19 23:01:39.866 26392  5788 D SecTileUtils: setMetaData key : Pair{com.google.android.gms com.google.android.gms.multidevice.ui.link.LinkDevicesSettingsAppCompatActivity} , categoryKey com.android.settings.category.ia.device
01-19 23:01:39.866 26392  5788 D SecTileUtils: setMetaData key : Pair{com.google.android.gms com.google.android.personalsafety.settings.BleTagPlatformSettingsActivity} , categoryKey com.android.settings.category.ia.emergency
01-19 23:01:39.866 26392  5788 D SecTileUtils: setMetaData key : Pair{com.google.android.gms com.google.android.gms.safebrowsing.settings.SafeBrowsingSettingsActivityAdvancedSettings} , categoryKey com.google.android.settings.category.ia.advanced_security
01-19 23:01:39.866 26392  5788 D SecTileUtils: setMetaData key : Pair{com.google.android.gms com.google.android.gms.safebrowsing.settings.SafeBrowsingSettingsActivityAdvancedSecurity} , categoryKey com.android.settings.category.ia.legacy_advanced_security
01-19 23:01:39.866 26392  5788 D SecTileUtils: setMetaData key : Pair{com.google.android.gms com.google.android.gms.safebrowsing.settings.SafeBrowsingSettingsActivityAdvancedSecuritySafetyCenter} , categoryKey com.android.settings.category.ia.advanced_security
01-19 23:01:39.866 26392  5788 D SecTileUtils: setMetaData key : Pair{com.google.android.gms com.google.android.gms.thunderbird.settings.ThunderbirdSettingInjectorPlatformService} , categoryKey com.android.settings.category.ia.emergency
01-19 23:01:39.866 26392  5788 D SecTileUtils: setMetaData key : Pair{com.google.android.gms com.google.android.gms.usagereporting.settings.UsageReportingActivity} , categoryKey com.android.settings.category.ia.privacy
01-19 23:01:39.866 26392  5788 D SecTileUtils: setMetaData key : Pair{com.google.android.healthconnect.controller com.android.healthconnect.controller.LegacySettingsEntryPoint} , categoryKey com.android.settings.category.ia.privacy
01-19 23:01:39.866 26392  5788 D SecTileUtils: setMetaData key : Pair{com.google.android.projection.gearhead com.google.android.projection.gearhead.companion.settings.DefaultSettingsActivity} , categoryKey com.android.settings.category.ia.device
01-19 23:01:39.866 26392  5788 D SecTileUtils: setMetaData key : Pair{com.google.android.providers.media.module com.android.providers.media.photopicker.PhotoPickerSettingsActivity} , categoryKey com.android.settings.category.ia.apps
01-19 23:01:39.866 26392  5788 D SecTileUtils: setMetaData key : Pair{com.samsung.android.app.smartcapture com.samsung.android.app.settings.SettingsActivity} , categoryKey com.samsung.android.settings.category.ia.usefulfeatures
01-19 23:01:39.866 26392  5788 D SecTileUtils: setMetaData key : Pair{com.samsung.android.aremoji com.samsung.android.aremoji.home.HomeMain} , categoryKey com.samsung.android.settings.category.ia.usefulfeatures
01-19 23:01:39.866  1754  1754 I SurfaceFlinger: [LayerHierarchy{RequestedLayerState{cb92797 NavigationBar0#91 parentId=1834} 1 children}] reparent to LayerHierarchy{RequestedLayerState{Surface(name=cb92797 NavigationBar0)/@0x9eaac77 - animation-leash of insets_animation#1834 parentId=90} 1 children}
01-19 23:01:39.866 26392  5788 D SecTileUtils: setMetaData key : Pair{com.samsung.android.fmm com.samsung.android.fmm.settings.FmmSettingsActivity} , categoryKey not_available
01-19 23:01:39.866  1754  1754 I SurfaceFlinger: [LayerHierarchy{RequestedLayerState{aeb94d6 StatusBar#95 parentId=1835} 1 children}] reparent to LayerHierarchy{RequestedLayerState{Surface(name=aeb94d6 StatusBar)/@0x6b27c02 - animation-leash of insets_animation#1835 parentId=94} 1 children}
01-19 23:01:39.866 26392  5788 D SecTileUtils: setMetaData key : Pair{com.samsung.android.inputshare com.samsung.android.inputshare.settings.MultiControlActivity} , categoryKey com.samsung.android.settings.category.ia.multidevices
01-19 23:01:39.866  1754  1754 I SurfaceFlinger: [LayerHierarchy{RequestedLayerState{Surface(name=aeb94d6 StatusBar)/@0x6b27c02 - animation-leash of insets_animation#1823} no children}] reparent to OffscreenRoot
01-19 23:01:39.866  1754  1754 I SurfaceFlinger: [LayerHierarchy{RequestedLayerState{Surface(name=aeb94d6 StatusBar)/@0x6b27c02 - animation-leash of insets_animation#1823} no children}] RelativeParent to null
01-19 23:01:39.866 26392  5788 D SecTileUtils: setMetaData key : Pair{com.samsung.android.kmxservice com.samsung.android.kmxservice.dashboard.view.SecurityStatusActivity} , categoryKey com.android.settings.category.ia.security
01-19 23:01:39.866  1754  1754 I SurfaceFlinger: [LayerHierarchy{RequestedLayerState{Surface(name=cb92797 NavigationBar0)/@0x9eaac77 - animation-leash of insets_animation#1822} no children}] reparent to OffscreenRoot
01-19 23:01:39.866  1754  1754 I SurfaceFlinger: [LayerHierarchy{RequestedLayerState{Surface(name=cb92797 NavigationBar0)/@0x9eaac77 - animation-leash of insets_animation#1822} no children}] RelativeParent to null
01-19 23:01:39.866 26392  5788 D SecTileUtils: setMetaData key : Pair{com.samsung.android.mdecservice com.samsung.android.cmcsettings.view.CMCMainActivity} , categoryKey com.samsung.android.settings.category.ia.multidevices
01-19 23:01:39.866 26392  5788 D SecTileUtils: setMetaData key : Pair{com.samsung.android.mdx com.samsung.android.mdx.windowslink.tileservice.SeYourPhoneBridgeActivity} , categoryKey com.samsung.android.settings.category.ia.multidevices
01-19 23:01:39.866 26392  5788 D SecTileUtils: setMetaData key : Pair{com.samsung.android.samsungpass com.samsung.android.samsungpass.launcher.EntryActivity} , categoryKey com.android.settings.category.ia.advanced_security
01-19 23:01:39.866 26392  5788 D SecTileUtils: setMetaData key : Pair{com.samsung.android.settingshelper com.samsung.android.settingshelper.uiview.activity.SHSettingsAboutDeviceActivity} , categoryKey com.android.settings.category.ia.my_device_info
01-19 23:01:39.866 26392  5788 D SecTileUtils: setMetaData key : Pair{com.samsung.android.vtcamerasettings com.samsung.android.vtcamerasettings.AliasActivityBottom} , categoryKey com.samsung.android.settings.category.ia.usefulfeatures
01-19 23:01:39.866 26392  5788 D SecTileUtils: setMetaData key : Pair{com.samsung.android.vtcamerasettings com.samsung.android.vtcamerasettings.AliasActivityTop} , categoryKey com.samsung.android.settings.category.ia.usefulfeatures
01-19 23:01:39.866 26392  5788 D SecTileUtils: setMetaData key : Pair{com.samsung.gpuwatchapp com.samsung.gpuwatchapp.ui.ActivityMain} , categoryKey com.android.settings.category.ia.development
01-19 23:01:39.866 26392  5788 I SecTileUtils: Found com.android.settings.backup.UserBackupSettingsActivity for intent Intent { act=com.android.settings.action.IA_SETTINGS } metadata Bundle[{com.android.settings.order=-60, com.android.settings.category=com.android.settings.category.ia.system, com.android.settings.icon=2131232241}]
01-19 23:01:39.866 26392  5788 D SecTileUtils: setMetaData key : Pair{com.android.settings com.android.settings.backup.UserBackupSettingsActivity} , categoryKey com.android.settings.category.ia.system
01-19 23:01:39.866 26392  5788 D SecTileUtils: setMetaData key : Pair{com.android.traceur com.android.traceur.MainActivity} , categoryKey com.android.settings.category.ia.development
01-19 23:01:39.866 26392  5788 D SecTileUtils: setMetaData key : Pair{com.google.android.gms com.google.android.gms.adsidentity.settings.AdsIdentitySettingsActivity} , categoryKey com.android.settings.category.ia.privacy_controls
01-19 23:01:39.866 26392  5788 D SecTileUtils: setMetaData key : Pair{com.google.android.googlequicksearchbox com.google.android.apps.search.assistant.surfaces.settings.root.SettingsActivityForAppsSettings} , categoryKey com.android.settings.category.ia.apps
01-19 23:01:39.866 26392  5788 W SecTileUtils: Found com.samsung.accessory.hearablemgr.WelcomeActivity for intent Intent { act=com.android.settings.action.IA_SETTINGS } missing metadata 
01-19 23:01:39.866 26392  5788 D SecTileUtils: setMetaData key : Pair{com.samsung.android.bixby.agent com.samsung.android.bixby.settings.dynamicmenu.EntryActivity} , categoryKey com.samsung.android.settings.category.ia.usefulfeatures
01-19 23:01:39.866 26392  5788 D SecTileUtils: setMetaData key : Pair{com.samsung.android.game.gametools com.samsung.android.game.gametools.setting.ui.SettingGameBoosterMainActivity} , categoryKey com.samsung.android.settings.category.ia.usefulfeatures
01-19 23:01:39.866 26392  5788 D SecTileUtils: setMetaData key : Pair{com.samsung.android.hwresourceshare com.samsung.android.hwresourceshare.setting.SettingActivity} , categoryKey com.samsung.android.settings.category.ia.multidevices
01-19 23:01:39.866 26392  5788 D SecTileUtils: setMetaData key : Pair{com.samsung.android.hwresourceshare.storage com.samsung.android.hwresourceshare.storage.setting.SettingActivity} , categoryKey com.samsung.android.settings.category.ia.multidevices
01-19 23:01:39.866 26392  5788 D SecTileUtils: setMetaData key : Pair{com.samsung.android.rampart com.samsung.android.rampart.ui.PhoneMainSettingAliasActivity} , categoryKey com.android.settings.category.ia.security
01-19 23:01:39.866 26392  5788 D SecTileUtils: setMetaData key : Pair{com.samsung.android.smartmirroring com.samsung.android.smartmirroring.CastingActivity} , categoryKey com.samsung.android.settings.category.ia.multidevices
01-19 23:01:39.866 26392  5788 D SecTileUtils: setMetaData key : Pair{com.samsung.android.smartsuggestions com.samsung.android.smartsuggestions.settings.SmartSuggestionsSettingActivity} , categoryKey com.android.settings.category.ia.privacy
01-19 23:01:39.866 26392  5788 D SecTileUtils: setMetaData key : Pair{com.sec.android.mimage.photoretouching com.sec.android.mimage.photoretouching.SettingsActivity} , categoryKey com.samsung.android.settings.category.ia.intelligenceservice
01-19 23:01:39.866 26392  5788 D SecTileUtils: setMetaData key : Pair{com.samsung.android.app.watchmanager com.samsung.android.app.watchmanager.setupwizard.SetupWizardWelcomeActivity} , categoryKey com.samsung.android.settings.category.ia.multidevices
01-19 23:01:39.866 26392  5788 D SecTileUtils: setMetaData key : Pair{com.google.android.gms com.google.android.gms.accountsettings.mg.ui.main.MainActivity} , categoryKey com.android.settings.category.ia.account_detail
01-19 23:01:39.866 26392 26420 W qdgralloc: getInterlacedFlag: getMetaData returned 3, defaulting to interlaced_flag = 0
01-19 23:01:39.866 26392  5788 I SecTileUtils: loadTilesForAction com.samsung.android.settings.action.INTELLIGENT_FEATURES_SETTINGS
01-19 23:01:39.867 26392  5788 W SecTileUtils: Found com.samsung.android.settings.usefulfeature.intelligentfeatures.IntelligentFeaturesActivity for intent Intent { act=com.samsung.android.settings.action.INTELLIGENT_FEATURES_SETTINGS } missing metadata 
01-19 23:01:39.867 26392  5788 D SecTileUtils: setMetaData key : Pair{com.sec.android.app.vepreload com.sec.android.app.vepreload.singleedit.activity.AutoTrimSettingActivity} , categoryKey com.samsung.android.settings.category.ia.intelligentfeatures
01-19 23:01:39.867 26392  5788 D SecTileUtils: setMetaData key : Pair{com.sec.android.gallery3d com.samsung.android.gallery.settings.activity.EditSuggestionsActivity} , categoryKey com.samsung.android.settings.category.ia.intelligentfeatures
01-19 23:01:39.867 26392  5788 D SecTileUtils: setMetaData key : Pair{com.sec.android.mimage.photoretouching com.sec.android.mimage.photoretouching.BestFaceSettingsActivity} , categoryKey com.samsung.android.settings.category.ia.intelligentfeatures
01-19 23:01:39.867 26392  5788 D SecTileUtils: setMetaData key : Pair{com.sec.android.mimage.photoretouching com.sec.android.mimage.photoretouching.AIRemoverSettingsActivity} , categoryKey com.samsung.android.settings.category.ia.intelligentfeatures
01-19 23:01:39.867 26392  5788 D SecTileUtils: setMetaData key : Pair{com.sec.android.app.sbrowser com.sec.android.app.sbrowser.settings.SettingsActivityIntelligentFeatures} , categoryKey com.samsung.android.settings.category.ia.intelligentfeatures
01-19 23:01:39.867 26392  5788 I SecTileUtils: loadTilesForAction com.samsung.android.settings.action.INTELLIGENCE_SERVICE_SETTINGS
01-19 23:01:39.867  4441  6591 I VRI[RecentsActivity]@f1ef227: mWNT: t=0xb400007113636610 mBlastBufferQueue=0xb400006f43721450 fn= 45 HdrRenderState mRenderHdrSdrRatio=1.0 caller= com.android.systemui.shared.launcher.ViewRootImplCompat.mergeWithNextTransaction:4 com.honeyspace.transition.utils.SurfaceTransactionApplier.scheduleApply$lambda$1:16 com.honeyspace.transition.utils.SurfaceTransactionApplier.b:0 
01-19 23:01:39.868  2600  4084 I ProcessStatsService: Added stats: 2026-01-19-21-12-51, over +51m5s450ms
01-19 23:01:39.868  2600  4445 W ParceledListSlice: Element #10 is 37020 bytes.
01-19 23:01:39.869  1754  1856 I SurfaceFlinger: id=1822 Removed Surface(name=cb92797 NavigationBar0)/@0x9eaac77 - animation-leash of insets_animation#1822 (158)
01-19 23:01:39.869  1754  1856 I SurfaceFlinger: id=1823 Removed Surface(name=aeb94d6 StatusBar)/@0x6b27c02 - animation-leash of insets_animation#1823 (158)
01-19 23:01:39.869 26392  5788 W SecTileUtils: Found com.samsung.android.settings.usefulfeature.intelligenceservice.IntelligenceServiceActivity for intent Intent { act=com.samsung.android.settings.action.INTELLIGENCE_SERVICE_SETTINGS } missing metadata 
01-19 23:01:39.869 26392  5788 D SecTileUtils: setMetaData key : Pair{com.samsung.android.app.interpreter com.samsung.android.app.interpreter.interpretation.ui.view.EntryFromGlobalSettingsActivity} , categoryKey com.samsung.android.settings.category.ia.intelligenceservice
01-19 23:01:39.869 26392  5788 D SecTileUtils: setMetaData key : Pair{com.sec.android.app.sbrowser com.sec.android.app.sbrowser.settings.SettingsActivity} , categoryKey com.samsung.android.settings.category.ia.intelligenceservice
01-19 23:01:39.869 26392  5788 I Settings: com.sec.android.app.shealth is not signed with platform key.
01-19 23:01:39.869 26392  5788 D SecTileUtils: setMetaData key : Pair{com.sec.android.app.shealth com.samsung.android.app.shealth.home.settings.advanced.generativeinsight.HealthAssistSettingsActivity} , categoryKey com.samsung.android.settings.category.ia.intelligenceservice
01-19 23:01:39.869 26392  5788 D SecTileUtils: setMetaData key : Pair{com.samsung.android.app.dressroom com.samsung.android.app.dressroom.presentation.landing.AdvancedIntelligenceActivity} , categoryKey com.samsung.android.settings.category.ia.intelligenceservice
01-19 23:01:39.869 26392  5788 D SecTileUtils: setMetaData key : Pair{com.samsung.android.app.sketchbook com.samsung.android.app.sketchbook.settings.AiDrawingSettingsActivity} , categoryKey com.samsung.android.settings.category.ia.intelligenceservice
01-19 23:01:39.869 26392  5788 D SecTileUtils: setMetaData key : Pair{com.samsung.android.app.smartcapture com.samsung.android.aidrawing.settings.AiDrawingSettingsActivity} , categoryKey com.samsung.android.settings.category.ia.intelligenceservice
01-19 23:01:39.869 26392  5788 W SecTileUtils: Found com.samsung.android.app.smartcapture.screenshot.CaptureTextExtractionActivity for intent Intent { act=com.samsung.android.settings.action.INTELLIGENCE_SERVICE_SETTINGS } missing metadata com.android.settings.category
01-19 23:01:39.869 26392  5788 D SecTileUtils: setMetaData key : Pair{com.samsung.android.app.telephonyui com.samsung.android.app.telephonyui.callsettings.ui.preference.CallSettingsActivity} , categoryKey com.samsung.android.settings.category.ia.intelligenceservice
01-19 23:01:39.869 26392  5788 D SecTileUtils: setMetaData key : Pair{com.samsung.android.honeyboard com.samsung.android.honeyboard.settings.aiwriter.WritingAssistSettings} , categoryKey com.samsung.android.settings.category.ia.intelligenceservice
01-19 23:01:39.869 26392  5788 D SecTileUtils: setMetaData key : Pair{com.samsung.android.smartsuggestions com.samsung.android.smartsuggestions.briefsettings.BriefMainSettingsActivity} , categoryKey com.samsung.android.settings.category.ia.intelligenceservice
01-19 23:01:39.869 26392  5788 W SecTileUtils: Found com.samsung.android.video.player.activity.MoviePlayer for intent Intent { act=com.samsung.android.settings.action.INTELLIGENCE_SERVICE_SETTINGS } missing metadata com.android.settings.category
01-19 23:01:39.869 26392  5788 D SecTileUtils: setMetaData key : Pair{com.sec.android.app.vepreload com.sec.android.app.vepreload.singleedit.activity.AutoTrimSettingActivity} , categoryKey com.samsung.android.settings.category.ia.intelligentfeatures
01-19 23:01:39.869 26392  5788 D SecTileUtils: setMetaData key : Pair{com.sec.android.app.vepreload com.sec.android.app.vepreload.singleedit.activity.AudioEraserSettingActivity} , categoryKey com.samsung.android.settings.category.ia.intelligenceservice
01-19 23:01:39.869 26392  5788 D SecTileUtils: setMetaData key : Pair{com.sec.android.mimage.photoretouching com.sec.android.mimage.photoretouching.SettingsActivity} , categoryKey com.samsung.android.settings.category.ia.intelligenceservice
01-19 23:01:39.869 26392  5788 D SecTileUtils: setMetaData key : Pair{com.samsung.android.app.notes com.samsung.android.support.senl.nt.app.settings.SettingsMainActivity} , categoryKey com.samsung.android.settings.category.ia.intelligenceservice
01-19 23:01:39.869 26392  5788 D SecTileUtils: setMetaData key : Pair{com.sec.android.app.voicenote com.sec.android.app.voicenote.activity.TranscriptionAssistActivity} , categoryKey com.samsung.android.settings.category.ia.intelligenceservice
01-19 23:01:39.869  1754  2402 D SurfaceFlinger: [input] setFocusedWindow: bed00a7 com.android.settings/com.android.settings.SubSettings
01-19 23:01:39.869  2600  6319 D InputDispatcher: Once focus requested (0): bed00a7 com.android.settings/com.android.settings.SubSettings
01-19 23:01:39.869  2600  6319 D InputDispatcher: Focus request (0): bed00a7 com.android.settings/com.android.settings.SubSettings but waiting because NO_WINDOW
01-19 23:01:39.870 26392  5788 D SecTileUtils: new DashBoardCategory key : com.android.settings.category.ia.homepage
01-19 23:01:39.870 26392  5788 I SecTileUtils: tileID : bluetooth_settings , tile.support KNOXCUSTOM_KIOSK
01-19 23:01:39.870 26392  5788 D SecTileUtils: no condition about tile.support, skip addTile tileID : bluetooth_settings
01-19 23:01:39.870 26392  5788 D SecTileUtils: new DashBoardCategory key : com.android.settings.category.ia.safety_emergency
01-19 23:01:39.870 26392  5788 D SecTileUtils: category.addTile com.samsung.android.emergency.settings.ui.EmergencySettingsActivity , tileID : null
01-19 23:01:39.870 26392  5788 D SecTileUtils: category.addTile com.sec.android.app.safetyassurance.settings.EmergencySharingActivity , tileID : null
01-19 23:01:39.870 26392  5788 I SecTileUtils: tileID : mobile_networks , tile.support VZW,UPSM,KIOSKCONTAINER
01-19 23:01:39.870 26392  5788 D SecTileUtils: no condition about tile.support, skip addTile tileID : mobile_networks
01-19 23:01:39.870 26392  5788 I SecTileUtils: tileID : wallpapers_themes_settings , tile.support Common,SkipMinimalBatteryUse,SkipDexMode
01-19 23:01:39.870 26392  5788 D SecTileUtils: [GLOBAL, Common, SalesCode] category.addTile com.samsung.android.themestore.activity.LauncherfromSetting , tileID : wallpapers_themes_settings
01-19 23:01:39.870 26392  5788 D SecTileUtils: new DashBoardCategory key : com.android.settings.category.ia.system
01-19 23:01:39.870 26392  5788 I SecTileUtils: tileID : edge_screen_settings , tile.support VZW
01-19 23:01:39.870 26392  5788 D SecTileUtils: no condition about tile.support, skip addTile tileID : edge_screen_settings
01-19 23:01:39.870 26392  5788 D SecTileUtils: new DashBoardCategory key : com.samsung.android.settings.category.ia.intelligenceservice
01-19 23:01:39.870 26392  5788 D SecTileUtils: category.addTile com.samsung.android.app.interpreter.interpretation.ui.view.EntryFromGlobalSettingsActivity , tileID : null
01-19 23:01:39.870 26392  5788 D SecTileUtils: new DashBoardCategory key : com.samsung.android.settings.category.ia.usefulfeatures
01-19 23:01:39.870 26392  5788 D SecTileUtils: category.addTile com.samsung.android.vtcamerasettings.settings.SettingsActivity , tileID : 
01-19 23:01:39.870 26392  5788 D SecTileUtils: category.addTile com.samsung.android.app.shealth.home.settings.advanced.generativeinsight.HealthAssistSettingsActivity , tileID : null
01-19 23:01:39.870 26392  5788 D SecTileUtils: category.addTile com.samsung.android.app.dressroom.presentation.landing.AdvancedIntelligenceActivity , tileID : null
01-19 23:01:39.870 26392  5788 D SecTileUtils: category.addTile com.samsung.android.app.sketchbook.settings.AiDrawingSettingsActivity , tileID : null
01-19 23:01:39.870 26392  5788 D SecTileUtils: category.addTile com.samsung.android.aidrawing.settings.AiDrawingSettingsActivity , tileID : null
01-19 23:01:39.870 26392  5788 D SecTileUtils: category.addTile com.samsung.android.app.telephonyui.callsettings.ui.preference.CallSettingsActivity , tileID : null
01-19 23:01:39.870 26392  5788 D SecTileUtils: category.addTile com.samsung.android.honeyboard.settings.aiwriter.WritingAssistSettings , tileID : null
01-19 23:01:39.870 26392  5788 D SecTileUtils: category.addTile com.samsung.android.smartsuggestions.briefsettings.BriefMainSettingsActivity , tileID : null
01-19 23:01:39.870 26392  5788 D SecTileUtils: new DashBoardCategory key : com.samsung.android.settings.category.ia.intelligentfeatures
01-19 23:01:39.870 26392  5788 D SecTileUtils: category.addTile com.sec.android.app.vepreload.singleedit.activity.AutoTrimSettingActivity , tileID : null
01-19 23:01:39.870 26392  5788 D SecTileUtils: category.addTile com.sec.android.app.vepreload.singleedit.activity.AudioEraserSettingActivity , tileID : null
01-19 23:01:39.870 26392  5788 D SecTileUtils: category.addTile com.samsung.android.gallery.settings.activity.EditSuggestionsActivity , tileID : null
01-19 23:01:39.870 26392  5788 D SecTileUtils: category.addTile com.sec.android.mimage.photoretouching.SettingsActivity , tileID : null
01-19 23:01:39.870 26392  5788 D SecTileUtils: category.addTile com.sec.android.mimage.photoretouching.BestFaceSettingsActivity , tileID : null
01-19 23:01:39.870 26392  5788 D SecTileUtils: category.addTile com.sec.android.mimage.photoretouching.AIRemoverSettingsActivity , tileID : null
01-19 23:01:39.870 26392  5788 D SecTileUtils: new DashBoardCategory key : com.samsung.android.settings.category.ia.connections_settings
